Apache Maven 3.9.12 (848fbb4bf2d427b72bdb2471c22fced7ebd9a7a1)
Maven home: C:\Users\emrek\.m2\wrapper\dists\apache-maven-3.9.12\59fe215c0ad6947fea90184bf7add084544567b927287592651fda3782e0e798
Java version: 21.0.9, vendor: Eclipse Adoptium, runtime: C:\Program Files\Eclipse Adoptium\jdk-21.0.9.10-hotspot
Default locale: tr_TR, platform encoding: UTF-8
OS name: "windows 11", version: "10.0", arch: "amd64", family: "windows"
[DEBUG] Created new class realm maven.api
[DEBUG] Importing foreign packages into class realm maven.api
[DEBUG]   Imported: javax.annotation.* < plexus.core
[DEBUG]   Imported: javax.annotation.security.* < plexus.core
[DEBUG]   Imported: javax.inject.* < plexus.core
[DEBUG]   Imported: org.apache.maven.* < plexus.core
[DEBUG]   Imported: org.apache.maven.artifact < plexus.core
[DEBUG]   Imported: org.apache.maven.classrealm < plexus.core
[DEBUG]   Imported: org.apache.maven.cli < plexus.core
[DEBUG]   Imported: org.apache.maven.configuration < plexus.core
[DEBUG]   Imported: org.apache.maven.exception < plexus.core
[DEBUG]   Imported: org.apache.maven.execution < plexus.core
[DEBUG]   Imported: org.apache.maven.execution.scope < plexus.core
[DEBUG]   Imported: org.apache.maven.graph < plexus.core
[DEBUG]   Imported: org.apache.maven.lifecycle < plexus.core
[DEBUG]   Imported: org.apache.maven.model < plexus.core
[DEBUG]   Imported: org.apache.maven.monitor < plexus.core
[DEBUG]   Imported: org.apache.maven.plugin < plexus.core
[DEBUG]   Imported: org.apache.maven.profiles < plexus.core
[DEBUG]   Imported: org.apache.maven.project < plexus.core
[DEBUG]   Imported: org.apache.maven.reporting < plexus.core
[DEBUG]   Imported: org.apache.maven.repository < plexus.core
[DEBUG]   Imported: org.apache.maven.rtinfo < plexus.core
[DEBUG]   Imported: org.apache.maven.settings < plexus.core
[DEBUG]   Imported: org.apache.maven.toolchain < plexus.core
[DEBUG]   Imported: org.apache.maven.usability < plexus.core
[DEBUG]   Imported: org.apache.maven.wagon.* < plexus.core
[DEBUG]   Imported: org.apache.maven.wagon.authentication < plexus.core
[DEBUG]   Imported: org.apache.maven.wagon.authorization < plexus.core
[DEBUG]   Imported: org.apache.maven.wagon.events < plexus.core
[DEBUG]   Imported: org.apache.maven.wagon.observers < plexus.core
[DEBUG]   Imported: org.apache.maven.wagon.proxy < plexus.core
[DEBUG]   Imported: org.apache.maven.wagon.repository < plexus.core
[DEBUG]   Imported: org.apache.maven.wagon.resource < plexus.core
[DEBUG]   Imported: org.codehaus.classworlds < plexus.core
[DEBUG]   Imported: org.codehaus.plexus.* < plexus.core
[DEBUG]   Imported: org.codehaus.plexus.classworlds < plexus.core
[DEBUG]   Imported: org.codehaus.plexus.component < plexus.core
[DEBUG]   Imported: org.codehaus.plexus.configuration < plexus.core
[DEBUG]   Imported: org.codehaus.plexus.container < plexus.core
[DEBUG]   Imported: org.codehaus.plexus.context < plexus.core
[DEBUG]   Imported: org.codehaus.plexus.lifecycle < plexus.core
[DEBUG]   Imported: org.codehaus.plexus.logging < plexus.core
[DEBUG]   Imported: org.codehaus.plexus.personality < plexus.core
[DEBUG]   Imported: org.codehaus.plexus.util.xml.Xpp3Dom < plexus.core
[DEBUG]   Imported: org.codehaus.plexus.util.xml.pull.XmlPullParser < plexus.core
[DEBUG]   Imported: org.codehaus.plexus.util.xml.pull.XmlPullParserException < plexus.core
[DEBUG]   Imported: org.codehaus.plexus.util.xml.pull.XmlSerializer < plexus.core
[DEBUG]   Imported: org.eclipse.aether.* < plexus.core
[DEBUG]   Imported: org.eclipse.aether.artifact < plexus.core
[DEBUG]   Imported: org.eclipse.aether.collection < plexus.core
[DEBUG]   Imported: org.eclipse.aether.deployment < plexus.core
[DEBUG]   Imported: org.eclipse.aether.graph < plexus.core
[DEBUG]   Imported: org.eclipse.aether.impl < plexus.core
[DEBUG]   Imported: org.eclipse.aether.installation < plexus.core
[DEBUG]   Imported: org.eclipse.aether.internal.impl < plexus.core
[DEBUG]   Imported: org.eclipse.aether.metadata < plexus.core
[DEBUG]   Imported: org.eclipse.aether.repository < plexus.core
[DEBUG]   Imported: org.eclipse.aether.resolution < plexus.core
[DEBUG]   Imported: org.eclipse.aether.spi < plexus.core
[DEBUG]   Imported: org.eclipse.aether.transfer < plexus.core
[DEBUG]   Imported: org.eclipse.aether.util < plexus.core
[DEBUG]   Imported: org.eclipse.aether.version < plexus.core
[DEBUG]   Imported: org.fusesource.jansi.* < plexus.core
[DEBUG]   Imported: org.slf4j.* < plexus.core
[DEBUG]   Imported: org.slf4j.event.* < plexus.core
[DEBUG]   Imported: org.slf4j.helpers.* < plexus.core
[DEBUG]   Imported: org.slf4j.spi.* < plexus.core
[DEBUG] Populating class realm maven.api
[DEBUG] Created adapter factory; available factories [file-lock, rwlock-local, semaphore-local, noop]; available name mappers [discriminating, file-gaecv, file-gav, file-hgaecv, file-hgav, file-static, gaecv, gav, static]
[INFO] Error stacktraces are turned on.
[DEBUG] Message scheme: color
[DEBUG] Message styles: debug info warning error success failure strong mojo project
[DEBUG] Reading global settings from C:\Users\emrek\.m2\wrapper\dists\apache-maven-3.9.12\59fe215c0ad6947fea90184bf7add084544567b927287592651fda3782e0e798\conf\settings.xml
[DEBUG] Reading user settings from C:\Users\emrek\.m2\settings.xml
[DEBUG] Reading global toolchains from C:\Users\emrek\.m2\wrapper\dists\apache-maven-3.9.12\59fe215c0ad6947fea90184bf7add084544567b927287592651fda3782e0e798\conf\toolchains.xml
[DEBUG] Reading user toolchains from C:\Users\emrek\.m2\toolchains.xml
[DEBUG] Using local repository at C:\Users\emrek\.m2\repository
[DEBUG] Using manager EnhancedLocalRepositoryManager with priority 10.0 for C:\Users\emrek\.m2\repository
[INFO] Scanning for projects...
[DEBUG] Creating adapter using nameMapper 'gaecv' and factory 'rwlock-local'
[DEBUG] Extension realms for project com.example:mybooks:jar:0.0.1-SNAPSHOT: (none)
[DEBUG] Looking up lifecycle mappings for packaging jar from ClassRealm[plexus.core, parent: null]
[DEBUG] Extension realms for project org.springframework.boot:spring-boot-starter-parent:pom:3.2.1: (none)
[DEBUG] Looking up lifecycle mappings for packaging pom from ClassRealm[plexus.core, parent: null]
[DEBUG] Extension realms for project org.springframework.boot:spring-boot-dependencies:pom:3.2.1: (none)
[DEBUG] Looking up lifecycle mappings for packaging pom from ClassRealm[plexus.core, parent: null]
[DEBUG] === REACTOR BUILD PLAN ================================================
[DEBUG] Project: com.example:mybooks:jar:0.0.1-SNAPSHOT
[DEBUG] Tasks:   [test]
[DEBUG] Style:   Regular
[DEBUG] =======================================================================
[INFO] 
[INFO] ------------------------< com.example:mybooks >-------------------------
[INFO] Building MyBooks 0.0.1-SNAPSHOT
[INFO]   from pom.xml
[INFO] --------------------------------[ jar ]---------------------------------
[DEBUG] Lifecycle clean -> [pre-clean, clean, post-clean]
[DEBUG] Lifecycle default -> [validate, initialize, generate-sources, process-sources, generate-resources, process-resources, compile, process-classes, generate-test-sources, process-test-sources, generate-test-resources, process-test-resources, test-compile, process-test-classes, test, prepare-package, package, pre-integration-test, integration-test, post-integration-test, verify, install, deploy]
[DEBUG] Lifecycle site -> [pre-site, site, post-site, site-deploy]
[DEBUG] Lifecycle clean -> [pre-clean, clean, post-clean]
[DEBUG] Lifecycle default -> [validate, initialize, generate-sources, process-sources, generate-resources, process-resources, compile, process-classes, generate-test-sources, process-test-sources, generate-test-resources, process-test-resources, test-compile, process-test-classes, test, prepare-package, package, pre-integration-test, integration-test, post-integration-test, verify, install, deploy]
[DEBUG] Lifecycle site -> [pre-site, site, post-site, site-deploy]
[DEBUG] Lifecycle clean -> [pre-clean, clean, post-clean]
[DEBUG] Lifecycle default -> [validate, initialize, generate-sources, process-sources, generate-resources, process-resources, compile, process-classes, generate-test-sources, process-test-sources, generate-test-resources, process-test-resources, test-compile, process-test-classes, test, prepare-package, package, pre-integration-test, integration-test, post-integration-test, verify, install, deploy]
[DEBUG] Lifecycle site -> [pre-site, site, post-site, site-deploy]
[DEBUG] Lifecycle clean -> [pre-clean, clean, post-clean]
[DEBUG] Lifecycle default -> [validate, initialize, generate-sources, process-sources, generate-resources, process-resources, compile, process-classes, generate-test-sources, process-test-sources, generate-test-resources, process-test-resources, test-compile, process-test-classes, test, prepare-package, package, pre-integration-test, integration-test, post-integration-test, verify, install, deploy]
[DEBUG] Lifecycle site -> [pre-site, site, post-site, site-deploy]
[DEBUG] Lifecycle clean -> [pre-clean, clean, post-clean]
[DEBUG] Lifecycle default -> [validate, initialize, generate-sources, process-sources, generate-resources, process-resources, compile, process-classes, generate-test-sources, process-test-sources, generate-test-resources, process-test-resources, test-compile, process-test-classes, test, prepare-package, package, pre-integration-test, integration-test, post-integration-test, verify, install, deploy]
[DEBUG] Lifecycle site -> [pre-site, site, post-site, site-deploy]
[DEBUG] Lifecycle clean -> [pre-clean, clean, post-clean]
[DEBUG] Lifecycle default -> [validate, initialize, generate-sources, process-sources, generate-resources, process-resources, compile, process-classes, generate-test-sources, process-test-sources, generate-test-resources, process-test-resources, test-compile, process-test-classes, test, prepare-package, package, pre-integration-test, integration-test, post-integration-test, verify, install, deploy]
[DEBUG] Lifecycle site -> [pre-site, site, post-site, site-deploy]
[DEBUG] === PROJECT BUILD PLAN ================================================
[DEBUG] Project:       com.example:mybooks:0.0.1-SNAPSHOT
[DEBUG] Dependencies (collect): []
[DEBUG] Dependencies (resolve): [compile, test]
[DEBUG] Repositories (dependencies): [central (https://repo.maven.apache.org/maven2, default, releases)]
[DEBUG] Repositories (plugins)     : [central (https://repo.maven.apache.org/maven2, default, releases)]
[DEBUG] -----------------------------------------------------------------------
[DEBUG] Goal:          org.apache.maven.plugins:maven-resources-plugin:3.3.1:resources (default-resources)
[DEBUG] Style:         Regular
[DEBUG] Configuration: <?xml version="1.0" encoding="UTF-8"?>
<configuration>
  <addDefaultExcludes default-value="true"/>
  <buildFilters default-value="${project.build.filters}"/>
  <delimiters>
    <delimiter>@</delimiter>
  </delimiters>
  <encoding default-value="${project.build.sourceEncoding}"/>
  <escapeWindowsPaths default-value="true"/>
  <fileNameFiltering default-value="false"/>
  <includeEmptyDirs default-value="false"/>
  <outputDirectory default-value="${project.build.outputDirectory}"/>
  <overwrite default-value="false"/>
  <project default-value="${project}"/>
  <propertiesEncoding>UTF-8</propertiesEncoding>
  <resources default-value="${project.resources}"/>
  <session default-value="${session}"/>
  <skip default-value="false">${maven.resources.skip}</skip>
  <supportMultiLineFiltering default-value="false"/>
  <useBuildFilters default-value="true"/>
  <useDefaultDelimiters default-value="true">false</useDefaultDelimiters>
</configuration>
[DEBUG] -----------------------------------------------------------------------
[DEBUG] Goal:          org.apache.maven.plugins:maven-compiler-plugin:3.11.0:compile (default-compile)
[DEBUG] Style:         Regular
[DEBUG] Configuration: <?xml version="1.0" encoding="UTF-8"?>
<configuration>
  <basedir default-value="${basedir}"/>
  <buildDirectory default-value="${project.build.directory}"/>
  <compilePath default-value="${project.compileClasspathElements}"/>
  <compileSourceRoots default-value="${project.compileSourceRoots}"/>
  <compilerId default-value="javac">${maven.compiler.compilerId}</compilerId>
  <compilerReuseStrategy default-value="${reuseCreated}">${maven.compiler.compilerReuseStrategy}</compilerReuseStrategy>
  <compilerVersion>${maven.compiler.compilerVersion}</compilerVersion>
  <createMissingPackageInfoClass default-value="true">${maven.compiler.createMissingPackageInfoClass}</createMissingPackageInfoClass>
  <debug default-value="true">${maven.compiler.debug}</debug>
  <debugFileName default-value="javac"/>
  <debuglevel>${maven.compiler.debuglevel}</debuglevel>
  <enablePreview default-value="false">${maven.compiler.enablePreview}</enablePreview>
  <encoding default-value="${project.build.sourceEncoding}">${encoding}</encoding>
  <executable>${maven.compiler.executable}</executable>
  <failOnError default-value="true">${maven.compiler.failOnError}</failOnError>
  <failOnWarning default-value="false">${maven.compiler.failOnWarning}</failOnWarning>
  <forceJavacCompilerUse default-value="false">${maven.compiler.forceJavacCompilerUse}</forceJavacCompilerUse>
  <fork default-value="false">${maven.compiler.fork}</fork>
  <generatedSourcesDirectory default-value="${project.build.directory}/generated-sources/annotations"/>
  <implicit>${maven.compiler.implicit}</implicit>
  <maxmem>${maven.compiler.maxmem}</maxmem>
  <meminitial>${maven.compiler.meminitial}</meminitial>
  <mojoExecution default-value="${mojoExecution}"/>
  <optimize default-value="false">${maven.compiler.optimize}</optimize>
  <outputDirectory default-value="${project.build.outputDirectory}"/>
  <parameters default-value="false">true</parameters>
  <project default-value="${project}"/>
  <projectArtifact default-value="${project.artifact}"/>
  <release>${maven.compiler.release}</release>
  <session default-value="${session}"/>
  <showCompilationChanges default-value="false">${maven.compiler.showCompilationChanges}</showCompilationChanges>
  <showDeprecation default-value="false">${maven.compiler.showDeprecation}</showDeprecation>
  <showWarnings default-value="true">${maven.compiler.showWarnings}</showWarnings>
  <skipMain>${maven.main.skip}</skipMain>
  <skipMultiThreadWarning default-value="false">${maven.compiler.skipMultiThreadWarning}</skipMultiThreadWarning>
  <source default-value="1.8">${maven.compiler.source}</source>
  <staleMillis default-value="0">${lastModGranularityMs}</staleMillis>
  <target default-value="1.8">${maven.compiler.target}</target>
  <useIncrementalCompilation default-value="true">${maven.compiler.useIncrementalCompilation}</useIncrementalCompilation>
  <verbose default-value="false">${maven.compiler.verbose}</verbose>
</configuration>
[DEBUG] -----------------------------------------------------------------------
[DEBUG] Goal:          org.apache.maven.plugins:maven-resources-plugin:3.3.1:testResources (default-testResources)
[DEBUG] Style:         Regular
[DEBUG] Configuration: <?xml version="1.0" encoding="UTF-8"?>
<configuration>
  <addDefaultExcludes default-value="true"/>
  <buildFilters default-value="${project.build.filters}"/>
  <delimiters>
    <delimiter>@</delimiter>
  </delimiters>
  <encoding default-value="${project.build.sourceEncoding}"/>
  <escapeWindowsPaths default-value="true"/>
  <fileNameFiltering default-value="false"/>
  <includeEmptyDirs default-value="false"/>
  <outputDirectory default-value="${project.build.testOutputDirectory}"/>
  <overwrite default-value="false"/>
  <project default-value="${project}"/>
  <propertiesEncoding>UTF-8</propertiesEncoding>
  <resources default-value="${project.testResources}"/>
  <session default-value="${session}"/>
  <skip default-value="false">${maven.test.skip}</skip>
  <supportMultiLineFiltering default-value="false"/>
  <useBuildFilters default-value="true"/>
  <useDefaultDelimiters default-value="true">false</useDefaultDelimiters>
</configuration>
[DEBUG] -----------------------------------------------------------------------
[DEBUG] Goal:          org.apache.maven.plugins:maven-compiler-plugin:3.11.0:testCompile (default-testCompile)
[DEBUG] Style:         Regular
[DEBUG] Configuration: <?xml version="1.0" encoding="UTF-8"?>
<configuration>
  <basedir default-value="${basedir}"/>
  <buildDirectory default-value="${project.build.directory}"/>
  <compileSourceRoots default-value="${project.testCompileSourceRoots}"/>
  <compilerId default-value="javac">${maven.compiler.compilerId}</compilerId>
  <compilerReuseStrategy default-value="${reuseCreated}">${maven.compiler.compilerReuseStrategy}</compilerReuseStrategy>
  <compilerVersion>${maven.compiler.compilerVersion}</compilerVersion>
  <createMissingPackageInfoClass default-value="true">${maven.compiler.createMissingPackageInfoClass}</createMissingPackageInfoClass>
  <debug default-value="true">${maven.compiler.debug}</debug>
  <debugFileName default-value="javac-test"/>
  <debuglevel>${maven.compiler.debuglevel}</debuglevel>
  <enablePreview default-value="false">${maven.compiler.enablePreview}</enablePreview>
  <encoding default-value="${project.build.sourceEncoding}">${encoding}</encoding>
  <executable>${maven.compiler.executable}</executable>
  <failOnError default-value="true">${maven.compiler.failOnError}</failOnError>
  <failOnWarning default-value="false">${maven.compiler.failOnWarning}</failOnWarning>
  <forceJavacCompilerUse default-value="false">${maven.compiler.forceJavacCompilerUse}</forceJavacCompilerUse>
  <fork default-value="false">${maven.compiler.fork}</fork>
  <generatedTestSourcesDirectory default-value="${project.build.directory}/generated-test-sources/test-annotations"/>
  <implicit>${maven.compiler.implicit}</implicit>
  <maxmem>${maven.compiler.maxmem}</maxmem>
  <meminitial>${maven.compiler.meminitial}</meminitial>
  <mojoExecution default-value="${mojoExecution}"/>
  <optimize default-value="false">${maven.compiler.optimize}</optimize>
  <outputDirectory default-value="${project.build.testOutputDirectory}"/>
  <parameters default-value="false">true</parameters>
  <project default-value="${project}"/>
  <release>${maven.compiler.release}</release>
  <session default-value="${session}"/>
  <showCompilationChanges default-value="false">${maven.compiler.showCompilationChanges}</showCompilationChanges>
  <showDeprecation default-value="false">${maven.compiler.showDeprecation}</showDeprecation>
  <showWarnings default-value="true">${maven.compiler.showWarnings}</showWarnings>
  <skip>${maven.test.skip}</skip>
  <skipMultiThreadWarning default-value="false">${maven.compiler.skipMultiThreadWarning}</skipMultiThreadWarning>
  <source default-value="1.8">${maven.compiler.source}</source>
  <staleMillis default-value="0">${lastModGranularityMs}</staleMillis>
  <target default-value="1.8">${maven.compiler.target}</target>
  <testPath default-value="${project.testClasspathElements}"/>
  <testRelease>${maven.compiler.testRelease}</testRelease>
  <testSource>${maven.compiler.testSource}</testSource>
  <testTarget>${maven.compiler.testTarget}</testTarget>
  <useIncrementalCompilation default-value="true">${maven.compiler.useIncrementalCompilation}</useIncrementalCompilation>
  <useModulePath default-value="true"/>
  <verbose default-value="false">${maven.compiler.verbose}</verbose>
</configuration>
[DEBUG] -----------------------------------------------------------------------
[DEBUG] Goal:          org.apache.maven.plugins:maven-surefire-plugin:3.1.2:test (default-test)
[DEBUG] Style:         Regular
[DEBUG] Configuration: <?xml version="1.0" encoding="UTF-8"?>
<configuration>
  <additionalClasspathElements>${maven.test.additionalClasspath}</additionalClasspathElements>
  <argLine>${argLine}</argLine>
  <basedir default-value="${basedir}"/>
  <childDelegation default-value="false">${childDelegation}</childDelegation>
  <classesDirectory default-value="${project.build.outputDirectory}"/>
  <classpathDependencyExcludes>${maven.test.dependency.excludes}</classpathDependencyExcludes>
  <debugForkedProcess>${maven.surefire.debug}</debugForkedProcess>
  <dependenciesToScan>${dependenciesToScan}</dependenciesToScan>
  <disableXmlReport default-value="false">${disableXmlReport}</disableXmlReport>
  <enableAssertions default-value="true">${enableAssertions}</enableAssertions>
  <enableProcessChecker>${surefire.enableProcessChecker}</enableProcessChecker>
  <encoding default-value="${project.reporting.outputEncoding}">${surefire.encoding}</encoding>
  <excludeJUnit5Engines>${surefire.excludeJUnit5Engines}</excludeJUnit5Engines>
  <excludedEnvironmentVariables>${surefire.excludedEnvironmentVariables}</excludedEnvironmentVariables>
  <excludedGroups>${excludedGroups}</excludedGroups>
  <excludes>${surefire.excludes}</excludes>
  <excludesFile>${surefire.excludesFile}</excludesFile>
  <failIfNoSpecifiedTests default-value="true">${surefire.failIfNoSpecifiedTests}</failIfNoSpecifiedTests>
  <failIfNoTests default-value="false">${failIfNoTests}</failIfNoTests>
  <failOnFlakeCount default-value="0">${surefire.failOnFlakeCount}</failOnFlakeCount>
  <forkCount default-value="1">${forkCount}</forkCount>
  <forkNode>${surefire.forkNode}</forkNode>
  <forkedProcessExitTimeoutInSeconds default-value="30">${surefire.exitTimeout}</forkedProcessExitTimeoutInSeconds>
  <forkedProcessTimeoutInSeconds>${surefire.timeout}</forkedProcessTimeoutInSeconds>
  <groups>${groups}</groups>
  <includeJUnit5Engines>${surefire.includeJUnit5Engines}</includeJUnit5Engines>
  <includes>${surefire.includes}</includes>
  <includesFile>${surefire.includesFile}</includesFile>
  <junitArtifactName default-value="junit:junit">${junitArtifactName}</junitArtifactName>
  <jvm>${jvm}</jvm>
  <objectFactory>${objectFactory}</objectFactory>
  <parallel>${parallel}</parallel>
  <parallelMavenExecution default-value="${session.parallel}"/>
  <parallelOptimized default-value="true">${parallelOptimized}</parallelOptimized>
  <parallelTestsTimeoutForcedInSeconds>${surefire.parallel.forcedTimeout}</parallelTestsTimeoutForcedInSeconds>
  <parallelTestsTimeoutInSeconds>${surefire.parallel.timeout}</parallelTestsTimeoutInSeconds>
  <perCoreThreadCount default-value="true">${perCoreThreadCount}</perCoreThreadCount>
  <pluginArtifactMap>${plugin.artifactMap}</pluginArtifactMap>
  <pluginDescriptor default-value="${plugin}"/>
  <printSummary default-value="true">${surefire.printSummary}</printSummary>
  <project default-value="${project}"/>
  <projectArtifactMap>${project.artifactMap}</projectArtifactMap>
  <projectBuildDirectory default-value="${project.build.directory}"/>
  <redirectTestOutputToFile default-value="false">${maven.test.redirectTestOutputToFile}</redirectTestOutputToFile>
  <reportFormat default-value="brief">${surefire.reportFormat}</reportFormat>
  <reportNameSuffix default-value="">${surefire.reportNameSuffix}</reportNameSuffix>
  <reportsDirectory default-value="${project.build.directory}/surefire-reports"/>
  <rerunFailingTestsCount default-value="0">${surefire.rerunFailingTestsCount}</rerunFailingTestsCount>
  <reuseForks default-value="true">${reuseForks}</reuseForks>
  <runOrder default-value="filesystem">${surefire.runOrder}</runOrder>
  <runOrderRandomSeed>${surefire.runOrder.random.seed}</runOrderRandomSeed>
  <session default-value="${session}"/>
  <shutdown default-value="exit">${surefire.shutdown}</shutdown>
  <skip default-value="false">${maven.test.skip}</skip>
  <skipAfterFailureCount default-value="0">${surefire.skipAfterFailureCount}</skipAfterFailureCount>
  <skipExec>${maven.test.skip.exec}</skipExec>
  <skipTests default-value="false">${skipTests}</skipTests>
  <suiteXmlFiles>${surefire.suiteXmlFiles}</suiteXmlFiles>
  <systemPropertiesFile>${surefire.systemPropertiesFile}</systemPropertiesFile>
  <tempDir default-value="surefire">${tempDir}</tempDir>
  <test>${test}</test>
  <testClassesDirectory default-value="${project.build.testOutputDirectory}"/>
  <testFailureIgnore default-value="false">${maven.test.failure.ignore}</testFailureIgnore>
  <testNGArtifactName default-value="org.testng:testng">${testNGArtifactName}</testNGArtifactName>
  <testSourceDirectory default-value="${project.build.testSourceDirectory}"/>
  <threadCount>${threadCount}</threadCount>
  <threadCountClasses default-value="0">${threadCountClasses}</threadCountClasses>
  <threadCountMethods default-value="0">${threadCountMethods}</threadCountMethods>
  <threadCountSuites default-value="0">${threadCountSuites}</threadCountSuites>
  <trimStackTrace default-value="false">${trimStackTrace}</trimStackTrace>
  <useFile default-value="true">${surefire.useFile}</useFile>
  <useManifestOnlyJar default-value="true">${surefire.useManifestOnlyJar}</useManifestOnlyJar>
  <useModulePath default-value="true">${surefire.useModulePath}</useModulePath>
  <useSystemClassLoader default-value="true">${surefire.useSystemClassLoader}</useSystemClassLoader>
  <useUnlimitedThreads default-value="false">${useUnlimitedThreads}</useUnlimitedThreads>
  <workingDirectory>${basedir}</workingDirectory>
</configuration>
[DEBUG] =======================================================================
[DEBUG] Using mirror maven-default-http-blocker (http://0.0.0.0/) for ow2-snapshot (http://repository.ow2.org/nexus/content/repositories/snapshots).
[DEBUG] Using mirror maven-default-http-blocker (http://0.0.0.0/) for vaadin-snapshots (http://oss.sonatype.org/content/repositories/vaadin-snapshots/).
[DEBUG] Using mirror maven-default-http-blocker (http://0.0.0.0/) for vaadin-releases (http://oss.sonatype.org/content/repositories/vaadin-releases/).
[DEBUG] Dependency collection stats {ConflictMarker.analyzeTime=3257300, ConflictMarker.markTime=323700, ConflictMarker.nodeCount=241, ConflictIdSorter.graphTime=2221600, ConflictIdSorter.topsortTime=1638500, ConflictIdSorter.conflictIdCount=106, ConflictIdSorter.conflictIdCycleCount=0, ConflictResolver.totalTime=27529000, ConflictResolver.conflictItemCount=222, DfDependencyCollector.collectTime=586252700, DfDependencyCollector.transformTime=41298800}
[DEBUG] com.example:mybooks:jar:0.0.1-SNAPSHOT
[DEBUG]    org.springframework.boot:spring-boot-starter-web:jar:3.2.1:compile
[DEBUG]       org.springframework.boot:spring-boot-starter:jar:3.2.1:compile (version managed from 3.2.1)
[DEBUG]          org.springframework.boot:spring-boot-starter-logging:jar:3.2.1:compile (version managed from 3.2.1)
[DEBUG]             ch.qos.logback:logback-classic:jar:1.4.14:compile (version managed from 1.4.14)
[DEBUG]                ch.qos.logback:logback-core:jar:1.4.14:compile (version managed from 1.4.14)
[DEBUG]             org.apache.logging.log4j:log4j-to-slf4j:jar:2.21.1:compile (version managed from 2.21.1)
[DEBUG]                org.apache.logging.log4j:log4j-api:jar:2.21.1:compile (version managed from 2.21.1)
[DEBUG]             org.slf4j:jul-to-slf4j:jar:2.0.9:compile (version managed from 2.0.9)
[DEBUG]          jakarta.annotation:jakarta.annotation-api:jar:2.1.1:compile (version managed from 2.1.1)
[DEBUG]          org.yaml:snakeyaml:jar:2.2:compile (version managed from 2.2)
[DEBUG]       org.springframework.boot:spring-boot-starter-json:jar:3.2.1:compile (version managed from 3.2.1)
[DEBUG]          com.fasterxml.jackson.datatype:jackson-datatype-jdk8:jar:2.15.3:compile (version managed from 2.15.3)
[DEBUG]          com.fasterxml.jackson.datatype:jackson-datatype-jsr310:jar:2.15.3:compile (version managed from 2.15.3)
[DEBUG]          com.fasterxml.jackson.module:jackson-module-parameter-names:jar:2.15.3:compile (version managed from 2.15.3)
[DEBUG]       org.springframework.boot:spring-boot-starter-tomcat:jar:3.2.1:compile (version managed from 3.2.1)
[DEBUG]          org.apache.tomcat.embed:tomcat-embed-core:jar:10.1.17:compile (version managed from 10.1.17)
[DEBUG]          org.apache.tomcat.embed:tomcat-embed-websocket:jar:10.1.17:compile (version managed from 10.1.17)
[DEBUG]       org.springframework:spring-web:jar:6.1.2:compile (version managed from 6.1.2)
[DEBUG]          org.springframework:spring-beans:jar:6.1.2:compile (version managed from 6.1.2)
[DEBUG]          io.micrometer:micrometer-observation:jar:1.12.1:compile (version managed from 1.12.1)
[DEBUG]             io.micrometer:micrometer-commons:jar:1.12.1:compile (version managed from 1.12.1)
[DEBUG]       org.springframework:spring-webmvc:jar:6.1.2:compile (version managed from 6.1.2)
[DEBUG]          org.springframework:spring-context:jar:6.1.2:compile (version managed from 6.1.2)
[DEBUG]          org.springframework:spring-expression:jar:6.1.2:compile (version managed from 6.1.2)
[DEBUG]    org.springframework.boot:spring-boot-devtools:jar:3.2.1:runtime (optional)
[DEBUG]       org.springframework.boot:spring-boot:jar:3.2.1:compile (version managed from 3.2.1)
[DEBUG]       org.springframework.boot:spring-boot-autoconfigure:jar:3.2.1:compile (version managed from 3.2.1)
[DEBUG]    org.springframework.boot:spring-boot-starter-data-jpa:jar:3.2.1:compile
[DEBUG]       org.springframework.boot:spring-boot-starter-aop:jar:3.2.1:compile (version managed from 3.2.1)
[DEBUG]          org.aspectj:aspectjweaver:jar:1.9.21:compile (version managed from 1.9.21)
[DEBUG]       org.springframework.boot:spring-boot-starter-jdbc:jar:3.2.1:compile (version managed from 3.2.1)
[DEBUG]          com.zaxxer:HikariCP:jar:5.0.1:compile (version managed from 5.0.1)
[DEBUG]          org.springframework:spring-jdbc:jar:6.1.2:compile (version managed from 6.1.2)
[DEBUG]       org.hibernate.orm:hibernate-core:jar:6.4.1.Final:compile (version managed from 6.4.1.Final)
[DEBUG]          jakarta.persistence:jakarta.persistence-api:jar:3.1.0:compile (version managed from 3.1.0)
[DEBUG]          jakarta.transaction:jakarta.transaction-api:jar:2.0.1:compile (version managed from 2.0.1)
[DEBUG]          org.hibernate.common:hibernate-commons-annotations:jar:6.0.6.Final:runtime
[DEBUG]          io.smallrye:jandex:jar:3.1.2:runtime
[DEBUG]          com.fasterxml:classmate:jar:1.6.0:compile (version managed from 1.5.1)
[DEBUG]          net.bytebuddy:byte-buddy:jar:1.14.10:runtime (version managed from 1.14.7)
[DEBUG]          org.glassfish.jaxb:jaxb-runtime:jar:4.0.4:runtime (version managed from 4.0.2)
[DEBUG]             org.glassfish.jaxb:jaxb-core:jar:4.0.4:runtime (version managed from 4.0.4)
[DEBUG]                org.eclipse.angus:angus-activation:jar:2.0.1:runtime (version managed from 2.0.1)
[DEBUG]                org.glassfish.jaxb:txw2:jar:4.0.4:runtime (version managed from 4.0.4)
[DEBUG]                com.sun.istack:istack-commons-runtime:jar:4.1.2:runtime (version managed from 4.1.2)
[DEBUG]          jakarta.inject:jakarta.inject-api:jar:2.0.1:runtime
[DEBUG]          org.antlr:antlr4-runtime:jar:4.13.0:compile
[DEBUG]       org.springframework.data:spring-data-jpa:jar:3.2.1:compile (version managed from 3.2.1)
[DEBUG]          org.springframework.data:spring-data-commons:jar:3.2.1:compile (version managed from 3.2.1)
[DEBUG]          org.springframework:spring-orm:jar:6.1.2:compile (version managed from 6.1.2)
[DEBUG]          org.springframework:spring-tx:jar:6.1.2:compile (version managed from 6.1.2)
[DEBUG]          org.slf4j:slf4j-api:jar:2.0.9:compile (version managed from 2.0.2)
[DEBUG]       org.springframework:spring-aspects:jar:6.1.2:compile (version managed from 6.1.2)
[DEBUG]    org.springframework.boot:spring-boot-starter-security:jar:3.2.1:compile
[DEBUG]       org.springframework:spring-aop:jar:6.1.2:compile (version managed from 6.1.2)
[DEBUG]       org.springframework.security:spring-security-config:jar:6.2.1:compile (version managed from 6.2.1)
[DEBUG]       org.springframework.security:spring-security-web:jar:6.2.1:compile (version managed from 6.2.1)
[DEBUG]    org.springframework.boot:spring-boot-starter-validation:jar:3.2.1:compile
[DEBUG]       org.apache.tomcat.embed:tomcat-embed-el:jar:10.1.17:compile (version managed from 10.1.17)
[DEBUG]       org.hibernate.validator:hibernate-validator:jar:8.0.1.Final:compile (version managed from 8.0.1.Final)
[DEBUG]          jakarta.validation:jakarta.validation-api:jar:3.0.2:compile (version managed from 3.0.2)
[DEBUG]    org.xerial:sqlite-jdbc:jar:3.47.1.0:compile
[DEBUG]    org.hibernate.orm:hibernate-community-dialects:jar:6.4.1.Final:compile
[DEBUG]       org.jboss.logging:jboss-logging:jar:3.5.3.Final:compile (version managed from 3.5.0.Final)
[DEBUG]    org.flywaydb:flyway-core:jar:9.22.3:compile
[DEBUG]       com.fasterxml.jackson.dataformat:jackson-dataformat-toml:jar:2.15.3:compile (version managed from 2.15.2)
[DEBUG]          com.fasterxml.jackson.core:jackson-core:jar:2.15.3:compile (version managed from 2.15.3)
[DEBUG]       com.google.code.gson:gson:jar:2.10.1:compile (version managed from 2.10.1)
[DEBUG]    io.jsonwebtoken:jjwt-api:jar:0.12.6:compile
[DEBUG]    io.jsonwebtoken:jjwt-impl:jar:0.12.6:runtime
[DEBUG]    io.jsonwebtoken:jjwt-jackson:jar:0.12.6:runtime
[DEBUG]       com.fasterxml.jackson.core:jackson-databind:jar:2.15.3:compile (version managed from 2.12.7.1)
[DEBUG]          com.fasterxml.jackson.core:jackson-annotations:jar:2.15.3:compile (version managed from 2.15.3)
[DEBUG]    org.springframework.boot:spring-boot-starter-test:jar:3.2.1:test
[DEBUG]       org.springframework.boot:spring-boot-test:jar:3.2.1:test (version managed from 3.2.1)
[DEBUG]       org.springframework.boot:spring-boot-test-autoconfigure:jar:3.2.1:test (version managed from 3.2.1)
[DEBUG]       com.jayway.jsonpath:json-path:jar:2.8.0:test (version managed from 2.8.0)
[DEBUG]       jakarta.xml.bind:jakarta.xml.bind-api:jar:4.0.1:runtime (version managed from 4.0.1)
[DEBUG]          jakarta.activation:jakarta.activation-api:jar:2.1.2:runtime (version managed from 2.1.2)
[DEBUG]       net.minidev:json-smart:jar:2.5.0:test (version managed from 2.5.0)
[DEBUG]          net.minidev:accessors-smart:jar:2.5.0:test
[DEBUG]             org.ow2.asm:asm:jar:9.3:test
[DEBUG]       org.assertj:assertj-core:jar:3.24.2:test (version managed from 3.24.2)
[DEBUG]       org.awaitility:awaitility:jar:4.2.0:test (version managed from 4.2.0)
[DEBUG]       org.hamcrest:hamcrest:jar:2.2:test (version managed from 2.2)
[DEBUG]       org.junit.jupiter:junit-jupiter:jar:5.10.1:test (version managed from 5.10.1)
[DEBUG]          org.junit.jupiter:junit-jupiter-api:jar:5.10.1:test (version managed from 5.10.1)
[DEBUG]             org.opentest4j:opentest4j:jar:1.3.0:test
[DEBUG]             org.junit.platform:junit-platform-commons:jar:1.10.1:test (version managed from 1.10.1)
[DEBUG]             org.apiguardian:apiguardian-api:jar:1.1.2:test
[DEBUG]          org.junit.jupiter:junit-jupiter-params:jar:5.10.1:test (version managed from 5.10.1)
[DEBUG]          org.junit.jupiter:junit-jupiter-engine:jar:5.10.1:test (version managed from 5.10.1)
[DEBUG]             org.junit.platform:junit-platform-engine:jar:1.10.1:test (version managed from 1.10.1)
[DEBUG]       org.mockito:mockito-core:jar:5.7.0:test (version managed from 5.7.0)
[DEBUG]          net.bytebuddy:byte-buddy-agent:jar:1.14.10:test (version managed from 1.14.9)
[DEBUG]          org.objenesis:objenesis:jar:3.3:test
[DEBUG]       org.mockito:mockito-junit-jupiter:jar:5.7.0:test (version managed from 5.7.0)
[DEBUG]       org.skyscreamer:jsonassert:jar:1.5.1:test (version managed from 1.5.1)
[DEBUG]          com.vaadin.external.google:android-json:jar:0.0.20131108.vaadin1:test
[DEBUG]       org.springframework:spring-core:jar:6.1.2:compile (version managed from 6.1.2)
[DEBUG]          org.springframework:spring-jcl:jar:6.1.2:compile (version managed from 6.1.2)
[DEBUG]       org.springframework:spring-test:jar:6.1.2:test (version managed from 6.1.2)
[DEBUG]       org.xmlunit:xmlunit-core:jar:2.9.1:test (version managed from 2.9.1)
[DEBUG]    org.springframework.security:spring-security-test:jar:6.2.1:test
[DEBUG]       org.springframework.security:spring-security-core:jar:6.2.1:compile (version managed from 6.2.1)
[DEBUG]          org.springframework.security:spring-security-crypto:jar:6.2.1:compile (version managed from 6.2.1)
[INFO] 
[INFO] --- resources:3.3.1:resources (default-resources) @ mybooks ---
[DEBUG] Dependency collection stats {ConflictMarker.analyzeTime=183600, ConflictMarker.markTime=54600, ConflictMarker.nodeCount=13, ConflictIdSorter.graphTime=15700, ConflictIdSorter.topsortTime=12500, ConflictIdSorter.conflictIdCount=9, ConflictIdSorter.conflictIdCycleCount=0, ConflictResolver.totalTime=668800, ConflictResolver.conflictItemCount=13, DfDependencyCollector.collectTime=59435900, DfDependencyCollector.transformTime=958700}
[DEBUG] org.apache.maven.plugins:maven-resources-plugin:jar:3.3.1
[DEBUG]    org.codehaus.plexus:plexus-interpolation:jar:1.26:runtime
[DEBUG]    org.codehaus.plexus:plexus-utils:jar:3.5.1:compile
[DEBUG]    org.apache.maven.shared:maven-filtering:jar:3.3.1:compile
[DEBUG]       javax.inject:javax.inject:jar:1:compile
[DEBUG]       org.slf4j:slf4j-api:jar:1.7.36:compile
[DEBUG]       org.sonatype.plexus:plexus-build-api:jar:0.0.7:compile
[DEBUG]    commons-io:commons-io:jar:2.11.0:compile
[DEBUG]    org.apache.commons:commons-lang3:jar:3.12.0:compile
[DEBUG] Created new class realm plugin>org.apache.maven.plugins:maven-resources-plugin:3.3.1
[DEBUG] Importing foreign packages into class realm plugin>org.apache.maven.plugins:maven-resources-plugin:3.3.1
[DEBUG]   Imported:  < maven.api
[DEBUG] Populating class realm plugin>org.apache.maven.plugins:maven-resources-plugin:3.3.1
[DEBUG]   Included: org.apache.maven.plugins:maven-resources-plugin:jar:3.3.1
[DEBUG]   Included: org.codehaus.plexus:plexus-interpolation:jar:1.26
[DEBUG]   Included: org.codehaus.plexus:plexus-utils:jar:3.5.1
[DEBUG]   Included: org.apache.maven.shared:maven-filtering:jar:3.3.1
[DEBUG]   Included: org.sonatype.plexus:plexus-build-api:jar:0.0.7
[DEBUG]   Included: commons-io:commons-io:jar:2.11.0
[DEBUG]   Included: org.apache.commons:commons-lang3:jar:3.12.0
[DEBUG] Loading mojo org.apache.maven.plugins:maven-resources-plugin:3.3.1:resources from plugin realm ClassRealm[plugin>org.apache.maven.plugins:maven-resources-plugin:3.3.1, parent: jdk.internal.loader.ClassLoaders$AppClassLoader@3d4eac69]
[DEBUG] Configuring mojo execution 'org.apache.maven.plugins:maven-resources-plugin:3.3.1:resources:default-resources' with basic configurator -->
[DEBUG]   (f) addDefaultExcludes = true
[DEBUG]   (f) buildFilters = []
[DEBUG]   (s) delimiters = [@]
[DEBUG]   (f) encoding = UTF-8
[DEBUG]   (f) escapeWindowsPaths = true
[DEBUG]   (f) fileNameFiltering = false
[DEBUG]   (s) includeEmptyDirs = false
[DEBUG]   (s) outputDirectory = C:\Users\emrek\IdeaProjects\MyBooks\target\classes
[DEBUG]   (s) overwrite = false
[DEBUG]   (f) project = MavenProject: com.example:mybooks:0.0.1-SNAPSHOT @ C:\Users\emrek\IdeaProjects\MyBooks\pom.xml
[DEBUG]   (f) propertiesEncoding = UTF-8
[DEBUG]   (s) resources = [Resource {targetPath: null, filtering: true, FileSet {directory: C:\Users\emrek\IdeaProjects\MyBooks\src\main\resources, PatternSet [includes: {**/application*.yml, **/application*.yaml, **/application*.properties}, excludes: {}]}}, Resource {targetPath: null, filtering: false, FileSet {directory: C:\Users\emrek\IdeaProjects\MyBooks\src\main\resources, PatternSet [includes: {}, excludes: {**/application*.yml, **/application*.yaml, **/application*.properties}]}}]
[DEBUG]   (f) session = org.apache.maven.execution.MavenSession@3fba233d
[DEBUG]   (f) skip = false
[DEBUG]   (f) supportMultiLineFiltering = false
[DEBUG]   (f) useBuildFilters = true
[DEBUG]   (s) useDefaultDelimiters = false
[DEBUG] -- end configuration --
[DEBUG] properties used:
[DEBUG] activemq.version: 5.18.3
[DEBUG] angus-mail.version: 2.0.2
[DEBUG] artemis.version: 2.31.2
[DEBUG] aspectj.version: 1.9.21
[DEBUG] assertj.version: 3.24.2
[DEBUG] awaitility.version: 4.2.0
[DEBUG] brave.version: 5.16.0
[DEBUG] build-helper-maven-plugin.version: 3.4.0
[DEBUG] byte-buddy.version: 1.14.10
[DEBUG] cache2k.version: 2.6.1.Final
[DEBUG] caffeine.version: 3.1.8
[DEBUG] cassandra-driver.version: 4.17.0
[DEBUG] classmate.version: 1.6.0
[DEBUG] classworlds.conf: C:\Users\emrek\.m2\wrapper\dists\apache-maven-3.9.12\59fe215c0ad6947fea90184bf7add084544567b927287592651fda3782e0e798\bin\m2.conf
[DEBUG] commons-codec.version: 1.16.0
[DEBUG] commons-dbcp2.version: 2.10.0
[DEBUG] commons-lang3.version: 3.13.0
[DEBUG] commons-pool.version: 1.6
[DEBUG] commons-pool2.version: 2.12.0
[DEBUG] couchbase-client.version: 3.4.11
[DEBUG] crac.version: 1.4.0
[DEBUG] db2-jdbc.version: 11.5.9.0
[DEBUG] dependency-management-plugin.version: 1.1.4
[DEBUG] derby.version: 10.16.1.1
[DEBUG] dropwizard-metrics.version: 4.2.23
[DEBUG] ehcache3.version: 3.10.8
[DEBUG] elasticsearch-client.version: 8.10.4
[DEBUG] env.=::: ::\
[DEBUG] env.=C:: C:\Users\emrek\IdeaProjects\MyBooks
[DEBUG] env.=EXITCODE: 00000000
[DEBUG] env.ALLUSERSPROFILE: C:\ProgramData
[DEBUG] env.APPDATA: C:\Users\emrek\AppData\Roaming
[DEBUG] env.CHOCOLATEYINSTALL: C:\ProgramData\chocolatey
[DEBUG] env.CHOCOLATEYLASTPATHUPDATE: 133927459809044367
[DEBUG] env.CLASSWORLDS_JAR: "C:\Users\emrek\.m2\wrapper\dists\apache-maven-3.9.12\59fe215c0ad6947fea90184bf7add084544567b927287592651fda3782e0e798\boot\plexus-classworlds-2.9.0.jar"
[DEBUG] env.CLASSWORLDS_LAUNCHER: org.codehaus.plexus.classworlds.launcher.Launcher
[DEBUG] env.COMMONPROGRAMFILES: C:\Program Files\Common Files
[DEBUG] env.COMMONPROGRAMFILES(X86): C:\Program Files (x86)\Common Files
[DEBUG] env.COMMONPROGRAMW6432: C:\Program Files\Common Files
[DEBUG] env.COMPUTERNAME: LAPTOP-338EH98E
[DEBUG] env.COMSPEC: C:\WINDOWS\system32\cmd.exe
[DEBUG] env.DRIVERDATA: C:\Windows\System32\Drivers\DriverData
[DEBUG] env.EFC_864_1262719628: 1
[DEBUG] env.EFC_864_1592913036: 1
[DEBUG] env.EFC_864_2283032206: 1
[DEBUG] env.EFC_864_2775293581: 1
[DEBUG] env.EFC_864_3789132940: 1
[DEBUG] env.ERROR_CODE: 0
[DEBUG] env.EXEC_DIR: C:\Users\emrek\IdeaProjects\MyBooks
[DEBUG] env.FIG_TERM: 1
[DEBUG] env.FPS_BROWSER_APP_PROFILE_STRING: Internet Explorer
[DEBUG] env.FPS_BROWSER_USER_PROFILE_STRING: Default
[DEBUG] env.HOMEDRIVE: C:
[DEBUG] env.HOMEPATH: \Users\emrek
[DEBUG] env.INTELLIJ_TERMINAL_COMMAND_BLOCKS_REWORKED: 1
[DEBUG] env.INTERNAL_MAVEN_OPTS: --enable-native-access=ALL-UNNAMED 
[DEBUG] env.JAVACMD: C:\Program Files\Eclipse Adoptium\jdk-21.0.9.10-hotspot\bin\java.exe
[DEBUG] env.JAVA_HOME: C:\Program Files\Eclipse Adoptium\jdk-21.0.9.10-hotspot
[DEBUG] env.JVMCONFIG: \.mvn\jvm.config
[DEBUG] env.LOCALAPPDATA: C:\Users\emrek\AppData\Local
[DEBUG] env.LOGONSERVER: \\LAPTOP-338EH98E
[DEBUG] env.MAVEN_CMD_LINE_ARGS: test -Dtest=AuthIntegrationTest#shouldLoginWithCorrectCredentials -X
[DEBUG] env.MAVEN_HOME: C:\Users\emrek\.m2\wrapper\dists\apache-maven-3.9.12\59fe215c0ad6947fea90184bf7add084544567b927287592651fda3782e0e798
[DEBUG] env.MAVEN_PROJECTBASEDIR: C:\Users\emrek\IdeaProjects\MyBooks
[DEBUG] env.NUMBER_OF_PROCESSORS: 12
[DEBUG] env.ONEDRIVE: C:\Users\emrek\OneDrive
[DEBUG] env.ONEDRIVECONSUMER: C:\Users\emrek\OneDrive
[DEBUG] env.OS: Windows_NT
[DEBUG] env.PATH: C:\Program Files\Eclipse Adoptium\jdk-21.0.9.10-hotspot\bin;C:\Program Files\Eclipse Adoptium\jdk-25.0.1.8-hotspot\bin;C:\Program Files (x86)\VMware\VMware Workstation\bin\;C:\Python313\Scripts\;C:\Python313\;C:\Windows\system32;C:\Windows;C:\Windows\System32\Wbem;C:\Windows\System32\WindowsPowerShell\v1.0\;C:\Windows\System32\OpenSSH\;C:\Program Files (x86)\Intel\Intel(R) Management Engine Components\DAL;C:\Program Files\Intel\Intel(R) Management Engine Components\DAL;C:\Program Files (x86)\NVIDIA Corporation\PhysX\Common;C:\WINDOWS\system32;C:\WINDOWS;C:\WINDOWS\System32\Wbem;C:\WINDOWS\System32\WindowsPowerShell\v1.0\;C:\WINDOWS\System32\OpenSSH\;C:\Program Files\PuTTY\;C:\Program Files\NVIDIA Corporation\NVIDIA app\NvDLISR;C:\Program Files\nodejs\;C:\ProgramData\chocolatey\bin;C:\Program Files\Git\cmd;C:\msys64\ucrt64\bin;C:\Program Files\Java\jdk-21\bin;C:\Users\emrek\AppData\Local\Programs\Microsoft VS Code\bin;C:\Users\emrek\AppData\Local\Microsoft\WindowsApps;C:\Users\emrek\AppData\Roaming\npm;%Java_Home\bin;C:\Program Files\Java\jdk-21\bin;C:\msys64\ucrt64\bin;C:\Program Files\Java\jdk-21\bin;C:\Users\emrek\AppData\Local\Programs\Microsoft VS Code\bin;C:\Users\emrek\AppData\Local\Microsoft\WindowsApps;C:\Users\emrek\AppData\Roaming\npm;%Java_Home\bin;
[DEBUG] env.PATHEXT: .COM;.EXE;.BAT;.CMD;.VBS;.VBE;.JS;.JSE;.WSF;.WSH;.MSC;.PY;.PYW;.CPL
[DEBUG] env.PROCESSOR_ARCHITECTURE: AMD64
[DEBUG] env.PROCESSOR_IDENTIFIER: Intel64 Family 6 Model 158 Stepping 10, GenuineIntel
[DEBUG] env.PROCESSOR_LEVEL: 6
[DEBUG] env.PROCESSOR_REVISION: 9e0a
[DEBUG] env.PROCESS_LAUNCHED_BY_CW: 1
[DEBUG] env.PROCESS_LAUNCHED_BY_Q: 1
[DEBUG] env.PROGRAMDATA: C:\ProgramData
[DEBUG] env.PROGRAMFILES: C:\Program Files
[DEBUG] env.PROGRAMFILES(X86): C:\Program Files (x86)
[DEBUG] env.PROGRAMW6432: C:\Program Files
[DEBUG] env.PROMPT: $P$G
[DEBUG] env.PSEXECUTIONPOLICYPREFERENCE: Bypass
[DEBUG] env.PSMODULEPATH: C:\Users\emrek\OneDrive\Belgeler\WindowsPowerShell\Modules;C:\Program Files\WindowsPowerShell\Modules;C:\WINDOWS\system32\WindowsPowerShell\v1.0\Modules
[DEBUG] env.PT8HOME: C:\Program Files\Cisco Packet Tracer 8.2.2
[DEBUG] env.PUBLIC: C:\Users\Public
[DEBUG] env.SESSIONNAME: Console
[DEBUG] env.SYSTEMDRIVE: C:
[DEBUG] env.SYSTEMROOT: C:\WINDOWS
[DEBUG] env.TEMP: C:\Users\emrek\AppData\Local\Temp
[DEBUG] env.TERM: xterm
[DEBUG] env.TERMINAL_EMULATOR: JetBrains-JediTerm
[DEBUG] env.TERM_SESSION_ID: 55565d36-8c0a-43f6-9e42-d8b3b579670e
[DEBUG] env.TMP: C:\Users\emrek\AppData\Local\Temp
[DEBUG] env.USERDOMAIN: LAPTOP-338EH98E
[DEBUG] env.USERDOMAIN_ROAMINGPROFILE: LAPTOP-338EH98E
[DEBUG] env.USERNAME: emrek
[DEBUG] env.USERPROFILE: C:\Users\emrek
[DEBUG] env.VBOX_MSI_INSTALL_PATH: C:\Program Files\Oracle\VirtualBox\
[DEBUG] env.WDIR: C:\Users\emrek\IdeaProjects\MyBooks
[DEBUG] env.WINDIR: C:\WINDOWS
[DEBUG] env.__MVNW_CMD__: C:\Users\emrek/.m2/wrapper/dists/apache-maven-3.9.12/59fe215c0ad6947fea90184bf7add084544567b927287592651fda3782e0e798/bin/mvn.cmd
[DEBUG] file.encoding: UTF-8
[DEBUG] file.separator: \
[DEBUG] flyway.version: 9.22.3
[DEBUG] freemarker.version: 2.3.32
[DEBUG] git-commit-id-maven-plugin.version: 6.0.0
[DEBUG] glassfish-jaxb.version: 4.0.4
[DEBUG] glassfish-jstl.version: 3.0.1
[DEBUG] graphql-java.version: 21.3
[DEBUG] groovy.version: 4.0.16
[DEBUG] gson.version: 2.10.1
[DEBUG] h2.version: 2.2.224
[DEBUG] hamcrest.version: 2.2
[DEBUG] hazelcast.version: 5.3.6
[DEBUG] hibernate-validator.version: 8.0.1.Final
[DEBUG] hibernate.version: 6.4.1.Final
[DEBUG] hikaricp.version: 5.0.1
[DEBUG] hsqldb.version: 2.7.2
[DEBUG] htmlunit.version: 2.70.0
[DEBUG] httpasyncclient.version: 4.1.5
[DEBUG] httpclient5.version: 5.2.3
[DEBUG] httpcore.version: 4.4.16
[DEBUG] httpcore5.version: 5.2.4
[DEBUG] infinispan.version: 14.0.21.Final
[DEBUG] influxdb-java.version: 2.23
[DEBUG] jackson-bom.version: 2.15.3
[DEBUG] jakarta-activation.version: 2.1.2
[DEBUG] jakarta-annotation.version: 2.1.1
[DEBUG] jakarta-jms.version: 3.1.0
[DEBUG] jakarta-json-bind.version: 3.0.0
[DEBUG] jakarta-json.version: 2.1.3
[DEBUG] jakarta-mail.version: 2.1.2
[DEBUG] jakarta-management.version: 1.1.4
[DEBUG] jakarta-persistence.version: 3.1.0
[DEBUG] jakarta-servlet-jsp-jstl.version: 3.0.0
[DEBUG] jakarta-servlet.version: 6.0.0
[DEBUG] jakarta-transaction.version: 2.0.1
[DEBUG] jakarta-validation.version: 3.0.2
[DEBUG] jakarta-websocket.version: 2.1.1
[DEBUG] jakarta-ws-rs.version: 3.1.0
[DEBUG] jakarta-xml-bind.version: 4.0.1
[DEBUG] jakarta-xml-soap.version: 3.0.1
[DEBUG] jakarta-xml-ws.version: 4.0.1
[DEBUG] janino.version: 3.1.11
[DEBUG] java.class.path: C:\Users\emrek\.m2\wrapper\dists\apache-maven-3.9.12\59fe215c0ad6947fea90184bf7add084544567b927287592651fda3782e0e798\boot\plexus-classworlds-2.9.0.jar
[DEBUG] java.class.version: 65.0
[DEBUG] java.home: C:\Program Files\Eclipse Adoptium\jdk-21.0.9.10-hotspot
[DEBUG] java.io.tmpdir: C:\Users\emrek\AppData\Local\Temp\
[DEBUG] java.library.path: C:\Program Files\Eclipse Adoptium\jdk-21.0.9.10-hotspot\bin;C:\WINDOWS\Sun\Java\bin;C:\WINDOWS\system32;C:\WINDOWS;C:\Program Files\Eclipse Adoptium\jdk-21.0.9.10-hotspot\bin;C:\Program Files\Eclipse Adoptium\jdk-25.0.1.8-hotspot\bin;C:\Program Files (x86)\VMware\VMware Workstation\bin\;C:\Python313\Scripts\;C:\Python313\;C:\Windows\system32;C:\Windows;C:\Windows\System32\Wbem;C:\Windows\System32\WindowsPowerShell\v1.0\;C:\Windows\System32\OpenSSH\;C:\Program Files (x86)\Intel\Intel(R) Management Engine Components\DAL;C:\Program Files\Intel\Intel(R) Management Engine Components\DAL;C:\Program Files (x86)\NVIDIA Corporation\PhysX\Common;C:\WINDOWS\system32;C:\WINDOWS;C:\WINDOWS\System32\Wbem;C:\WINDOWS\System32\WindowsPowerShell\v1.0\;C:\WINDOWS\System32\OpenSSH\;C:\Program Files\PuTTY\;C:\Program Files\NVIDIA Corporation\NVIDIA app\NvDLISR;C:\Program Files\nodejs\;C:\ProgramData\chocolatey\bin;C:\Program Files\Git\cmd;C:\msys64\ucrt64\bin;C:\Program Files\Java\jdk-21\bin;C:\Users\emrek\AppData\Local\Programs\Microsoft VS Code\bin;C:\Users\emrek\AppData\Local\Microsoft\WindowsApps;C:\Users\emrek\AppData\Roaming\npm;%Java_Home\bin;C:\Program Files\Java\jdk-21\bin;C:\msys64\ucrt64\bin;C:\Program Files\Java\jdk-21\bin;C:\Users\emrek\AppData\Local\Programs\Microsoft VS Code\bin;C:\Users\emrek\AppData\Local\Microsoft\WindowsApps;C:\Users\emrek\AppData\Roaming\npm;%Java_Home\bin;;.
[DEBUG] java.runtime.name: OpenJDK Runtime Environment
[DEBUG] java.runtime.version: 21.0.9+10-LTS
[DEBUG] java.specification.name: Java Platform API Specification
[DEBUG] java.specification.vendor: Oracle Corporation
[DEBUG] java.specification.version: 21
[DEBUG] java.vendor: Eclipse Adoptium
[DEBUG] java.vendor.url: https://adoptium.net/
[DEBUG] java.vendor.url.bug: https://github.com/adoptium/adoptium-support/issues
[DEBUG] java.vendor.version: Temurin-21.0.9+10
[DEBUG] java.version: 21.0.9
[DEBUG] java.version.date: 2025-10-21
[DEBUG] java.vm.compressedOopsMode: Zero based
[DEBUG] java.vm.info: mixed mode, sharing
[DEBUG] java.vm.name: OpenJDK 64-Bit Server VM
[DEBUG] java.vm.specification.name: Java Virtual Machine Specification
[DEBUG] java.vm.specification.vendor: Oracle Corporation
[DEBUG] java.vm.specification.version: 21
[DEBUG] java.vm.vendor: Eclipse Adoptium
[DEBUG] java.vm.version: 21.0.9+10-LTS
[DEBUG] javax-cache.version: 1.1.1
[DEBUG] javax-money.version: 1.1
[DEBUG] jaxen.version: 2.0.0
[DEBUG] jaybird.version: 5.0.3.java11
[DEBUG] jboss-logging.version: 3.5.3.Final
[DEBUG] jdk.debug: release
[DEBUG] jdom2.version: 2.0.6.1
[DEBUG] jedis.version: 5.0.2
[DEBUG] jersey.version: 3.1.5
[DEBUG] jetty-reactive-httpclient.version: 4.0.1
[DEBUG] jetty.version: 12.0.5
[DEBUG] jmustache.version: 1.15
[DEBUG] jooq.version: 3.18.7
[DEBUG] json-path.version: 2.8.0
[DEBUG] json-smart.version: 2.5.0
[DEBUG] jsonassert.version: 1.5.1
[DEBUG] jtds.version: 1.3.1
[DEBUG] junit-jupiter.version: 5.10.1
[DEBUG] junit.version: 4.13.2
[DEBUG] kafka.version: 3.6.1
[DEBUG] kotlin-coroutines.version: 1.7.3
[DEBUG] kotlin-serialization.version: 1.6.2
[DEBUG] kotlin.version: 1.9.21
[DEBUG] lettuce.version: 6.3.0.RELEASE
[DEBUG] library.jansi.path: C:\Users\emrek\.m2\wrapper\dists\apache-maven-3.9.12\59fe215c0ad6947fea90184bf7add084544567b927287592651fda3782e0e798\lib\jansi-native
[DEBUG] line.separator: 

[DEBUG] liquibase.version: 4.24.0
[DEBUG] log4j2.version: 2.21.1
[DEBUG] logback.version: 1.4.14
[DEBUG] lombok.version: 1.18.30
[DEBUG] mariadb.version: 3.2.0
[DEBUG] maven-antrun-plugin.version: 3.1.0
[DEBUG] maven-assembly-plugin.version: 3.6.0
[DEBUG] maven-clean-plugin.version: 3.3.2
[DEBUG] maven-compiler-plugin.version: 3.11.0
[DEBUG] maven-dependency-plugin.version: 3.6.1
[DEBUG] maven-deploy-plugin.version: 3.1.1
[DEBUG] maven-enforcer-plugin.version: 3.4.1
[DEBUG] maven-failsafe-plugin.version: 3.1.2
[DEBUG] maven-help-plugin.version: 3.4.0
[DEBUG] maven-install-plugin.version: 3.1.1
[DEBUG] maven-invoker-plugin.version: 3.6.0
[DEBUG] maven-jar-plugin.version: 3.3.0
[DEBUG] maven-javadoc-plugin.version: 3.6.3
[DEBUG] maven-resources-plugin.version: 3.3.1
[DEBUG] maven-shade-plugin.version: 3.5.1
[DEBUG] maven-source-plugin.version: 3.3.0
[DEBUG] maven-surefire-plugin.version: 3.1.2
[DEBUG] maven-war-plugin.version: 3.4.0
[DEBUG] maven.build.timestamp: 2026-02-02T23:40:07Z
[DEBUG] maven.build.version: Apache Maven 3.9.12 (848fbb4bf2d427b72bdb2471c22fced7ebd9a7a1)
[DEBUG] maven.compiler.release: 17
[DEBUG] maven.conf: C:\Users\emrek\.m2\wrapper\dists\apache-maven-3.9.12\59fe215c0ad6947fea90184bf7add084544567b927287592651fda3782e0e798/conf
[DEBUG] maven.home: C:\Users\emrek\.m2\wrapper\dists\apache-maven-3.9.12\59fe215c0ad6947fea90184bf7add084544567b927287592651fda3782e0e798
[DEBUG] maven.multiModuleProjectDirectory: C:\Users\emrek\IdeaProjects\MyBooks
[DEBUG] maven.version: 3.9.12
[DEBUG] micrometer-tracing.version: 1.2.1
[DEBUG] micrometer.version: 1.12.1
[DEBUG] mockito.version: 5.7.0
[DEBUG] mongodb.version: 4.11.1
[DEBUG] mssql-jdbc.version: 12.4.2.jre11
[DEBUG] mysql.version: 8.1.0
[DEBUG] native-build-tools-plugin.version: 0.9.28
[DEBUG] native.encoding: Cp1254
[DEBUG] nekohtml.version: 1.9.22
[DEBUG] neo4j-java-driver.version: 5.13.0
[DEBUG] netty.version: 4.1.104.Final
[DEBUG] okhttp.version: 4.12.0
[DEBUG] opentelemetry.version: 1.31.0
[DEBUG] oracle-database.version: 23.3.0.23.09
[DEBUG] oracle-r2dbc.version: 1.1.1
[DEBUG] os.arch: amd64
[DEBUG] os.name: Windows 11
[DEBUG] os.version: 10.0
[DEBUG] path.separator: ;
[DEBUG] pooled-jms.version: 3.1.5
[DEBUG] postgresql.version: 42.6.0
[DEBUG] project.baseUri: file:/C:/Users/emrek/IdeaProjects/MyBooks/
[DEBUG] project.build.sourceEncoding: UTF-8
[DEBUG] project.reporting.outputEncoding: UTF-8
[DEBUG] prometheus-client.version: 0.16.0
[DEBUG] pulsar-reactive.version: 0.5.1
[DEBUG] pulsar.version: 3.1.1
[DEBUG] quartz.version: 2.3.2
[DEBUG] querydsl.version: 5.0.0
[DEBUG] r2dbc-h2.version: 1.0.0.RELEASE
[DEBUG] r2dbc-mariadb.version: 1.1.4
[DEBUG] r2dbc-mssql.version: 1.0.2.RELEASE
[DEBUG] r2dbc-mysql.version: 1.0.5
[DEBUG] r2dbc-pool.version: 1.0.1.RELEASE
[DEBUG] r2dbc-postgresql.version: 1.0.3.RELEASE
[DEBUG] r2dbc-proxy.version: 1.1.3.RELEASE
[DEBUG] r2dbc-spi.version: 1.0.0.RELEASE
[DEBUG] rabbit-amqp-client.version: 5.19.0
[DEBUG] rabbit-stream-client.version: 0.14.0
[DEBUG] reactive-streams.version: 1.0.4
[DEBUG] reactor-bom.version: 2023.0.1
[DEBUG] resource.delimiter: @
[DEBUG] rest-assured.version: 5.3.2
[DEBUG] rsocket.version: 1.1.3
[DEBUG] rxjava3.version: 3.1.8
[DEBUG] saaj-impl.version: 3.0.3
[DEBUG] selenium-htmlunit.version: 4.13.0
[DEBUG] selenium.version: 4.14.1
[DEBUG] sendgrid.version: 4.9.3
[DEBUG] slf4j.version: 2.0.9
[DEBUG] snakeyaml.version: 2.2
[DEBUG] spring-amqp.version: 3.1.1
[DEBUG] spring-authorization-server.version: 1.2.1
[DEBUG] spring-batch.version: 5.1.0
[DEBUG] spring-data-bom.version: 2023.1.1
[DEBUG] spring-framework.version: 6.1.2
[DEBUG] spring-graphql.version: 1.2.4
[DEBUG] spring-hateoas.version: 2.2.0
[DEBUG] spring-integration.version: 6.2.1
[DEBUG] spring-kafka.version: 3.1.1
[DEBUG] spring-ldap.version: 3.2.1
[DEBUG] spring-pulsar.version: 1.0.1
[DEBUG] spring-restdocs.version: 3.0.1
[DEBUG] spring-retry.version: 2.0.5
[DEBUG] spring-security.version: 6.2.1
[DEBUG] spring-session.version: 3.2.1
[DEBUG] spring-ws.version: 4.0.9
[DEBUG] sqlite-jdbc.version: 3.43.2.0
[DEBUG] stderr.encoding: cp857
[DEBUG] stdout.encoding: Cp1254
[DEBUG] sun.arch.data.model: 64
[DEBUG] sun.boot.library.path: C:\Program Files\Eclipse Adoptium\jdk-21.0.9.10-hotspot\bin
[DEBUG] sun.cpu.endian: little
[DEBUG] sun.cpu.isalist: amd64
[DEBUG] sun.io.unicode.encoding: UnicodeLittle
[DEBUG] sun.java.command: org.codehaus.plexus.classworlds.launcher.Launcher test -Dtest=AuthIntegrationTest#shouldLoginWithCorrectCredentials -X
[DEBUG] sun.java.launcher: SUN_STANDARD
[DEBUG] sun.jnu.encoding: Cp1254
[DEBUG] sun.management.compiler: HotSpot 64-Bit Tiered Compilers
[DEBUG] sun.os.patch.level: 
[DEBUG] test: AuthIntegrationTest#shouldLoginWithCorrectCredentials
[DEBUG] testcontainers.version: 1.19.3
[DEBUG] thymeleaf-extras-data-attribute.version: 2.0.1
[DEBUG] thymeleaf-extras-springsecurity.version: 3.1.2.RELEASE
[DEBUG] thymeleaf-layout-dialect.version: 3.3.0
[DEBUG] thymeleaf.version: 3.1.2.RELEASE
[DEBUG] tomcat.version: 10.1.17
[DEBUG] unboundid-ldapsdk.version: 6.0.11
[DEBUG] undertow.version: 2.3.10.Final
[DEBUG] user.country: TR
[DEBUG] user.dir: C:\Users\emrek\IdeaProjects\MyBooks
[DEBUG] user.home: C:\Users\emrek
[DEBUG] user.language: tr
[DEBUG] user.name: emrek
[DEBUG] user.script: 
[DEBUG] user.variant: 
[DEBUG] versions-maven-plugin.version: 2.16.2
[DEBUG] webjars-locator-core.version: 0.55
[DEBUG] wsdl4j.version: 1.6.3
[DEBUG] xml-maven-plugin.version: 1.1.0
[DEBUG] xmlunit2.version: 2.9.1
[DEBUG] yasson.version: 3.0.3
[DEBUG] Using 'UTF-8' encoding to copy filtered resources.
[DEBUG] Using 'UTF-8' encoding to copy filtered properties files.
[DEBUG] resource with targetPath null
directory C:\Users\emrek\IdeaProjects\MyBooks\src\main\resources
excludes []
includes [**/application*.yml, **/application*.yaml, **/application*.properties]
[DEBUG] ignoreDelta true
[INFO] Copying 1 resource from src\main\resources to target\classes
[DEBUG] Copying file application.properties
[DEBUG] file application.properties has a filtered file extension
[DEBUG] Using 'UTF-8' encoding to copy filtered resource 'application.properties'.
[DEBUG] filtering C:\Users\emrek\IdeaProjects\MyBooks\src\main\resources\application.properties to C:\Users\emrek\IdeaProjects\MyBooks\target\classes\application.properties
[DEBUG] resource with targetPath null
directory C:\Users\emrek\IdeaProjects\MyBooks\src\main\resources
excludes [**/application*.yml, **/application*.yaml, **/application*.properties]
includes []
[DEBUG] ignoreDelta true
[INFO] Copying 11 resources from src\main\resources to target\classes
[DEBUG] Copying file db\migration\V1__create_users_table.sql
[DEBUG] file V1__create_users_table.sql has a filtered file extension
[DEBUG] Using 'UTF-8' encoding to copy filtered resource 'V1__create_users_table.sql'.
[DEBUG] copy C:\Users\emrek\IdeaProjects\MyBooks\src\main\resources\db\migration\V1__create_users_table.sql to C:\Users\emrek\IdeaProjects\MyBooks\target\classes\db\migration\V1__create_users_table.sql
[DEBUG] Copying file db\migration\V2__create_books_table.sql
[DEBUG] file V2__create_books_table.sql has a filtered file extension
[DEBUG] Using 'UTF-8' encoding to copy filtered resource 'V2__create_books_table.sql'.
[DEBUG] copy C:\Users\emrek\IdeaProjects\MyBooks\src\main\resources\db\migration\V2__create_books_table.sql to C:\Users\emrek\IdeaProjects\MyBooks\target\classes\db\migration\V2__create_books_table.sql
[DEBUG] Copying file db\migration\V3__add_role_to_users.sql
[DEBUG] file V3__add_role_to_users.sql has a filtered file extension
[DEBUG] Using 'UTF-8' encoding to copy filtered resource 'V3__add_role_to_users.sql'.
[DEBUG] copy C:\Users\emrek\IdeaProjects\MyBooks\src\main\resources\db\migration\V3__add_role_to_users.sql to C:\Users\emrek\IdeaProjects\MyBooks\target\classes\db\migration\V3__add_role_to_users.sql
[DEBUG] Copying file db\migration\V4__create_notes_table.sql
[DEBUG] file V4__create_notes_table.sql has a filtered file extension
[DEBUG] Using 'UTF-8' encoding to copy filtered resource 'V4__create_notes_table.sql'.
[DEBUG] copy C:\Users\emrek\IdeaProjects\MyBooks\src\main\resources\db\migration\V4__create_notes_table.sql to C:\Users\emrek\IdeaProjects\MyBooks\target\classes\db\migration\V4__create_notes_table.sql
[DEBUG] Copying file db\migration\V5__create_refresh_tokens_table.sql
[DEBUG] file V5__create_refresh_tokens_table.sql has a filtered file extension
[DEBUG] Using 'UTF-8' encoding to copy filtered resource 'V5__create_refresh_tokens_table.sql'.
[DEBUG] copy C:\Users\emrek\IdeaProjects\MyBooks\src\main\resources\db\migration\V5__create_refresh_tokens_table.sql to C:\Users\emrek\IdeaProjects\MyBooks\target\classes\db\migration\V5__create_refresh_tokens_table.sql
[DEBUG] Copying file keystore\mybooks.p12
[DEBUG] file mybooks.p12 has a filtered file extension
[DEBUG] Using 'UTF-8' encoding to copy filtered resource 'mybooks.p12'.
[DEBUG] copy C:\Users\emrek\IdeaProjects\MyBooks\src\main\resources\keystore\mybooks.p12 to C:\Users\emrek\IdeaProjects\MyBooks\target\classes\keystore\mybooks.p12
[DEBUG] Copying file logback-spring.xml
[DEBUG] file logback-spring.xml has a filtered file extension
[DEBUG] Using 'UTF-8' encoding to copy filtered resource 'logback-spring.xml'.
[DEBUG] copy C:\Users\emrek\IdeaProjects\MyBooks\src\main\resources\logback-spring.xml to C:\Users\emrek\IdeaProjects\MyBooks\target\classes\logback-spring.xml
[DEBUG] Copying file static\dashboard.html
[DEBUG] file dashboard.html has a filtered file extension
[DEBUG] Using 'UTF-8' encoding to copy filtered resource 'dashboard.html'.
[DEBUG] copy C:\Users\emrek\IdeaProjects\MyBooks\src\main\resources\static\dashboard.html to C:\Users\emrek\IdeaProjects\MyBooks\target\classes\static\dashboard.html
[DEBUG] Copying file static\index.html
[DEBUG] file index.html has a filtered file extension
[DEBUG] Using 'UTF-8' encoding to copy filtered resource 'index.html'.
[DEBUG] copy C:\Users\emrek\IdeaProjects\MyBooks\src\main\resources\static\index.html to C:\Users\emrek\IdeaProjects\MyBooks\target\classes\static\index.html
[DEBUG] Copying file static\login.html
[DEBUG] file login.html has a filtered file extension
[DEBUG] Using 'UTF-8' encoding to copy filtered resource 'login.html'.
[DEBUG] copy C:\Users\emrek\IdeaProjects\MyBooks\src\main\resources\static\login.html to C:\Users\emrek\IdeaProjects\MyBooks\target\classes\static\login.html
[DEBUG] Copying file static\register.html
[DEBUG] file register.html has a filtered file extension
[DEBUG] Using 'UTF-8' encoding to copy filtered resource 'register.html'.
[DEBUG] copy C:\Users\emrek\IdeaProjects\MyBooks\src\main\resources\static\register.html to C:\Users\emrek\IdeaProjects\MyBooks\target\classes\static\register.html
[DEBUG] no user filter components
[INFO] 
[INFO] --- compiler:3.11.0:compile (default-compile) @ mybooks ---
[DEBUG] Using mirror maven-default-http-blocker (http://0.0.0.0/) for apache.snapshots (http://repository.apache.org/snapshots).
[DEBUG] Dependency collection stats {ConflictMarker.analyzeTime=105100, ConflictMarker.markTime=48900, ConflictMarker.nodeCount=17, ConflictIdSorter.graphTime=15700, ConflictIdSorter.topsortTime=13300, ConflictIdSorter.conflictIdCount=12, ConflictIdSorter.conflictIdCycleCount=0, ConflictResolver.totalTime=249200, ConflictResolver.conflictItemCount=17, DfDependencyCollector.collectTime=81044500, DfDependencyCollector.transformTime=447700}
[DEBUG] org.apache.maven.plugins:maven-compiler-plugin:jar:3.11.0
[DEBUG]    org.apache.maven.shared:maven-shared-utils:jar:3.3.4:compile
[DEBUG]       commons-io:commons-io:jar:2.6:compile
[DEBUG]    org.apache.maven.shared:maven-shared-incremental:jar:1.1:compile
[DEBUG]       org.codehaus.plexus:plexus-component-annotations:jar:1.5.5:compile
[DEBUG]    org.codehaus.plexus:plexus-java:jar:1.1.2:compile
[DEBUG]       org.ow2.asm:asm:jar:9.4:compile
[DEBUG]       com.thoughtworks.qdox:qdox:jar:2.0.3:compile (version managed from default)
[DEBUG]    org.codehaus.plexus:plexus-compiler-api:jar:2.13.0:compile
[DEBUG]       org.codehaus.plexus:plexus-utils:jar:3.5.0:compile (version managed from default)
[DEBUG]    org.codehaus.plexus:plexus-compiler-manager:jar:2.13.0:compile
[DEBUG]    org.codehaus.plexus:plexus-compiler-javac:jar:2.13.0:runtime
[DEBUG] Created new class realm plugin>org.apache.maven.plugins:maven-compiler-plugin:3.11.0
[DEBUG] Importing foreign packages into class realm plugin>org.apache.maven.plugins:maven-compiler-plugin:3.11.0
[DEBUG]   Imported:  < maven.api
[DEBUG] Populating class realm plugin>org.apache.maven.plugins:maven-compiler-plugin:3.11.0
[DEBUG]   Included: org.apache.maven.plugins:maven-compiler-plugin:jar:3.11.0
[DEBUG]   Included: org.apache.maven.shared:maven-shared-utils:jar:3.3.4
[DEBUG]   Included: commons-io:commons-io:jar:2.6
[DEBUG]   Included: org.apache.maven.shared:maven-shared-incremental:jar:1.1
[DEBUG]   Included: org.codehaus.plexus:plexus-component-annotations:jar:1.5.5
[DEBUG]   Included: org.codehaus.plexus:plexus-java:jar:1.1.2
[DEBUG]   Included: org.ow2.asm:asm:jar:9.4
[DEBUG]   Included: com.thoughtworks.qdox:qdox:jar:2.0.3
[DEBUG]   Included: org.codehaus.plexus:plexus-compiler-api:jar:2.13.0
[DEBUG]   Included: org.codehaus.plexus:plexus-utils:jar:3.5.0
[DEBUG]   Included: org.codehaus.plexus:plexus-compiler-manager:jar:2.13.0
[DEBUG]   Included: org.codehaus.plexus:plexus-compiler-javac:jar:2.13.0
[DEBUG] Loading mojo org.apache.maven.plugins:maven-compiler-plugin:3.11.0:compile from plugin realm ClassRealm[plugin>org.apache.maven.plugins:maven-compiler-plugin:3.11.0, parent: jdk.internal.loader.ClassLoaders$AppClassLoader@3d4eac69]
[DEBUG] Configuring mojo execution 'org.apache.maven.plugins:maven-compiler-plugin:3.11.0:compile:default-compile' with basic configurator -->
[DEBUG]   (f) basedir = C:\Users\emrek\IdeaProjects\MyBooks
[DEBUG]   (f) buildDirectory = C:\Users\emrek\IdeaProjects\MyBooks\target
[DEBUG]   (f) compilePath = [C:\Users\emrek\IdeaProjects\MyBooks\target\classes, C:\Users\emrek\.m2\repository\org\springframework\boot\spring-boot-starter-web\3.2.1\spring-boot-starter-web-3.2.1.jar, C:\Users\emrek\.m2\repository\org\springframework\boot\spring-boot-starter\3.2.1\spring-boot-starter-3.2.1.jar, C:\Users\emrek\.m2\repository\org\springframework\boot\spring-boot-starter-logging\3.2.1\spring-boot-starter-logging-3.2.1.jar, C:\Users\emrek\.m2\repository\ch\qos\logback\logback-classic\1.4.14\logback-classic-1.4.14.jar, C:\Users\emrek\.m2\repository\ch\qos\logback\logback-core\1.4.14\logback-core-1.4.14.jar, C:\Users\emrek\.m2\repository\org\apache\logging\log4j\log4j-to-slf4j\2.21.1\log4j-to-slf4j-2.21.1.jar, C:\Users\emrek\.m2\repository\org\apache\logging\log4j\log4j-api\2.21.1\log4j-api-2.21.1.jar, C:\Users\emrek\.m2\repository\org\slf4j\jul-to-slf4j\2.0.9\jul-to-slf4j-2.0.9.jar, C:\Users\emrek\.m2\repository\jakarta\annotation\jakarta.annotation-api\2.1.1\jakarta.annotation-api-2.1.1.jar, C:\Users\emrek\.m2\repository\org\yaml\snakeyaml\2.2\snakeyaml-2.2.jar, C:\Users\emrek\.m2\repository\org\springframework\boot\spring-boot-starter-json\3.2.1\spring-boot-starter-json-3.2.1.jar, C:\Users\emrek\.m2\repository\com\fasterxml\jackson\datatype\jackson-datatype-jdk8\2.15.3\jackson-datatype-jdk8-2.15.3.jar, C:\Users\emrek\.m2\repository\com\fasterxml\jackson\datatype\jackson-datatype-jsr310\2.15.3\jackson-datatype-jsr310-2.15.3.jar, C:\Users\emrek\.m2\repository\com\fasterxml\jackson\module\jackson-module-parameter-names\2.15.3\jackson-module-parameter-names-2.15.3.jar, C:\Users\emrek\.m2\repository\org\springframework\boot\spring-boot-starter-tomcat\3.2.1\spring-boot-starter-tomcat-3.2.1.jar, C:\Users\emrek\.m2\repository\org\apache\tomcat\embed\tomcat-embed-core\10.1.17\tomcat-embed-core-10.1.17.jar, C:\Users\emrek\.m2\repository\org\apache\tomcat\embed\tomcat-embed-websocket\10.1.17\tomcat-embed-websocket-10.1.17.jar, C:\Users\emrek\.m2\repository\org\springframework\spring-web\6.1.2\spring-web-6.1.2.jar, C:\Users\emrek\.m2\repository\org\springframework\spring-beans\6.1.2\spring-beans-6.1.2.jar, C:\Users\emrek\.m2\repository\io\micrometer\micrometer-observation\1.12.1\micrometer-observation-1.12.1.jar, C:\Users\emrek\.m2\repository\io\micrometer\micrometer-commons\1.12.1\micrometer-commons-1.12.1.jar, C:\Users\emrek\.m2\repository\org\springframework\spring-webmvc\6.1.2\spring-webmvc-6.1.2.jar, C:\Users\emrek\.m2\repository\org\springframework\spring-context\6.1.2\spring-context-6.1.2.jar, C:\Users\emrek\.m2\repository\org\springframework\spring-expression\6.1.2\spring-expression-6.1.2.jar, C:\Users\emrek\.m2\repository\org\springframework\boot\spring-boot\3.2.1\spring-boot-3.2.1.jar, C:\Users\emrek\.m2\repository\org\springframework\boot\spring-boot-autoconfigure\3.2.1\spring-boot-autoconfigure-3.2.1.jar, C:\Users\emrek\.m2\repository\org\springframework\boot\spring-boot-starter-data-jpa\3.2.1\spring-boot-starter-data-jpa-3.2.1.jar, C:\Users\emrek\.m2\repository\org\springframework\boot\spring-boot-starter-aop\3.2.1\spring-boot-starter-aop-3.2.1.jar, C:\Users\emrek\.m2\repository\org\aspectj\aspectjweaver\1.9.21\aspectjweaver-1.9.21.jar, C:\Users\emrek\.m2\repository\org\springframework\boot\spring-boot-starter-jdbc\3.2.1\spring-boot-starter-jdbc-3.2.1.jar, C:\Users\emrek\.m2\repository\com\zaxxer\HikariCP\5.0.1\HikariCP-5.0.1.jar, C:\Users\emrek\.m2\repository\org\springframework\spring-jdbc\6.1.2\spring-jdbc-6.1.2.jar, C:\Users\emrek\.m2\repository\org\hibernate\orm\hibernate-core\6.4.1.Final\hibernate-core-6.4.1.Final.jar, C:\Users\emrek\.m2\repository\jakarta\persistence\jakarta.persistence-api\3.1.0\jakarta.persistence-api-3.1.0.jar, C:\Users\emrek\.m2\repository\jakarta\transaction\jakarta.transaction-api\2.0.1\jakarta.transaction-api-2.0.1.jar, C:\Users\emrek\.m2\repository\com\fasterxml\classmate\1.6.0\classmate-1.6.0.jar, C:\Users\emrek\.m2\repository\org\antlr\antlr4-runtime\4.13.0\antlr4-runtime-4.13.0.jar, C:\Users\emrek\.m2\repository\org\springframework\data\spring-data-jpa\3.2.1\spring-data-jpa-3.2.1.jar, C:\Users\emrek\.m2\repository\org\springframework\data\spring-data-commons\3.2.1\spring-data-commons-3.2.1.jar, C:\Users\emrek\.m2\repository\org\springframework\spring-orm\6.1.2\spring-orm-6.1.2.jar, C:\Users\emrek\.m2\repository\org\springframework\spring-tx\6.1.2\spring-tx-6.1.2.jar, C:\Users\emrek\.m2\repository\org\slf4j\slf4j-api\2.0.9\slf4j-api-2.0.9.jar, C:\Users\emrek\.m2\repository\org\springframework\spring-aspects\6.1.2\spring-aspects-6.1.2.jar, C:\Users\emrek\.m2\repository\org\springframework\boot\spring-boot-starter-security\3.2.1\spring-boot-starter-security-3.2.1.jar, C:\Users\emrek\.m2\repository\org\springframework\spring-aop\6.1.2\spring-aop-6.1.2.jar, C:\Users\emrek\.m2\repository\org\springframework\security\spring-security-config\6.2.1\spring-security-config-6.2.1.jar, C:\Users\emrek\.m2\repository\org\springframework\security\spring-security-web\6.2.1\spring-security-web-6.2.1.jar, C:\Users\emrek\.m2\repository\org\springframework\boot\spring-boot-starter-validation\3.2.1\spring-boot-starter-validation-3.2.1.jar, C:\Users\emrek\.m2\repository\org\apache\tomcat\embed\tomcat-embed-el\10.1.17\tomcat-embed-el-10.1.17.jar, C:\Users\emrek\.m2\repository\org\hibernate\validator\hibernate-validator\8.0.1.Final\hibernate-validator-8.0.1.Final.jar, C:\Users\emrek\.m2\repository\jakarta\validation\jakarta.validation-api\3.0.2\jakarta.validation-api-3.0.2.jar, C:\Users\emrek\.m2\repository\org\xerial\sqlite-jdbc\3.47.1.0\sqlite-jdbc-3.47.1.0.jar, C:\Users\emrek\.m2\repository\org\hibernate\orm\hibernate-community-dialects\6.4.1.Final\hibernate-community-dialects-6.4.1.Final.jar, C:\Users\emrek\.m2\repository\org\jboss\logging\jboss-logging\3.5.3.Final\jboss-logging-3.5.3.Final.jar, C:\Users\emrek\.m2\repository\org\flywaydb\flyway-core\9.22.3\flyway-core-9.22.3.jar, C:\Users\emrek\.m2\repository\com\fasterxml\jackson\dataformat\jackson-dataformat-toml\2.15.3\jackson-dataformat-toml-2.15.3.jar, C:\Users\emrek\.m2\repository\com\fasterxml\jackson\core\jackson-core\2.15.3\jackson-core-2.15.3.jar, C:\Users\emrek\.m2\repository\com\google\code\gson\gson\2.10.1\gson-2.10.1.jar, C:\Users\emrek\.m2\repository\io\jsonwebtoken\jjwt-api\0.12.6\jjwt-api-0.12.6.jar, C:\Users\emrek\.m2\repository\com\fasterxml\jackson\core\jackson-databind\2.15.3\jackson-databind-2.15.3.jar, C:\Users\emrek\.m2\repository\com\fasterxml\jackson\core\jackson-annotations\2.15.3\jackson-annotations-2.15.3.jar, C:\Users\emrek\.m2\repository\org\springframework\spring-core\6.1.2\spring-core-6.1.2.jar, C:\Users\emrek\.m2\repository\org\springframework\spring-jcl\6.1.2\spring-jcl-6.1.2.jar, C:\Users\emrek\.m2\repository\org\springframework\security\spring-security-core\6.2.1\spring-security-core-6.2.1.jar, C:\Users\emrek\.m2\repository\org\springframework\security\spring-security-crypto\6.2.1\spring-security-crypto-6.2.1.jar]
[DEBUG]   (f) compileSourceRoots = [C:\Users\emrek\IdeaProjects\MyBooks\src\main\java]
[DEBUG]   (f) compilerId = javac
[DEBUG]   (f) createMissingPackageInfoClass = true
[DEBUG]   (f) debug = true
[DEBUG]   (f) debugFileName = javac
[DEBUG]   (f) enablePreview = false
[DEBUG]   (f) encoding = UTF-8
[DEBUG]   (f) failOnError = true
[DEBUG]   (f) failOnWarning = false
[DEBUG]   (f) forceJavacCompilerUse = false
[DEBUG]   (f) fork = false
[DEBUG]   (f) generatedSourcesDirectory = C:\Users\emrek\IdeaProjects\MyBooks\target\generated-sources\annotations
[DEBUG]   (f) mojoExecution = org.apache.maven.plugins:maven-compiler-plugin:3.11.0:compile {execution: default-compile}
[DEBUG]   (f) optimize = false
[DEBUG]   (f) outputDirectory = C:\Users\emrek\IdeaProjects\MyBooks\target\classes
[DEBUG]   (f) parameters = true
[DEBUG]   (f) project = MavenProject: com.example:mybooks:0.0.1-SNAPSHOT @ C:\Users\emrek\IdeaProjects\MyBooks\pom.xml
[DEBUG]   (f) projectArtifact = com.example:mybooks:jar:0.0.1-SNAPSHOT
[DEBUG]   (s) release = 17
[DEBUG]   (f) session = org.apache.maven.execution.MavenSession@3fba233d
[DEBUG]   (f) showCompilationChanges = false
[DEBUG]   (f) showDeprecation = false
[DEBUG]   (f) showWarnings = true
[DEBUG]   (f) skipMultiThreadWarning = false
[DEBUG]   (f) source = 1.8
[DEBUG]   (f) staleMillis = 0
[DEBUG]   (s) target = 1.8
[DEBUG]   (f) useIncrementalCompilation = true
[DEBUG]   (f) verbose = false
[DEBUG] -- end configuration --
[DEBUG] Using compiler 'javac'.
[DEBUG] Adding C:\Users\emrek\IdeaProjects\MyBooks\target\generated-sources\annotations to compile source roots:
  C:\Users\emrek\IdeaProjects\MyBooks\src\main\java
[DEBUG] New compile source roots:
  C:\Users\emrek\IdeaProjects\MyBooks\src\main\java
  C:\Users\emrek\IdeaProjects\MyBooks\target\generated-sources\annotations
[DEBUG] CompilerReuseStrategy: reuseCreated
[DEBUG] useIncrementalCompilation enabled
[INFO] Nothing to compile - all classes are up to date
[INFO] 
[INFO] --- resources:3.3.1:testResources (default-testResources) @ mybooks ---
[DEBUG] Loading mojo org.apache.maven.plugins:maven-resources-plugin:3.3.1:testResources from plugin realm ClassRealm[plugin>org.apache.maven.plugins:maven-resources-plugin:3.3.1, parent: jdk.internal.loader.ClassLoaders$AppClassLoader@3d4eac69]
[DEBUG] Configuring mojo execution 'org.apache.maven.plugins:maven-resources-plugin:3.3.1:testResources:default-testResources' with basic configurator -->
[DEBUG]   (f) addDefaultExcludes = true
[DEBUG]   (f) buildFilters = []
[DEBUG]   (s) delimiters = [@]
[DEBUG]   (f) encoding = UTF-8
[DEBUG]   (f) escapeWindowsPaths = true
[DEBUG]   (f) fileNameFiltering = false
[DEBUG]   (s) includeEmptyDirs = false
[DEBUG]   (s) outputDirectory = C:\Users\emrek\IdeaProjects\MyBooks\target\test-classes
[DEBUG]   (s) overwrite = false
[DEBUG]   (f) project = MavenProject: com.example:mybooks:0.0.1-SNAPSHOT @ C:\Users\emrek\IdeaProjects\MyBooks\pom.xml
[DEBUG]   (f) propertiesEncoding = UTF-8
[DEBUG]   (s) resources = [Resource {targetPath: null, filtering: false, FileSet {directory: C:\Users\emrek\IdeaProjects\MyBooks\src\test\resources, PatternSet [includes: {}, excludes: {}]}}]
[DEBUG]   (f) session = org.apache.maven.execution.MavenSession@3fba233d
[DEBUG]   (f) skip = false
[DEBUG]   (f) supportMultiLineFiltering = false
[DEBUG]   (f) useBuildFilters = true
[DEBUG]   (s) useDefaultDelimiters = false
[DEBUG] -- end configuration --
[DEBUG] properties used:
[DEBUG] activemq.version: 5.18.3
[DEBUG] angus-mail.version: 2.0.2
[DEBUG] artemis.version: 2.31.2
[DEBUG] aspectj.version: 1.9.21
[DEBUG] assertj.version: 3.24.2
[DEBUG] awaitility.version: 4.2.0
[DEBUG] brave.version: 5.16.0
[DEBUG] build-helper-maven-plugin.version: 3.4.0
[DEBUG] byte-buddy.version: 1.14.10
[DEBUG] cache2k.version: 2.6.1.Final
[DEBUG] caffeine.version: 3.1.8
[DEBUG] cassandra-driver.version: 4.17.0
[DEBUG] classmate.version: 1.6.0
[DEBUG] classworlds.conf: C:\Users\emrek\.m2\wrapper\dists\apache-maven-3.9.12\59fe215c0ad6947fea90184bf7add084544567b927287592651fda3782e0e798\bin\m2.conf
[DEBUG] commons-codec.version: 1.16.0
[DEBUG] commons-dbcp2.version: 2.10.0
[DEBUG] commons-lang3.version: 3.13.0
[DEBUG] commons-pool.version: 1.6
[DEBUG] commons-pool2.version: 2.12.0
[DEBUG] couchbase-client.version: 3.4.11
[DEBUG] crac.version: 1.4.0
[DEBUG] db2-jdbc.version: 11.5.9.0
[DEBUG] dependency-management-plugin.version: 1.1.4
[DEBUG] derby.version: 10.16.1.1
[DEBUG] dropwizard-metrics.version: 4.2.23
[DEBUG] ehcache3.version: 3.10.8
[DEBUG] elasticsearch-client.version: 8.10.4
[DEBUG] env.=::: ::\
[DEBUG] env.=C:: C:\Users\emrek\IdeaProjects\MyBooks
[DEBUG] env.=EXITCODE: 00000000
[DEBUG] env.ALLUSERSPROFILE: C:\ProgramData
[DEBUG] env.APPDATA: C:\Users\emrek\AppData\Roaming
[DEBUG] env.CHOCOLATEYINSTALL: C:\ProgramData\chocolatey
[DEBUG] env.CHOCOLATEYLASTPATHUPDATE: 133927459809044367
[DEBUG] env.CLASSWORLDS_JAR: "C:\Users\emrek\.m2\wrapper\dists\apache-maven-3.9.12\59fe215c0ad6947fea90184bf7add084544567b927287592651fda3782e0e798\boot\plexus-classworlds-2.9.0.jar"
[DEBUG] env.CLASSWORLDS_LAUNCHER: org.codehaus.plexus.classworlds.launcher.Launcher
[DEBUG] env.COMMONPROGRAMFILES: C:\Program Files\Common Files
[DEBUG] env.COMMONPROGRAMFILES(X86): C:\Program Files (x86)\Common Files
[DEBUG] env.COMMONPROGRAMW6432: C:\Program Files\Common Files
[DEBUG] env.COMPUTERNAME: LAPTOP-338EH98E
[DEBUG] env.COMSPEC: C:\WINDOWS\system32\cmd.exe
[DEBUG] env.DRIVERDATA: C:\Windows\System32\Drivers\DriverData
[DEBUG] env.EFC_864_1262719628: 1
[DEBUG] env.EFC_864_1592913036: 1
[DEBUG] env.EFC_864_2283032206: 1
[DEBUG] env.EFC_864_2775293581: 1
[DEBUG] env.EFC_864_3789132940: 1
[DEBUG] env.ERROR_CODE: 0
[DEBUG] env.EXEC_DIR: C:\Users\emrek\IdeaProjects\MyBooks
[DEBUG] env.FIG_TERM: 1
[DEBUG] env.FPS_BROWSER_APP_PROFILE_STRING: Internet Explorer
[DEBUG] env.FPS_BROWSER_USER_PROFILE_STRING: Default
[DEBUG] env.HOMEDRIVE: C:
[DEBUG] env.HOMEPATH: \Users\emrek
[DEBUG] env.INTELLIJ_TERMINAL_COMMAND_BLOCKS_REWORKED: 1
[DEBUG] env.INTERNAL_MAVEN_OPTS: --enable-native-access=ALL-UNNAMED 
[DEBUG] env.JAVACMD: C:\Program Files\Eclipse Adoptium\jdk-21.0.9.10-hotspot\bin\java.exe
[DEBUG] env.JAVA_HOME: C:\Program Files\Eclipse Adoptium\jdk-21.0.9.10-hotspot
[DEBUG] env.JVMCONFIG: \.mvn\jvm.config
[DEBUG] env.LOCALAPPDATA: C:\Users\emrek\AppData\Local
[DEBUG] env.LOGONSERVER: \\LAPTOP-338EH98E
[DEBUG] env.MAVEN_CMD_LINE_ARGS: test -Dtest=AuthIntegrationTest#shouldLoginWithCorrectCredentials -X
[DEBUG] env.MAVEN_HOME: C:\Users\emrek\.m2\wrapper\dists\apache-maven-3.9.12\59fe215c0ad6947fea90184bf7add084544567b927287592651fda3782e0e798
[DEBUG] env.MAVEN_PROJECTBASEDIR: C:\Users\emrek\IdeaProjects\MyBooks
[DEBUG] env.NUMBER_OF_PROCESSORS: 12
[DEBUG] env.ONEDRIVE: C:\Users\emrek\OneDrive
[DEBUG] env.ONEDRIVECONSUMER: C:\Users\emrek\OneDrive
[DEBUG] env.OS: Windows_NT
[DEBUG] env.PATH: C:\Program Files\Eclipse Adoptium\jdk-21.0.9.10-hotspot\bin;C:\Program Files\Eclipse Adoptium\jdk-25.0.1.8-hotspot\bin;C:\Program Files (x86)\VMware\VMware Workstation\bin\;C:\Python313\Scripts\;C:\Python313\;C:\Windows\system32;C:\Windows;C:\Windows\System32\Wbem;C:\Windows\System32\WindowsPowerShell\v1.0\;C:\Windows\System32\OpenSSH\;C:\Program Files (x86)\Intel\Intel(R) Management Engine Components\DAL;C:\Program Files\Intel\Intel(R) Management Engine Components\DAL;C:\Program Files (x86)\NVIDIA Corporation\PhysX\Common;C:\WINDOWS\system32;C:\WINDOWS;C:\WINDOWS\System32\Wbem;C:\WINDOWS\System32\WindowsPowerShell\v1.0\;C:\WINDOWS\System32\OpenSSH\;C:\Program Files\PuTTY\;C:\Program Files\NVIDIA Corporation\NVIDIA app\NvDLISR;C:\Program Files\nodejs\;C:\ProgramData\chocolatey\bin;C:\Program Files\Git\cmd;C:\msys64\ucrt64\bin;C:\Program Files\Java\jdk-21\bin;C:\Users\emrek\AppData\Local\Programs\Microsoft VS Code\bin;C:\Users\emrek\AppData\Local\Microsoft\WindowsApps;C:\Users\emrek\AppData\Roaming\npm;%Java_Home\bin;C:\Program Files\Java\jdk-21\bin;C:\msys64\ucrt64\bin;C:\Program Files\Java\jdk-21\bin;C:\Users\emrek\AppData\Local\Programs\Microsoft VS Code\bin;C:\Users\emrek\AppData\Local\Microsoft\WindowsApps;C:\Users\emrek\AppData\Roaming\npm;%Java_Home\bin;
[DEBUG] env.PATHEXT: .COM;.EXE;.BAT;.CMD;.VBS;.VBE;.JS;.JSE;.WSF;.WSH;.MSC;.PY;.PYW;.CPL
[DEBUG] env.PROCESSOR_ARCHITECTURE: AMD64
[DEBUG] env.PROCESSOR_IDENTIFIER: Intel64 Family 6 Model 158 Stepping 10, GenuineIntel
[DEBUG] env.PROCESSOR_LEVEL: 6
[DEBUG] env.PROCESSOR_REVISION: 9e0a
[DEBUG] env.PROCESS_LAUNCHED_BY_CW: 1
[DEBUG] env.PROCESS_LAUNCHED_BY_Q: 1
[DEBUG] env.PROGRAMDATA: C:\ProgramData
[DEBUG] env.PROGRAMFILES: C:\Program Files
[DEBUG] env.PROGRAMFILES(X86): C:\Program Files (x86)
[DEBUG] env.PROGRAMW6432: C:\Program Files
[DEBUG] env.PROMPT: $P$G
[DEBUG] env.PSEXECUTIONPOLICYPREFERENCE: Bypass
[DEBUG] env.PSMODULEPATH: C:\Users\emrek\OneDrive\Belgeler\WindowsPowerShell\Modules;C:\Program Files\WindowsPowerShell\Modules;C:\WINDOWS\system32\WindowsPowerShell\v1.0\Modules
[DEBUG] env.PT8HOME: C:\Program Files\Cisco Packet Tracer 8.2.2
[DEBUG] env.PUBLIC: C:\Users\Public
[DEBUG] env.SESSIONNAME: Console
[DEBUG] env.SYSTEMDRIVE: C:
[DEBUG] env.SYSTEMROOT: C:\WINDOWS
[DEBUG] env.TEMP: C:\Users\emrek\AppData\Local\Temp
[DEBUG] env.TERM: xterm
[DEBUG] env.TERMINAL_EMULATOR: JetBrains-JediTerm
[DEBUG] env.TERM_SESSION_ID: 55565d36-8c0a-43f6-9e42-d8b3b579670e
[DEBUG] env.TMP: C:\Users\emrek\AppData\Local\Temp
[DEBUG] env.USERDOMAIN: LAPTOP-338EH98E
[DEBUG] env.USERDOMAIN_ROAMINGPROFILE: LAPTOP-338EH98E
[DEBUG] env.USERNAME: emrek
[DEBUG] env.USERPROFILE: C:\Users\emrek
[DEBUG] env.VBOX_MSI_INSTALL_PATH: C:\Program Files\Oracle\VirtualBox\
[DEBUG] env.WDIR: C:\Users\emrek\IdeaProjects\MyBooks
[DEBUG] env.WINDIR: C:\WINDOWS
[DEBUG] env.__MVNW_CMD__: C:\Users\emrek/.m2/wrapper/dists/apache-maven-3.9.12/59fe215c0ad6947fea90184bf7add084544567b927287592651fda3782e0e798/bin/mvn.cmd
[DEBUG] file.encoding: UTF-8
[DEBUG] file.separator: \
[DEBUG] flyway.version: 9.22.3
[DEBUG] freemarker.version: 2.3.32
[DEBUG] git-commit-id-maven-plugin.version: 6.0.0
[DEBUG] glassfish-jaxb.version: 4.0.4
[DEBUG] glassfish-jstl.version: 3.0.1
[DEBUG] graphql-java.version: 21.3
[DEBUG] groovy.version: 4.0.16
[DEBUG] gson.version: 2.10.1
[DEBUG] h2.version: 2.2.224
[DEBUG] hamcrest.version: 2.2
[DEBUG] hazelcast.version: 5.3.6
[DEBUG] hibernate-validator.version: 8.0.1.Final
[DEBUG] hibernate.version: 6.4.1.Final
[DEBUG] hikaricp.version: 5.0.1
[DEBUG] hsqldb.version: 2.7.2
[DEBUG] htmlunit.version: 2.70.0
[DEBUG] httpasyncclient.version: 4.1.5
[DEBUG] httpclient5.version: 5.2.3
[DEBUG] httpcore.version: 4.4.16
[DEBUG] httpcore5.version: 5.2.4
[DEBUG] infinispan.version: 14.0.21.Final
[DEBUG] influxdb-java.version: 2.23
[DEBUG] jackson-bom.version: 2.15.3
[DEBUG] jakarta-activation.version: 2.1.2
[DEBUG] jakarta-annotation.version: 2.1.1
[DEBUG] jakarta-jms.version: 3.1.0
[DEBUG] jakarta-json-bind.version: 3.0.0
[DEBUG] jakarta-json.version: 2.1.3
[DEBUG] jakarta-mail.version: 2.1.2
[DEBUG] jakarta-management.version: 1.1.4
[DEBUG] jakarta-persistence.version: 3.1.0
[DEBUG] jakarta-servlet-jsp-jstl.version: 3.0.0
[DEBUG] jakarta-servlet.version: 6.0.0
[DEBUG] jakarta-transaction.version: 2.0.1
[DEBUG] jakarta-validation.version: 3.0.2
[DEBUG] jakarta-websocket.version: 2.1.1
[DEBUG] jakarta-ws-rs.version: 3.1.0
[DEBUG] jakarta-xml-bind.version: 4.0.1
[DEBUG] jakarta-xml-soap.version: 3.0.1
[DEBUG] jakarta-xml-ws.version: 4.0.1
[DEBUG] janino.version: 3.1.11
[DEBUG] java.class.path: C:\Users\emrek\.m2\wrapper\dists\apache-maven-3.9.12\59fe215c0ad6947fea90184bf7add084544567b927287592651fda3782e0e798\boot\plexus-classworlds-2.9.0.jar
[DEBUG] java.class.version: 65.0
[DEBUG] java.home: C:\Program Files\Eclipse Adoptium\jdk-21.0.9.10-hotspot
[DEBUG] java.io.tmpdir: C:\Users\emrek\AppData\Local\Temp\
[DEBUG] java.library.path: C:\Program Files\Eclipse Adoptium\jdk-21.0.9.10-hotspot\bin;C:\WINDOWS\Sun\Java\bin;C:\WINDOWS\system32;C:\WINDOWS;C:\Program Files\Eclipse Adoptium\jdk-21.0.9.10-hotspot\bin;C:\Program Files\Eclipse Adoptium\jdk-25.0.1.8-hotspot\bin;C:\Program Files (x86)\VMware\VMware Workstation\bin\;C:\Python313\Scripts\;C:\Python313\;C:\Windows\system32;C:\Windows;C:\Windows\System32\Wbem;C:\Windows\System32\WindowsPowerShell\v1.0\;C:\Windows\System32\OpenSSH\;C:\Program Files (x86)\Intel\Intel(R) Management Engine Components\DAL;C:\Program Files\Intel\Intel(R) Management Engine Components\DAL;C:\Program Files (x86)\NVIDIA Corporation\PhysX\Common;C:\WINDOWS\system32;C:\WINDOWS;C:\WINDOWS\System32\Wbem;C:\WINDOWS\System32\WindowsPowerShell\v1.0\;C:\WINDOWS\System32\OpenSSH\;C:\Program Files\PuTTY\;C:\Program Files\NVIDIA Corporation\NVIDIA app\NvDLISR;C:\Program Files\nodejs\;C:\ProgramData\chocolatey\bin;C:\Program Files\Git\cmd;C:\msys64\ucrt64\bin;C:\Program Files\Java\jdk-21\bin;C:\Users\emrek\AppData\Local\Programs\Microsoft VS Code\bin;C:\Users\emrek\AppData\Local\Microsoft\WindowsApps;C:\Users\emrek\AppData\Roaming\npm;%Java_Home\bin;C:\Program Files\Java\jdk-21\bin;C:\msys64\ucrt64\bin;C:\Program Files\Java\jdk-21\bin;C:\Users\emrek\AppData\Local\Programs\Microsoft VS Code\bin;C:\Users\emrek\AppData\Local\Microsoft\WindowsApps;C:\Users\emrek\AppData\Roaming\npm;%Java_Home\bin;;.
[DEBUG] java.runtime.name: OpenJDK Runtime Environment
[DEBUG] java.runtime.version: 21.0.9+10-LTS
[DEBUG] java.specification.name: Java Platform API Specification
[DEBUG] java.specification.vendor: Oracle Corporation
[DEBUG] java.specification.version: 21
[DEBUG] java.vendor: Eclipse Adoptium
[DEBUG] java.vendor.url: https://adoptium.net/
[DEBUG] java.vendor.url.bug: https://github.com/adoptium/adoptium-support/issues
[DEBUG] java.vendor.version: Temurin-21.0.9+10
[DEBUG] java.version: 21.0.9
[DEBUG] java.version.date: 2025-10-21
[DEBUG] java.vm.compressedOopsMode: Zero based
[DEBUG] java.vm.info: mixed mode, sharing
[DEBUG] java.vm.name: OpenJDK 64-Bit Server VM
[DEBUG] java.vm.specification.name: Java Virtual Machine Specification
[DEBUG] java.vm.specification.vendor: Oracle Corporation
[DEBUG] java.vm.specification.version: 21
[DEBUG] java.vm.vendor: Eclipse Adoptium
[DEBUG] java.vm.version: 21.0.9+10-LTS
[DEBUG] javax-cache.version: 1.1.1
[DEBUG] javax-money.version: 1.1
[DEBUG] jaxen.version: 2.0.0
[DEBUG] jaybird.version: 5.0.3.java11
[DEBUG] jboss-logging.version: 3.5.3.Final
[DEBUG] jdk.debug: release
[DEBUG] jdom2.version: 2.0.6.1
[DEBUG] jedis.version: 5.0.2
[DEBUG] jersey.version: 3.1.5
[DEBUG] jetty-reactive-httpclient.version: 4.0.1
[DEBUG] jetty.version: 12.0.5
[DEBUG] jmustache.version: 1.15
[DEBUG] jooq.version: 3.18.7
[DEBUG] json-path.version: 2.8.0
[DEBUG] json-smart.version: 2.5.0
[DEBUG] jsonassert.version: 1.5.1
[DEBUG] jtds.version: 1.3.1
[DEBUG] junit-jupiter.version: 5.10.1
[DEBUG] junit.version: 4.13.2
[DEBUG] kafka.version: 3.6.1
[DEBUG] kotlin-coroutines.version: 1.7.3
[DEBUG] kotlin-serialization.version: 1.6.2
[DEBUG] kotlin.version: 1.9.21
[DEBUG] lettuce.version: 6.3.0.RELEASE
[DEBUG] library.jansi.path: C:\Users\emrek\.m2\wrapper\dists\apache-maven-3.9.12\59fe215c0ad6947fea90184bf7add084544567b927287592651fda3782e0e798\lib\jansi-native
[DEBUG] line.separator: 

[DEBUG] liquibase.version: 4.24.0
[DEBUG] log4j2.version: 2.21.1
[DEBUG] logback.version: 1.4.14
[DEBUG] lombok.version: 1.18.30
[DEBUG] mariadb.version: 3.2.0
[DEBUG] maven-antrun-plugin.version: 3.1.0
[DEBUG] maven-assembly-plugin.version: 3.6.0
[DEBUG] maven-clean-plugin.version: 3.3.2
[DEBUG] maven-compiler-plugin.version: 3.11.0
[DEBUG] maven-dependency-plugin.version: 3.6.1
[DEBUG] maven-deploy-plugin.version: 3.1.1
[DEBUG] maven-enforcer-plugin.version: 3.4.1
[DEBUG] maven-failsafe-plugin.version: 3.1.2
[DEBUG] maven-help-plugin.version: 3.4.0
[DEBUG] maven-install-plugin.version: 3.1.1
[DEBUG] maven-invoker-plugin.version: 3.6.0
[DEBUG] maven-jar-plugin.version: 3.3.0
[DEBUG] maven-javadoc-plugin.version: 3.6.3
[DEBUG] maven-resources-plugin.version: 3.3.1
[DEBUG] maven-shade-plugin.version: 3.5.1
[DEBUG] maven-source-plugin.version: 3.3.0
[DEBUG] maven-surefire-plugin.version: 3.1.2
[DEBUG] maven-war-plugin.version: 3.4.0
[DEBUG] maven.build.timestamp: 2026-02-02T23:40:07Z
[DEBUG] maven.build.version: Apache Maven 3.9.12 (848fbb4bf2d427b72bdb2471c22fced7ebd9a7a1)
[DEBUG] maven.compiler.release: 17
[DEBUG] maven.conf: C:\Users\emrek\.m2\wrapper\dists\apache-maven-3.9.12\59fe215c0ad6947fea90184bf7add084544567b927287592651fda3782e0e798/conf
[DEBUG] maven.home: C:\Users\emrek\.m2\wrapper\dists\apache-maven-3.9.12\59fe215c0ad6947fea90184bf7add084544567b927287592651fda3782e0e798
[DEBUG] maven.multiModuleProjectDirectory: C:\Users\emrek\IdeaProjects\MyBooks
[DEBUG] maven.version: 3.9.12
[DEBUG] micrometer-tracing.version: 1.2.1
[DEBUG] micrometer.version: 1.12.1
[DEBUG] mockito.version: 5.7.0
[DEBUG] mongodb.version: 4.11.1
[DEBUG] mssql-jdbc.version: 12.4.2.jre11
[DEBUG] mysql.version: 8.1.0
[DEBUG] native-build-tools-plugin.version: 0.9.28
[DEBUG] native.encoding: Cp1254
[DEBUG] nekohtml.version: 1.9.22
[DEBUG] neo4j-java-driver.version: 5.13.0
[DEBUG] netty.version: 4.1.104.Final
[DEBUG] okhttp.version: 4.12.0
[DEBUG] opentelemetry.version: 1.31.0
[DEBUG] oracle-database.version: 23.3.0.23.09
[DEBUG] oracle-r2dbc.version: 1.1.1
[DEBUG] os.arch: amd64
[DEBUG] os.name: Windows 11
[DEBUG] os.version: 10.0
[DEBUG] path.separator: ;
[DEBUG] pooled-jms.version: 3.1.5
[DEBUG] postgresql.version: 42.6.0
[DEBUG] project.baseUri: file:/C:/Users/emrek/IdeaProjects/MyBooks/
[DEBUG] project.build.sourceEncoding: UTF-8
[DEBUG] project.reporting.outputEncoding: UTF-8
[DEBUG] prometheus-client.version: 0.16.0
[DEBUG] pulsar-reactive.version: 0.5.1
[DEBUG] pulsar.version: 3.1.1
[DEBUG] quartz.version: 2.3.2
[DEBUG] querydsl.version: 5.0.0
[DEBUG] r2dbc-h2.version: 1.0.0.RELEASE
[DEBUG] r2dbc-mariadb.version: 1.1.4
[DEBUG] r2dbc-mssql.version: 1.0.2.RELEASE
[DEBUG] r2dbc-mysql.version: 1.0.5
[DEBUG] r2dbc-pool.version: 1.0.1.RELEASE
[DEBUG] r2dbc-postgresql.version: 1.0.3.RELEASE
[DEBUG] r2dbc-proxy.version: 1.1.3.RELEASE
[DEBUG] r2dbc-spi.version: 1.0.0.RELEASE
[DEBUG] rabbit-amqp-client.version: 5.19.0
[DEBUG] rabbit-stream-client.version: 0.14.0
[DEBUG] reactive-streams.version: 1.0.4
[DEBUG] reactor-bom.version: 2023.0.1
[DEBUG] resource.delimiter: @
[DEBUG] rest-assured.version: 5.3.2
[DEBUG] rsocket.version: 1.1.3
[DEBUG] rxjava3.version: 3.1.8
[DEBUG] saaj-impl.version: 3.0.3
[DEBUG] selenium-htmlunit.version: 4.13.0
[DEBUG] selenium.version: 4.14.1
[DEBUG] sendgrid.version: 4.9.3
[DEBUG] slf4j.version: 2.0.9
[DEBUG] snakeyaml.version: 2.2
[DEBUG] spring-amqp.version: 3.1.1
[DEBUG] spring-authorization-server.version: 1.2.1
[DEBUG] spring-batch.version: 5.1.0
[DEBUG] spring-data-bom.version: 2023.1.1
[DEBUG] spring-framework.version: 6.1.2
[DEBUG] spring-graphql.version: 1.2.4
[DEBUG] spring-hateoas.version: 2.2.0
[DEBUG] spring-integration.version: 6.2.1
[DEBUG] spring-kafka.version: 3.1.1
[DEBUG] spring-ldap.version: 3.2.1
[DEBUG] spring-pulsar.version: 1.0.1
[DEBUG] spring-restdocs.version: 3.0.1
[DEBUG] spring-retry.version: 2.0.5
[DEBUG] spring-security.version: 6.2.1
[DEBUG] spring-session.version: 3.2.1
[DEBUG] spring-ws.version: 4.0.9
[DEBUG] sqlite-jdbc.version: 3.43.2.0
[DEBUG] stderr.encoding: cp857
[DEBUG] stdout.encoding: Cp1254
[DEBUG] sun.arch.data.model: 64
[DEBUG] sun.boot.library.path: C:\Program Files\Eclipse Adoptium\jdk-21.0.9.10-hotspot\bin
[DEBUG] sun.cpu.endian: little
[DEBUG] sun.cpu.isalist: amd64
[DEBUG] sun.io.unicode.encoding: UnicodeLittle
[DEBUG] sun.java.command: org.codehaus.plexus.classworlds.launcher.Launcher test -Dtest=AuthIntegrationTest#shouldLoginWithCorrectCredentials -X
[DEBUG] sun.java.launcher: SUN_STANDARD
[DEBUG] sun.jnu.encoding: Cp1254
[DEBUG] sun.management.compiler: HotSpot 64-Bit Tiered Compilers
[DEBUG] sun.os.patch.level: 
[DEBUG] test: AuthIntegrationTest#shouldLoginWithCorrectCredentials
[DEBUG] testcontainers.version: 1.19.3
[DEBUG] thymeleaf-extras-data-attribute.version: 2.0.1
[DEBUG] thymeleaf-extras-springsecurity.version: 3.1.2.RELEASE
[DEBUG] thymeleaf-layout-dialect.version: 3.3.0
[DEBUG] thymeleaf.version: 3.1.2.RELEASE
[DEBUG] tomcat.version: 10.1.17
[DEBUG] unboundid-ldapsdk.version: 6.0.11
[DEBUG] undertow.version: 2.3.10.Final
[DEBUG] user.country: TR
[DEBUG] user.dir: C:\Users\emrek\IdeaProjects\MyBooks
[DEBUG] user.home: C:\Users\emrek
[DEBUG] user.language: tr
[DEBUG] user.name: emrek
[DEBUG] user.script: 
[DEBUG] user.variant: 
[DEBUG] versions-maven-plugin.version: 2.16.2
[DEBUG] webjars-locator-core.version: 0.55
[DEBUG] wsdl4j.version: 1.6.3
[DEBUG] xml-maven-plugin.version: 1.1.0
[DEBUG] xmlunit2.version: 2.9.1
[DEBUG] yasson.version: 3.0.3
[DEBUG] Using 'UTF-8' encoding to copy filtered resources.
[DEBUG] Using 'UTF-8' encoding to copy filtered properties files.
[DEBUG] resource with targetPath null
directory C:\Users\emrek\IdeaProjects\MyBooks\src\test\resources
excludes []
includes []
[DEBUG] ignoreDelta true
[INFO] Copying 1 resource from src\test\resources to target\test-classes
[DEBUG] Copying file application.properties
[DEBUG] file application.properties has a filtered file extension
[DEBUG] Using 'UTF-8' encoding to copy filtered resource 'application.properties'.
[DEBUG] copy C:\Users\emrek\IdeaProjects\MyBooks\src\test\resources\application.properties to C:\Users\emrek\IdeaProjects\MyBooks\target\test-classes\application.properties
[DEBUG] no user filter components
[INFO] 
[INFO] --- compiler:3.11.0:testCompile (default-testCompile) @ mybooks ---
[DEBUG] Loading mojo org.apache.maven.plugins:maven-compiler-plugin:3.11.0:testCompile from plugin realm ClassRealm[plugin>org.apache.maven.plugins:maven-compiler-plugin:3.11.0, parent: jdk.internal.loader.ClassLoaders$AppClassLoader@3d4eac69]
[DEBUG] Configuring mojo execution 'org.apache.maven.plugins:maven-compiler-plugin:3.11.0:testCompile:default-testCompile' with basic configurator -->
[DEBUG]   (f) basedir = C:\Users\emrek\IdeaProjects\MyBooks
[DEBUG]   (f) buildDirectory = C:\Users\emrek\IdeaProjects\MyBooks\target
[DEBUG]   (f) compileSourceRoots = [C:\Users\emrek\IdeaProjects\MyBooks\src\test\java]
[DEBUG]   (f) compilerId = javac
[DEBUG]   (f) createMissingPackageInfoClass = true
[DEBUG]   (f) debug = true
[DEBUG]   (f) debugFileName = javac-test
[DEBUG]   (f) enablePreview = false
[DEBUG]   (f) encoding = UTF-8
[DEBUG]   (f) failOnError = true
[DEBUG]   (f) failOnWarning = false
[DEBUG]   (f) forceJavacCompilerUse = false
[DEBUG]   (f) fork = false
[DEBUG]   (f) generatedTestSourcesDirectory = C:\Users\emrek\IdeaProjects\MyBooks\target\generated-test-sources\test-annotations
[DEBUG]   (f) mojoExecution = org.apache.maven.plugins:maven-compiler-plugin:3.11.0:testCompile {execution: default-testCompile}
[DEBUG]   (f) optimize = false
[DEBUG]   (f) outputDirectory = C:\Users\emrek\IdeaProjects\MyBooks\target\test-classes
[DEBUG]   (f) parameters = true
[DEBUG]   (f) project = MavenProject: com.example:mybooks:0.0.1-SNAPSHOT @ C:\Users\emrek\IdeaProjects\MyBooks\pom.xml
[DEBUG]   (s) release = 17
[DEBUG]   (f) session = org.apache.maven.execution.MavenSession@3fba233d
[DEBUG]   (f) showCompilationChanges = false
[DEBUG]   (f) showDeprecation = false
[DEBUG]   (f) showWarnings = true
[DEBUG]   (f) skipMultiThreadWarning = false
[DEBUG]   (f) source = 1.8
[DEBUG]   (f) staleMillis = 0
[DEBUG]   (s) target = 1.8
[DEBUG]   (f) testPath = [C:\Users\emrek\IdeaProjects\MyBooks\target\test-classes, C:\Users\emrek\IdeaProjects\MyBooks\target\classes, C:\Users\emrek\.m2\repository\org\springframework\boot\spring-boot-starter-web\3.2.1\spring-boot-starter-web-3.2.1.jar, C:\Users\emrek\.m2\repository\org\springframework\boot\spring-boot-starter\3.2.1\spring-boot-starter-3.2.1.jar, C:\Users\emrek\.m2\repository\org\springframework\boot\spring-boot-starter-logging\3.2.1\spring-boot-starter-logging-3.2.1.jar, C:\Users\emrek\.m2\repository\ch\qos\logback\logback-classic\1.4.14\logback-classic-1.4.14.jar, C:\Users\emrek\.m2\repository\ch\qos\logback\logback-core\1.4.14\logback-core-1.4.14.jar, C:\Users\emrek\.m2\repository\org\apache\logging\log4j\log4j-to-slf4j\2.21.1\log4j-to-slf4j-2.21.1.jar, C:\Users\emrek\.m2\repository\org\apache\logging\log4j\log4j-api\2.21.1\log4j-api-2.21.1.jar, C:\Users\emrek\.m2\repository\org\slf4j\jul-to-slf4j\2.0.9\jul-to-slf4j-2.0.9.jar, C:\Users\emrek\.m2\repository\jakarta\annotation\jakarta.annotation-api\2.1.1\jakarta.annotation-api-2.1.1.jar, C:\Users\emrek\.m2\repository\org\yaml\snakeyaml\2.2\snakeyaml-2.2.jar, C:\Users\emrek\.m2\repository\org\springframework\boot\spring-boot-starter-json\3.2.1\spring-boot-starter-json-3.2.1.jar, C:\Users\emrek\.m2\repository\com\fasterxml\jackson\datatype\jackson-datatype-jdk8\2.15.3\jackson-datatype-jdk8-2.15.3.jar, C:\Users\emrek\.m2\repository\com\fasterxml\jackson\datatype\jackson-datatype-jsr310\2.15.3\jackson-datatype-jsr310-2.15.3.jar, C:\Users\emrek\.m2\repository\com\fasterxml\jackson\module\jackson-module-parameter-names\2.15.3\jackson-module-parameter-names-2.15.3.jar, C:\Users\emrek\.m2\repository\org\springframework\boot\spring-boot-starter-tomcat\3.2.1\spring-boot-starter-tomcat-3.2.1.jar, C:\Users\emrek\.m2\repository\org\apache\tomcat\embed\tomcat-embed-core\10.1.17\tomcat-embed-core-10.1.17.jar, C:\Users\emrek\.m2\repository\org\apache\tomcat\embed\tomcat-embed-websocket\10.1.17\tomcat-embed-websocket-10.1.17.jar, C:\Users\emrek\.m2\repository\org\springframework\spring-web\6.1.2\spring-web-6.1.2.jar, C:\Users\emrek\.m2\repository\org\springframework\spring-beans\6.1.2\spring-beans-6.1.2.jar, C:\Users\emrek\.m2\repository\io\micrometer\micrometer-observation\1.12.1\micrometer-observation-1.12.1.jar, C:\Users\emrek\.m2\repository\io\micrometer\micrometer-commons\1.12.1\micrometer-commons-1.12.1.jar, C:\Users\emrek\.m2\repository\org\springframework\spring-webmvc\6.1.2\spring-webmvc-6.1.2.jar, C:\Users\emrek\.m2\repository\org\springframework\spring-context\6.1.2\spring-context-6.1.2.jar, C:\Users\emrek\.m2\repository\org\springframework\spring-expression\6.1.2\spring-expression-6.1.2.jar, C:\Users\emrek\.m2\repository\org\springframework\boot\spring-boot-devtools\3.2.1\spring-boot-devtools-3.2.1.jar, C:\Users\emrek\.m2\repository\org\springframework\boot\spring-boot\3.2.1\spring-boot-3.2.1.jar, C:\Users\emrek\.m2\repository\org\springframework\boot\spring-boot-autoconfigure\3.2.1\spring-boot-autoconfigure-3.2.1.jar, C:\Users\emrek\.m2\repository\org\springframework\boot\spring-boot-starter-data-jpa\3.2.1\spring-boot-starter-data-jpa-3.2.1.jar, C:\Users\emrek\.m2\repository\org\springframework\boot\spring-boot-starter-aop\3.2.1\spring-boot-starter-aop-3.2.1.jar, C:\Users\emrek\.m2\repository\org\aspectj\aspectjweaver\1.9.21\aspectjweaver-1.9.21.jar, C:\Users\emrek\.m2\repository\org\springframework\boot\spring-boot-starter-jdbc\3.2.1\spring-boot-starter-jdbc-3.2.1.jar, C:\Users\emrek\.m2\repository\com\zaxxer\HikariCP\5.0.1\HikariCP-5.0.1.jar, C:\Users\emrek\.m2\repository\org\springframework\spring-jdbc\6.1.2\spring-jdbc-6.1.2.jar, C:\Users\emrek\.m2\repository\org\hibernate\orm\hibernate-core\6.4.1.Final\hibernate-core-6.4.1.Final.jar, C:\Users\emrek\.m2\repository\jakarta\persistence\jakarta.persistence-api\3.1.0\jakarta.persistence-api-3.1.0.jar, C:\Users\emrek\.m2\repository\jakarta\transaction\jakarta.transaction-api\2.0.1\jakarta.transaction-api-2.0.1.jar, C:\Users\emrek\.m2\repository\org\hibernate\common\hibernate-commons-annotations\6.0.6.Final\hibernate-commons-annotations-6.0.6.Final.jar, C:\Users\emrek\.m2\repository\io\smallrye\jandex\3.1.2\jandex-3.1.2.jar, C:\Users\emrek\.m2\repository\com\fasterxml\classmate\1.6.0\classmate-1.6.0.jar, C:\Users\emrek\.m2\repository\net\bytebuddy\byte-buddy\1.14.10\byte-buddy-1.14.10.jar, C:\Users\emrek\.m2\repository\org\glassfish\jaxb\jaxb-runtime\4.0.4\jaxb-runtime-4.0.4.jar, C:\Users\emrek\.m2\repository\org\glassfish\jaxb\jaxb-core\4.0.4\jaxb-core-4.0.4.jar, C:\Users\emrek\.m2\repository\org\eclipse\angus\angus-activation\2.0.1\angus-activation-2.0.1.jar, C:\Users\emrek\.m2\repository\org\glassfish\jaxb\txw2\4.0.4\txw2-4.0.4.jar, C:\Users\emrek\.m2\repository\com\sun\istack\istack-commons-runtime\4.1.2\istack-commons-runtime-4.1.2.jar, C:\Users\emrek\.m2\repository\jakarta\inject\jakarta.inject-api\2.0.1\jakarta.inject-api-2.0.1.jar, C:\Users\emrek\.m2\repository\org\antlr\antlr4-runtime\4.13.0\antlr4-runtime-4.13.0.jar, C:\Users\emrek\.m2\repository\org\springframework\data\spring-data-jpa\3.2.1\spring-data-jpa-3.2.1.jar, C:\Users\emrek\.m2\repository\org\springframework\data\spring-data-commons\3.2.1\spring-data-commons-3.2.1.jar, C:\Users\emrek\.m2\repository\org\springframework\spring-orm\6.1.2\spring-orm-6.1.2.jar, C:\Users\emrek\.m2\repository\org\springframework\spring-tx\6.1.2\spring-tx-6.1.2.jar, C:\Users\emrek\.m2\repository\org\slf4j\slf4j-api\2.0.9\slf4j-api-2.0.9.jar, C:\Users\emrek\.m2\repository\org\springframework\spring-aspects\6.1.2\spring-aspects-6.1.2.jar, C:\Users\emrek\.m2\repository\org\springframework\boot\spring-boot-starter-security\3.2.1\spring-boot-starter-security-3.2.1.jar, C:\Users\emrek\.m2\repository\org\springframework\spring-aop\6.1.2\spring-aop-6.1.2.jar, C:\Users\emrek\.m2\repository\org\springframework\security\spring-security-config\6.2.1\spring-security-config-6.2.1.jar, C:\Users\emrek\.m2\repository\org\springframework\security\spring-security-web\6.2.1\spring-security-web-6.2.1.jar, C:\Users\emrek\.m2\repository\org\springframework\boot\spring-boot-starter-validation\3.2.1\spring-boot-starter-validation-3.2.1.jar, C:\Users\emrek\.m2\repository\org\apache\tomcat\embed\tomcat-embed-el\10.1.17\tomcat-embed-el-10.1.17.jar, C:\Users\emrek\.m2\repository\org\hibernate\validator\hibernate-validator\8.0.1.Final\hibernate-validator-8.0.1.Final.jar, C:\Users\emrek\.m2\repository\jakarta\validation\jakarta.validation-api\3.0.2\jakarta.validation-api-3.0.2.jar, C:\Users\emrek\.m2\repository\org\xerial\sqlite-jdbc\3.47.1.0\sqlite-jdbc-3.47.1.0.jar, C:\Users\emrek\.m2\repository\org\hibernate\orm\hibernate-community-dialects\6.4.1.Final\hibernate-community-dialects-6.4.1.Final.jar, C:\Users\emrek\.m2\repository\org\jboss\logging\jboss-logging\3.5.3.Final\jboss-logging-3.5.3.Final.jar, C:\Users\emrek\.m2\repository\org\flywaydb\flyway-core\9.22.3\flyway-core-9.22.3.jar, C:\Users\emrek\.m2\repository\com\fasterxml\jackson\dataformat\jackson-dataformat-toml\2.15.3\jackson-dataformat-toml-2.15.3.jar, C:\Users\emrek\.m2\repository\com\fasterxml\jackson\core\jackson-core\2.15.3\jackson-core-2.15.3.jar, C:\Users\emrek\.m2\repository\com\google\code\gson\gson\2.10.1\gson-2.10.1.jar, C:\Users\emrek\.m2\repository\io\jsonwebtoken\jjwt-api\0.12.6\jjwt-api-0.12.6.jar, C:\Users\emrek\.m2\repository\io\jsonwebtoken\jjwt-impl\0.12.6\jjwt-impl-0.12.6.jar, C:\Users\emrek\.m2\repository\io\jsonwebtoken\jjwt-jackson\0.12.6\jjwt-jackson-0.12.6.jar, C:\Users\emrek\.m2\repository\com\fasterxml\jackson\core\jackson-databind\2.15.3\jackson-databind-2.15.3.jar, C:\Users\emrek\.m2\repository\com\fasterxml\jackson\core\jackson-annotations\2.15.3\jackson-annotations-2.15.3.jar, C:\Users\emrek\.m2\repository\org\springframework\boot\spring-boot-starter-test\3.2.1\spring-boot-starter-test-3.2.1.jar, C:\Users\emrek\.m2\repository\org\springframework\boot\spring-boot-test\3.2.1\spring-boot-test-3.2.1.jar, C:\Users\emrek\.m2\repository\org\springframework\boot\spring-boot-test-autoconfigure\3.2.1\spring-boot-test-autoconfigure-3.2.1.jar, C:\Users\emrek\.m2\repository\com\jayway\jsonpath\json-path\2.8.0\json-path-2.8.0.jar, C:\Users\emrek\.m2\repository\jakarta\xml\bind\jakarta.xml.bind-api\4.0.1\jakarta.xml.bind-api-4.0.1.jar, C:\Users\emrek\.m2\repository\jakarta\activation\jakarta.activation-api\2.1.2\jakarta.activation-api-2.1.2.jar, C:\Users\emrek\.m2\repository\net\minidev\json-smart\2.5.0\json-smart-2.5.0.jar, C:\Users\emrek\.m2\repository\net\minidev\accessors-smart\2.5.0\accessors-smart-2.5.0.jar, C:\Users\emrek\.m2\repository\org\ow2\asm\asm\9.3\asm-9.3.jar, C:\Users\emrek\.m2\repository\org\assertj\assertj-core\3.24.2\assertj-core-3.24.2.jar, C:\Users\emrek\.m2\repository\org\awaitility\awaitility\4.2.0\awaitility-4.2.0.jar, C:\Users\emrek\.m2\repository\org\hamcrest\hamcrest\2.2\hamcrest-2.2.jar, C:\Users\emrek\.m2\repository\org\junit\jupiter\junit-jupiter\5.10.1\junit-jupiter-5.10.1.jar, C:\Users\emrek\.m2\repository\org\junit\jupiter\junit-jupiter-api\5.10.1\junit-jupiter-api-5.10.1.jar, C:\Users\emrek\.m2\repository\org\opentest4j\opentest4j\1.3.0\opentest4j-1.3.0.jar, C:\Users\emrek\.m2\repository\org\junit\platform\junit-platform-commons\1.10.1\junit-platform-commons-1.10.1.jar, C:\Users\emrek\.m2\repository\org\apiguardian\apiguardian-api\1.1.2\apiguardian-api-1.1.2.jar, C:\Users\emrek\.m2\repository\org\junit\jupiter\junit-jupiter-params\5.10.1\junit-jupiter-params-5.10.1.jar, C:\Users\emrek\.m2\repository\org\junit\jupiter\junit-jupiter-engine\5.10.1\junit-jupiter-engine-5.10.1.jar, C:\Users\emrek\.m2\repository\org\junit\platform\junit-platform-engine\1.10.1\junit-platform-engine-1.10.1.jar, C:\Users\emrek\.m2\repository\org\mockito\mockito-core\5.7.0\mockito-core-5.7.0.jar, C:\Users\emrek\.m2\repository\net\bytebuddy\byte-buddy-agent\1.14.10\byte-buddy-agent-1.14.10.jar, C:\Users\emrek\.m2\repository\org\objenesis\objenesis\3.3\objenesis-3.3.jar, C:\Users\emrek\.m2\repository\org\mockito\mockito-junit-jupiter\5.7.0\mockito-junit-jupiter-5.7.0.jar, C:\Users\emrek\.m2\repository\org\skyscreamer\jsonassert\1.5.1\jsonassert-1.5.1.jar, C:\Users\emrek\.m2\repository\com\vaadin\external\google\android-json\0.0.20131108.vaadin1\android-json-0.0.20131108.vaadin1.jar, C:\Users\emrek\.m2\repository\org\springframework\spring-core\6.1.2\spring-core-6.1.2.jar, C:\Users\emrek\.m2\repository\org\springframework\spring-jcl\6.1.2\spring-jcl-6.1.2.jar, C:\Users\emrek\.m2\repository\org\springframework\spring-test\6.1.2\spring-test-6.1.2.jar, C:\Users\emrek\.m2\repository\org\xmlunit\xmlunit-core\2.9.1\xmlunit-core-2.9.1.jar, C:\Users\emrek\.m2\repository\org\springframework\security\spring-security-test\6.2.1\spring-security-test-6.2.1.jar, C:\Users\emrek\.m2\repository\org\springframework\security\spring-security-core\6.2.1\spring-security-core-6.2.1.jar, C:\Users\emrek\.m2\repository\org\springframework\security\spring-security-crypto\6.2.1\spring-security-crypto-6.2.1.jar]
[DEBUG]   (f) useIncrementalCompilation = true
[DEBUG]   (f) useModulePath = true
[DEBUG]   (f) verbose = false
[DEBUG] -- end configuration --
[DEBUG] Using compiler 'javac'.
[DEBUG] Adding C:\Users\emrek\IdeaProjects\MyBooks\target\generated-test-sources\test-annotations to test-compile source roots:
  C:\Users\emrek\IdeaProjects\MyBooks\src\test\java
[DEBUG] New test-compile source roots:
  C:\Users\emrek\IdeaProjects\MyBooks\src\test\java
  C:\Users\emrek\IdeaProjects\MyBooks\target\generated-test-sources\test-annotations
[DEBUG] CompilerReuseStrategy: reuseCreated
[DEBUG] useIncrementalCompilation enabled
[INFO] Nothing to compile - all classes are up to date
[INFO] 
[INFO] --- surefire:3.1.2:test (default-test) @ mybooks ---
[DEBUG] Using mirror maven-default-http-blocker (http://0.0.0.0/) for jboss-public-repository-group (http://repository.jboss.org/nexus/content/groups/public).
[DEBUG] Dependency collection stats {ConflictMarker.analyzeTime=115600, ConflictMarker.markTime=54900, ConflictMarker.nodeCount=78, ConflictIdSorter.graphTime=119900, ConflictIdSorter.topsortTime=32700, ConflictIdSorter.conflictIdCount=39, ConflictIdSorter.conflictIdCycleCount=0, ConflictResolver.totalTime=2547400, ConflictResolver.conflictItemCount=76, DfDependencyCollector.collectTime=147428100, DfDependencyCollector.transformTime=2901900}
[DEBUG] org.apache.maven.plugins:maven-surefire-plugin:jar:3.1.2
[DEBUG]    org.apache.maven.surefire:maven-surefire-common:jar:3.1.2:compile
[DEBUG]       org.apache.maven.surefire:surefire-api:jar:3.1.2:compile
[DEBUG]          org.apache.maven.surefire:surefire-logger-api:jar:3.1.2:compile
[DEBUG]       org.apache.maven.surefire:surefire-extensions-api:jar:3.1.2:compile
[DEBUG]       org.apache.maven.surefire:surefire-booter:jar:3.1.2:compile
[DEBUG]          org.apache.maven.surefire:surefire-extensions-spi:jar:3.1.2:compile
[DEBUG]       org.eclipse.aether:aether-util:jar:1.0.0.v20140518:compile
[DEBUG]          org.eclipse.aether:aether-api:jar:1.0.0.v20140518:compile
[DEBUG]       org.apache.maven.shared:maven-common-artifact-filters:jar:3.1.1:compile (version managed from default) (exclusions managed from default)
[DEBUG]          org.apache.maven:maven-artifact:jar:3.2.5:provided (scope managed from default) (version managed from default)
[DEBUG]             org.codehaus.plexus:plexus-utils:jar:3.5.0:provided (version managed from default)
[DEBUG]          org.apache.maven:maven-core:jar:3.2.5:provided (scope managed from default) (version managed from default)
[DEBUG]             org.apache.maven:maven-settings:jar:3.2.5:provided (version managed from default)
[DEBUG]             org.apache.maven:maven-settings-builder:jar:3.2.5:provided
[DEBUG]             org.apache.maven:maven-repository-metadata:jar:3.2.5:provided
[DEBUG]             org.apache.maven:maven-model-builder:jar:3.2.5:provided
[DEBUG]             org.apache.maven:maven-aether-provider:jar:3.2.5:provided
[DEBUG]                org.eclipse.aether:aether-spi:jar:1.0.0.v20140518:provided
[DEBUG]             org.eclipse.aether:aether-impl:jar:1.0.0.v20140518:provided
[DEBUG]             org.eclipse.sisu:org.eclipse.sisu.plexus:jar:0.3.5:provided (version managed from default)
[DEBUG]                javax.annotation:javax.annotation-api:jar:1.2:provided
[DEBUG]                javax.enterprise:cdi-api:jar:1.2:provided
[DEBUG]                org.eclipse.sisu:org.eclipse.sisu.inject:jar:0.3.5:provided (version managed from default)
[DEBUG]             org.sonatype.sisu:sisu-guice:jar:no_aop:3.2.3:provided
[DEBUG]                javax.inject:javax.inject:jar:1:provided
[DEBUG]                aopalliance:aopalliance:jar:1.0:provided
[DEBUG]                com.google.guava:guava:jar:16.0.1:provided
[DEBUG]             org.codehaus.plexus:plexus-interpolation:jar:1.21:provided
[DEBUG]             org.codehaus.plexus:plexus-classworlds:jar:2.5.2:provided
[DEBUG]             org.codehaus.plexus:plexus-component-annotations:jar:1.5.5:provided
[DEBUG]             org.sonatype.plexus:plexus-sec-dispatcher:jar:1.3:provided
[DEBUG]                org.sonatype.plexus:plexus-cipher:jar:1.4:provided
[DEBUG]          org.apache.maven:maven-plugin-api:jar:3.2.5:provided (scope managed from default) (version managed from default)
[DEBUG]          commons-io:commons-io:jar:2.12.0:compile (version managed from default)
[DEBUG]       org.codehaus.plexus:plexus-java:jar:1.1.2:compile (version managed from default)
[DEBUG]          org.ow2.asm:asm:jar:9.4:compile
[DEBUG]          com.thoughtworks.qdox:qdox:jar:2.0.3:compile
[DEBUG]       org.apache.maven.surefire:surefire-shared-utils:jar:3.1.2:compile
[DEBUG] Created new class realm plugin>org.apache.maven.plugins:maven-surefire-plugin:3.1.2
[DEBUG] Importing foreign packages into class realm plugin>org.apache.maven.plugins:maven-surefire-plugin:3.1.2
[DEBUG]   Imported:  < maven.api
[DEBUG] Populating class realm plugin>org.apache.maven.plugins:maven-surefire-plugin:3.1.2
[DEBUG]   Included: org.apache.maven.plugins:maven-surefire-plugin:jar:3.1.2
[DEBUG]   Included: org.apache.maven.surefire:maven-surefire-common:jar:3.1.2
[DEBUG]   Included: org.apache.maven.surefire:surefire-api:jar:3.1.2
[DEBUG]   Included: org.apache.maven.surefire:surefire-logger-api:jar:3.1.2
[DEBUG]   Included: org.apache.maven.surefire:surefire-extensions-api:jar:3.1.2
[DEBUG]   Included: org.apache.maven.surefire:surefire-booter:jar:3.1.2
[DEBUG]   Included: org.apache.maven.surefire:surefire-extensions-spi:jar:3.1.2
[DEBUG]   Included: org.apache.maven.shared:maven-common-artifact-filters:jar:3.1.1
[DEBUG]   Included: commons-io:commons-io:jar:2.12.0
[DEBUG]   Included: org.codehaus.plexus:plexus-java:jar:1.1.2
[DEBUG]   Included: org.ow2.asm:asm:jar:9.4
[DEBUG]   Included: com.thoughtworks.qdox:qdox:jar:2.0.3
[DEBUG]   Included: org.apache.maven.surefire:surefire-shared-utils:jar:3.1.2
[DEBUG] Loading mojo org.apache.maven.plugins:maven-surefire-plugin:3.1.2:test from plugin realm ClassRealm[plugin>org.apache.maven.plugins:maven-surefire-plugin:3.1.2, parent: jdk.internal.loader.ClassLoaders$AppClassLoader@3d4eac69]
[DEBUG] Configuring mojo execution 'org.apache.maven.plugins:maven-surefire-plugin:3.1.2:test:default-test' with basic configurator -->
[DEBUG]   (s) additionalClasspathElements = []
[DEBUG]   (s) basedir = C:\Users\emrek\IdeaProjects\MyBooks
[DEBUG]   (s) childDelegation = false
[DEBUG]   (f) classesDirectory = C:\Users\emrek\IdeaProjects\MyBooks\target\classes
[DEBUG]   (s) classpathDependencyExcludes = []
[DEBUG]   (s) dependenciesToScan = []
[DEBUG]   (s) disableXmlReport = false
[DEBUG]   (s) enableAssertions = true
[DEBUG]   (s) encoding = UTF-8
[DEBUG]   (s) excludeJUnit5Engines = []
[DEBUG]   (f) excludedEnvironmentVariables = []
[DEBUG]   (s) excludes = []
[DEBUG]   (s) failIfNoSpecifiedTests = true
[DEBUG]   (s) failIfNoTests = false
[DEBUG]   (s) failOnFlakeCount = 0
[DEBUG]   (f) forkCount = 1
[DEBUG]   (s) forkedProcessExitTimeoutInSeconds = 30
[DEBUG]   (s) includeJUnit5Engines = []
[DEBUG]   (s) includes = []
[DEBUG]   (s) junitArtifactName = junit:junit
[DEBUG]   (f) parallelMavenExecution = false
[DEBUG]   (s) parallelOptimized = true
[DEBUG]   (s) perCoreThreadCount = true
[DEBUG]   (s) pluginArtifactMap = {org.apache.maven.plugins:maven-surefire-plugin=org.apache.maven.plugins:maven-surefire-plugin:maven-plugin:3.1.2:, org.apache.maven.surefire:maven-surefire-common=org.apache.maven.surefire:maven-surefire-common:jar:3.1.2:compile, org.apache.maven.surefire:surefire-api=org.apache.maven.surefire:surefire-api:jar:3.1.2:compile, org.apache.maven.surefire:surefire-logger-api=org.apache.maven.surefire:surefire-logger-api:jar:3.1.2:compile, org.apache.maven.surefire:surefire-extensions-api=org.apache.maven.surefire:surefire-extensions-api:jar:3.1.2:compile, org.apache.maven.surefire:surefire-booter=org.apache.maven.surefire:surefire-booter:jar:3.1.2:compile, org.apache.maven.surefire:surefire-extensions-spi=org.apache.maven.surefire:surefire-extensions-spi:jar:3.1.2:compile, org.eclipse.aether:aether-util=org.eclipse.aether:aether-util:jar:1.0.0.v20140518:compile, org.eclipse.aether:aether-api=org.eclipse.aether:aether-api:jar:1.0.0.v20140518:compile, org.apache.maven.shared:maven-common-artifact-filters=org.apache.maven.shared:maven-common-artifact-filters:jar:3.1.1:compile, commons-io:commons-io=commons-io:commons-io:jar:2.12.0:compile, org.codehaus.plexus:plexus-java=org.codehaus.plexus:plexus-java:jar:1.1.2:compile, org.ow2.asm:asm=org.ow2.asm:asm:jar:9.4:compile, com.thoughtworks.qdox:qdox=com.thoughtworks.qdox:qdox:jar:2.0.3:compile, org.apache.maven.surefire:surefire-shared-utils=org.apache.maven.surefire:surefire-shared-utils:jar:3.1.2:compile}
[DEBUG]   (f) pluginDescriptor = Component Descriptor: role: 'org.apache.maven.plugin.Mojo', implementation: 'org.apache.maven.plugins.maven_surefire_plugin.HelpMojo', role hint: 'org.apache.maven.plugins:maven-surefire-plugin:3.1.2:help'
role: 'org.apache.maven.plugin.Mojo', implementation: 'org.apache.maven.plugin.surefire.SurefirePlugin', role hint: 'org.apache.maven.plugins:maven-surefire-plugin:3.1.2:test'
---
[DEBUG]   (s) printSummary = true
[DEBUG]   (s) project = MavenProject: com.example:mybooks:0.0.1-SNAPSHOT @ C:\Users\emrek\IdeaProjects\MyBooks\pom.xml
[DEBUG]   (s) projectArtifactMap = {org.springframework.boot:spring-boot-starter-web=org.springframework.boot:spring-boot-starter-web:jar:3.2.1:compile, org.springframework.boot:spring-boot-starter=org.springframework.boot:spring-boot-starter:jar:3.2.1:compile, org.springframework.boot:spring-boot-starter-logging=org.springframework.boot:spring-boot-starter-logging:jar:3.2.1:compile, ch.qos.logback:logback-classic=ch.qos.logback:logback-classic:jar:1.4.14:compile, ch.qos.logback:logback-core=ch.qos.logback:logback-core:jar:1.4.14:compile, org.apache.logging.log4j:log4j-to-slf4j=org.apache.logging.log4j:log4j-to-slf4j:jar:2.21.1:compile, org.apache.logging.log4j:log4j-api=org.apache.logging.log4j:log4j-api:jar:2.21.1:compile, org.slf4j:jul-to-slf4j=org.slf4j:jul-to-slf4j:jar:2.0.9:compile, jakarta.annotation:jakarta.annotation-api=jakarta.annotation:jakarta.annotation-api:jar:2.1.1:compile, org.yaml:snakeyaml=org.yaml:snakeyaml:jar:2.2:compile, org.springframework.boot:spring-boot-starter-json=org.springframework.boot:spring-boot-starter-json:jar:3.2.1:compile, com.fasterxml.jackson.datatype:jackson-datatype-jdk8=com.fasterxml.jackson.datatype:jackson-datatype-jdk8:jar:2.15.3:compile, com.fasterxml.jackson.datatype:jackson-datatype-jsr310=com.fasterxml.jackson.datatype:jackson-datatype-jsr310:jar:2.15.3:compile, com.fasterxml.jackson.module:jackson-module-parameter-names=com.fasterxml.jackson.module:jackson-module-parameter-names:jar:2.15.3:compile, org.springframework.boot:spring-boot-starter-tomcat=org.springframework.boot:spring-boot-starter-tomcat:jar:3.2.1:compile, org.apache.tomcat.embed:tomcat-embed-core=org.apache.tomcat.embed:tomcat-embed-core:jar:10.1.17:compile, org.apache.tomcat.embed:tomcat-embed-websocket=org.apache.tomcat.embed:tomcat-embed-websocket:jar:10.1.17:compile, org.springframework:spring-web=org.springframework:spring-web:jar:6.1.2:compile, org.springframework:spring-beans=org.springframework:spring-beans:jar:6.1.2:compile, io.micrometer:micrometer-observation=io.micrometer:micrometer-observation:jar:1.12.1:compile, io.micrometer:micrometer-commons=io.micrometer:micrometer-commons:jar:1.12.1:compile, org.springframework:spring-webmvc=org.springframework:spring-webmvc:jar:6.1.2:compile, org.springframework:spring-context=org.springframework:spring-context:jar:6.1.2:compile, org.springframework:spring-expression=org.springframework:spring-expression:jar:6.1.2:compile, org.springframework.boot:spring-boot-devtools=org.springframework.boot:spring-boot-devtools:jar:3.2.1:runtime, org.springframework.boot:spring-boot=org.springframework.boot:spring-boot:jar:3.2.1:compile, org.springframework.boot:spring-boot-autoconfigure=org.springframework.boot:spring-boot-autoconfigure:jar:3.2.1:compile, org.springframework.boot:spring-boot-starter-data-jpa=org.springframework.boot:spring-boot-starter-data-jpa:jar:3.2.1:compile, org.springframework.boot:spring-boot-starter-aop=org.springframework.boot:spring-boot-starter-aop:jar:3.2.1:compile, org.aspectj:aspectjweaver=org.aspectj:aspectjweaver:jar:1.9.21:compile, org.springframework.boot:spring-boot-starter-jdbc=org.springframework.boot:spring-boot-starter-jdbc:jar:3.2.1:compile, com.zaxxer:HikariCP=com.zaxxer:HikariCP:jar:5.0.1:compile, org.springframework:spring-jdbc=org.springframework:spring-jdbc:jar:6.1.2:compile, org.hibernate.orm:hibernate-core=org.hibernate.orm:hibernate-core:jar:6.4.1.Final:compile, jakarta.persistence:jakarta.persistence-api=jakarta.persistence:jakarta.persistence-api:jar:3.1.0:compile, jakarta.transaction:jakarta.transaction-api=jakarta.transaction:jakarta.transaction-api:jar:2.0.1:compile, org.hibernate.common:hibernate-commons-annotations=org.hibernate.common:hibernate-commons-annotations:jar:6.0.6.Final:runtime, io.smallrye:jandex=io.smallrye:jandex:jar:3.1.2:runtime, com.fasterxml:classmate=com.fasterxml:classmate:jar:1.6.0:compile, net.bytebuddy:byte-buddy=net.bytebuddy:byte-buddy:jar:1.14.10:runtime, org.glassfish.jaxb:jaxb-runtime=org.glassfish.jaxb:jaxb-runtime:jar:4.0.4:runtime, org.glassfish.jaxb:jaxb-core=org.glassfish.jaxb:jaxb-core:jar:4.0.4:runtime, org.eclipse.angus:angus-activation=org.eclipse.angus:angus-activation:jar:2.0.1:runtime, org.glassfish.jaxb:txw2=org.glassfish.jaxb:txw2:jar:4.0.4:runtime, com.sun.istack:istack-commons-runtime=com.sun.istack:istack-commons-runtime:jar:4.1.2:runtime, jakarta.inject:jakarta.inject-api=jakarta.inject:jakarta.inject-api:jar:2.0.1:runtime, org.antlr:antlr4-runtime=org.antlr:antlr4-runtime:jar:4.13.0:compile, org.springframework.data:spring-data-jpa=org.springframework.data:spring-data-jpa:jar:3.2.1:compile, org.springframework.data:spring-data-commons=org.springframework.data:spring-data-commons:jar:3.2.1:compile, org.springframework:spring-orm=org.springframework:spring-orm:jar:6.1.2:compile, org.springframework:spring-tx=org.springframework:spring-tx:jar:6.1.2:compile, org.slf4j:slf4j-api=org.slf4j:slf4j-api:jar:2.0.9:compile, org.springframework:spring-aspects=org.springframework:spring-aspects:jar:6.1.2:compile, org.springframework.boot:spring-boot-starter-security=org.springframework.boot:spring-boot-starter-security:jar:3.2.1:compile, org.springframework:spring-aop=org.springframework:spring-aop:jar:6.1.2:compile, org.springframework.security:spring-security-config=org.springframework.security:spring-security-config:jar:6.2.1:compile, org.springframework.security:spring-security-web=org.springframework.security:spring-security-web:jar:6.2.1:compile, org.springframework.boot:spring-boot-starter-validation=org.springframework.boot:spring-boot-starter-validation:jar:3.2.1:compile, org.apache.tomcat.embed:tomcat-embed-el=org.apache.tomcat.embed:tomcat-embed-el:jar:10.1.17:compile, org.hibernate.validator:hibernate-validator=org.hibernate.validator:hibernate-validator:jar:8.0.1.Final:compile, jakarta.validation:jakarta.validation-api=jakarta.validation:jakarta.validation-api:jar:3.0.2:compile, org.xerial:sqlite-jdbc=org.xerial:sqlite-jdbc:jar:3.47.1.0:compile, org.hibernate.orm:hibernate-community-dialects=org.hibernate.orm:hibernate-community-dialects:jar:6.4.1.Final:compile, org.jboss.logging:jboss-logging=org.jboss.logging:jboss-logging:jar:3.5.3.Final:compile, org.flywaydb:flyway-core=org.flywaydb:flyway-core:jar:9.22.3:compile, com.fasterxml.jackson.dataformat:jackson-dataformat-toml=com.fasterxml.jackson.dataformat:jackson-dataformat-toml:jar:2.15.3:compile, com.fasterxml.jackson.core:jackson-core=com.fasterxml.jackson.core:jackson-core:jar:2.15.3:compile, com.google.code.gson:gson=com.google.code.gson:gson:jar:2.10.1:compile, io.jsonwebtoken:jjwt-api=io.jsonwebtoken:jjwt-api:jar:0.12.6:compile, io.jsonwebtoken:jjwt-impl=io.jsonwebtoken:jjwt-impl:jar:0.12.6:runtime, io.jsonwebtoken:jjwt-jackson=io.jsonwebtoken:jjwt-jackson:jar:0.12.6:runtime, com.fasterxml.jackson.core:jackson-databind=com.fasterxml.jackson.core:jackson-databind:jar:2.15.3:compile, com.fasterxml.jackson.core:jackson-annotations=com.fasterxml.jackson.core:jackson-annotations:jar:2.15.3:compile, org.springframework.boot:spring-boot-starter-test=org.springframework.boot:spring-boot-starter-test:jar:3.2.1:test, org.springframework.boot:spring-boot-test=org.springframework.boot:spring-boot-test:jar:3.2.1:test, org.springframework.boot:spring-boot-test-autoconfigure=org.springframework.boot:spring-boot-test-autoconfigure:jar:3.2.1:test, com.jayway.jsonpath:json-path=com.jayway.jsonpath:json-path:jar:2.8.0:test, jakarta.xml.bind:jakarta.xml.bind-api=jakarta.xml.bind:jakarta.xml.bind-api:jar:4.0.1:runtime, jakarta.activation:jakarta.activation-api=jakarta.activation:jakarta.activation-api:jar:2.1.2:runtime, net.minidev:json-smart=net.minidev:json-smart:jar:2.5.0:test, net.minidev:accessors-smart=net.minidev:accessors-smart:jar:2.5.0:test, org.ow2.asm:asm=org.ow2.asm:asm:jar:9.3:test, org.assertj:assertj-core=org.assertj:assertj-core:jar:3.24.2:test, org.awaitility:awaitility=org.awaitility:awaitility:jar:4.2.0:test, org.hamcrest:hamcrest=org.hamcrest:hamcrest:jar:2.2:test, org.junit.jupiter:junit-jupiter=org.junit.jupiter:junit-jupiter:jar:5.10.1:test, org.junit.jupiter:junit-jupiter-api=org.junit.jupiter:junit-jupiter-api:jar:5.10.1:test, org.opentest4j:opentest4j=org.opentest4j:opentest4j:jar:1.3.0:test, org.junit.platform:junit-platform-commons=org.junit.platform:junit-platform-commons:jar:1.10.1:test, org.apiguardian:apiguardian-api=org.apiguardian:apiguardian-api:jar:1.1.2:test, org.junit.jupiter:junit-jupiter-params=org.junit.jupiter:junit-jupiter-params:jar:5.10.1:test, org.junit.jupiter:junit-jupiter-engine=org.junit.jupiter:junit-jupiter-engine:jar:5.10.1:test, org.junit.platform:junit-platform-engine=org.junit.platform:junit-platform-engine:jar:1.10.1:test, org.mockito:mockito-core=org.mockito:mockito-core:jar:5.7.0:test, net.bytebuddy:byte-buddy-agent=net.bytebuddy:byte-buddy-agent:jar:1.14.10:test, org.objenesis:objenesis=org.objenesis:objenesis:jar:3.3:test, org.mockito:mockito-junit-jupiter=org.mockito:mockito-junit-jupiter:jar:5.7.0:test, org.skyscreamer:jsonassert=org.skyscreamer:jsonassert:jar:1.5.1:test, com.vaadin.external.google:android-json=com.vaadin.external.google:android-json:jar:0.0.20131108.vaadin1:test, org.springframework:spring-core=org.springframework:spring-core:jar:6.1.2:compile, org.springframework:spring-jcl=org.springframework:spring-jcl:jar:6.1.2:compile, org.springframework:spring-test=org.springframework:spring-test:jar:6.1.2:test, org.xmlunit:xmlunit-core=org.xmlunit:xmlunit-core:jar:2.9.1:test, org.springframework.security:spring-security-test=org.springframework.security:spring-security-test:jar:6.2.1:test, org.springframework.security:spring-security-core=org.springframework.security:spring-security-core:jar:6.2.1:compile, org.springframework.security:spring-security-crypto=org.springframework.security:spring-security-crypto:jar:6.2.1:compile}
[DEBUG]   (s) projectBuildDirectory = C:\Users\emrek\IdeaProjects\MyBooks\target
[DEBUG]   (s) redirectTestOutputToFile = false
[DEBUG]   (s) reportFormat = brief
[DEBUG]   (s) reportsDirectory = C:\Users\emrek\IdeaProjects\MyBooks\target\surefire-reports
[DEBUG]   (f) rerunFailingTestsCount = 0
[DEBUG]   (f) reuseForks = true
[DEBUG]   (s) runOrder = filesystem
[DEBUG]   (s) session = org.apache.maven.execution.MavenSession@3fba233d
[DEBUG]   (f) shutdown = exit
[DEBUG]   (s) skip = false
[DEBUG]   (f) skipAfterFailureCount = 0
[DEBUG]   (s) skipTests = false
[DEBUG]   (s) suiteXmlFiles = []
[DEBUG]   (s) tempDir = surefire
[DEBUG]   (s) test = AuthIntegrationTest#shouldLoginWithCorrectCredentials
[DEBUG]   (s) testClassesDirectory = C:\Users\emrek\IdeaProjects\MyBooks\target\test-classes
[DEBUG]   (s) testFailureIgnore = false
[DEBUG]   (s) testNGArtifactName = org.testng:testng
[DEBUG]   (s) testSourceDirectory = C:\Users\emrek\IdeaProjects\MyBooks\src\test\java
[DEBUG]   (s) threadCountClasses = 0
[DEBUG]   (s) threadCountMethods = 0
[DEBUG]   (s) threadCountSuites = 0
[DEBUG]   (s) trimStackTrace = false
[DEBUG]   (s) useFile = true
[DEBUG]   (s) useManifestOnlyJar = true
[DEBUG]   (f) useModulePath = true
[DEBUG]   (s) useSystemClassLoader = true
[DEBUG]   (s) useUnlimitedThreads = false
[DEBUG]   (s) workingDirectory = C:\Users\emrek\IdeaProjects\MyBooks
[DEBUG] -- end configuration --
[DEBUG] Using JVM: C:\Program Files\Eclipse Adoptium\jdk-21.0.9.10-hotspot\bin\java with Java version 21.0
[DEBUG] Resolved included and excluded patterns: AuthIntegrationTest#shouldLoginWithCorrectCredentials
[DEBUG] Surefire report directory: C:\Users\emrek\IdeaProjects\MyBooks\target\surefire-reports
[INFO] Using auto detected provider org.apache.maven.surefire.junitplatform.JUnitPlatformProvider
[DEBUG] Using the provider org.apache.maven.surefire.junitplatform.JUnitPlatformProvider
[DEBUG] Setting system property [basedir]=[C:\Users\emrek\IdeaProjects\MyBooks]
[DEBUG] Setting system property [test]=[AuthIntegrationTest#shouldLoginWithCorrectCredentials]
[DEBUG] Setting system property [localRepository]=[C:\Users\emrek\.m2\repository]
[DEBUG] Dependency collection stats {ConflictMarker.analyzeTime=32900, ConflictMarker.markTime=19000, ConflictMarker.nodeCount=6, ConflictIdSorter.graphTime=93300, ConflictIdSorter.topsortTime=11500, ConflictIdSorter.conflictIdCount=5, ConflictIdSorter.conflictIdCycleCount=0, ConflictResolver.totalTime=194900, ConflictResolver.conflictItemCount=6, DfDependencyCollector.collectTime=3948800, DfDependencyCollector.transformTime=365000}
[DEBUG] Found implementation of fork node factory: org.apache.maven.plugin.surefire.extensions.LegacyForkNodeFactory
[DEBUG] Dependency collection stats {ConflictMarker.analyzeTime=32800, ConflictMarker.markTime=20000, ConflictMarker.nodeCount=14, ConflictIdSorter.graphTime=10500, ConflictIdSorter.topsortTime=10400, ConflictIdSorter.conflictIdCount=10, ConflictIdSorter.conflictIdCycleCount=0, ConflictResolver.totalTime=171400, ConflictResolver.conflictItemCount=14, DfDependencyCollector.collectTime=19508400, DfDependencyCollector.transformTime=258600}
[DEBUG] Resolving artifact org.junit.platform:junit-platform-launcher:1.10.1
[DEBUG] Dependency collection stats {ConflictMarker.analyzeTime=31700, ConflictMarker.markTime=18200, ConflictMarker.nodeCount=7, ConflictIdSorter.graphTime=5900, ConflictIdSorter.topsortTime=8400, ConflictIdSorter.conflictIdCount=5, ConflictIdSorter.conflictIdCycleCount=0, ConflictResolver.totalTime=96500, ConflictResolver.conflictItemCount=7, DfDependencyCollector.collectTime=1861100, DfDependencyCollector.transformTime=172400}
[DEBUG] Resolved artifact org.junit.platform:junit-platform-launcher:1.10.1 to [org.opentest4j:opentest4j:jar:1.3.0, org.apiguardian:apiguardian-api:jar:1.1.2, org.junit.platform:junit-platform-launcher:jar:1.10.1, org.junit.platform:junit-platform-commons:jar:1.10.1, org.junit.platform:junit-platform-engine:jar:1.10.1]
[DEBUG] test classpath:  C:\Users\emrek\IdeaProjects\MyBooks\target\test-classes  C:\Users\emrek\IdeaProjects\MyBooks\target\classes  C:\Users\emrek\.m2\repository\org\springframework\boot\spring-boot-starter-web\3.2.1\spring-boot-starter-web-3.2.1.jar  C:\Users\emrek\.m2\repository\org\springframework\boot\spring-boot-starter\3.2.1\spring-boot-starter-3.2.1.jar  C:\Users\emrek\.m2\repository\org\springframework\boot\spring-boot-starter-logging\3.2.1\spring-boot-starter-logging-3.2.1.jar  C:\Users\emrek\.m2\repository\ch\qos\logback\logback-classic\1.4.14\logback-classic-1.4.14.jar  C:\Users\emrek\.m2\repository\ch\qos\logback\logback-core\1.4.14\logback-core-1.4.14.jar  C:\Users\emrek\.m2\repository\org\apache\logging\log4j\log4j-to-slf4j\2.21.1\log4j-to-slf4j-2.21.1.jar  C:\Users\emrek\.m2\repository\org\apache\logging\log4j\log4j-api\2.21.1\log4j-api-2.21.1.jar  C:\Users\emrek\.m2\repository\org\slf4j\jul-to-slf4j\2.0.9\jul-to-slf4j-2.0.9.jar  C:\Users\emrek\.m2\repository\jakarta\annotation\jakarta.annotation-api\2.1.1\jakarta.annotation-api-2.1.1.jar  C:\Users\emrek\.m2\repository\org\yaml\snakeyaml\2.2\snakeyaml-2.2.jar  C:\Users\emrek\.m2\repository\org\springframework\boot\spring-boot-starter-json\3.2.1\spring-boot-starter-json-3.2.1.jar  C:\Users\emrek\.m2\repository\com\fasterxml\jackson\datatype\jackson-datatype-jdk8\2.15.3\jackson-datatype-jdk8-2.15.3.jar  C:\Users\emrek\.m2\repository\com\fasterxml\jackson\datatype\jackson-datatype-jsr310\2.15.3\jackson-datatype-jsr310-2.15.3.jar  C:\Users\emrek\.m2\repository\com\fasterxml\jackson\module\jackson-module-parameter-names\2.15.3\jackson-module-parameter-names-2.15.3.jar  C:\Users\emrek\.m2\repository\org\springframework\boot\spring-boot-starter-tomcat\3.2.1\spring-boot-starter-tomcat-3.2.1.jar  C:\Users\emrek\.m2\repository\org\apache\tomcat\embed\tomcat-embed-core\10.1.17\tomcat-embed-core-10.1.17.jar  C:\Users\emrek\.m2\repository\org\apache\tomcat\embed\tomcat-embed-websocket\10.1.17\tomcat-embed-websocket-10.1.17.jar  C:\Users\emrek\.m2\repository\org\springframework\spring-web\6.1.2\spring-web-6.1.2.jar  C:\Users\emrek\.m2\repository\org\springframework\spring-beans\6.1.2\spring-beans-6.1.2.jar  C:\Users\emrek\.m2\repository\io\micrometer\micrometer-observation\1.12.1\micrometer-observation-1.12.1.jar  C:\Users\emrek\.m2\repository\io\micrometer\micrometer-commons\1.12.1\micrometer-commons-1.12.1.jar  C:\Users\emrek\.m2\repository\org\springframework\spring-webmvc\6.1.2\spring-webmvc-6.1.2.jar  C:\Users\emrek\.m2\repository\org\springframework\spring-context\6.1.2\spring-context-6.1.2.jar  C:\Users\emrek\.m2\repository\org\springframework\spring-expression\6.1.2\spring-expression-6.1.2.jar  C:\Users\emrek\.m2\repository\org\springframework\boot\spring-boot-devtools\3.2.1\spring-boot-devtools-3.2.1.jar  C:\Users\emrek\.m2\repository\org\springframework\boot\spring-boot\3.2.1\spring-boot-3.2.1.jar  C:\Users\emrek\.m2\repository\org\springframework\boot\spring-boot-autoconfigure\3.2.1\spring-boot-autoconfigure-3.2.1.jar  C:\Users\emrek\.m2\repository\org\springframework\boot\spring-boot-starter-data-jpa\3.2.1\spring-boot-starter-data-jpa-3.2.1.jar  C:\Users\emrek\.m2\repository\org\springframework\boot\spring-boot-starter-aop\3.2.1\spring-boot-starter-aop-3.2.1.jar  C:\Users\emrek\.m2\repository\org\aspectj\aspectjweaver\1.9.21\aspectjweaver-1.9.21.jar  C:\Users\emrek\.m2\repository\org\springframework\boot\spring-boot-starter-jdbc\3.2.1\spring-boot-starter-jdbc-3.2.1.jar  C:\Users\emrek\.m2\repository\com\zaxxer\HikariCP\5.0.1\HikariCP-5.0.1.jar  C:\Users\emrek\.m2\repository\org\springframework\spring-jdbc\6.1.2\spring-jdbc-6.1.2.jar  C:\Users\emrek\.m2\repository\org\hibernate\orm\hibernate-core\6.4.1.Final\hibernate-core-6.4.1.Final.jar  C:\Users\emrek\.m2\repository\jakarta\persistence\jakarta.persistence-api\3.1.0\jakarta.persistence-api-3.1.0.jar  C:\Users\emrek\.m2\repository\jakarta\transaction\jakarta.transaction-api\2.0.1\jakarta.transaction-api-2.0.1.jar  C:\Users\emrek\.m2\repository\org\hibernate\common\hibernate-commons-annotations\6.0.6.Final\hibernate-commons-annotations-6.0.6.Final.jar  C:\Users\emrek\.m2\repository\io\smallrye\jandex\3.1.2\jandex-3.1.2.jar  C:\Users\emrek\.m2\repository\com\fasterxml\classmate\1.6.0\classmate-1.6.0.jar  C:\Users\emrek\.m2\repository\net\bytebuddy\byte-buddy\1.14.10\byte-buddy-1.14.10.jar  C:\Users\emrek\.m2\repository\org\glassfish\jaxb\jaxb-runtime\4.0.4\jaxb-runtime-4.0.4.jar  C:\Users\emrek\.m2\repository\org\glassfish\jaxb\jaxb-core\4.0.4\jaxb-core-4.0.4.jar  C:\Users\emrek\.m2\repository\org\eclipse\angus\angus-activation\2.0.1\angus-activation-2.0.1.jar  C:\Users\emrek\.m2\repository\org\glassfish\jaxb\txw2\4.0.4\txw2-4.0.4.jar  C:\Users\emrek\.m2\repository\com\sun\istack\istack-commons-runtime\4.1.2\istack-commons-runtime-4.1.2.jar  C:\Users\emrek\.m2\repository\jakarta\inject\jakarta.inject-api\2.0.1\jakarta.inject-api-2.0.1.jar  C:\Users\emrek\.m2\repository\org\antlr\antlr4-runtime\4.13.0\antlr4-runtime-4.13.0.jar  C:\Users\emrek\.m2\repository\org\springframework\data\spring-data-jpa\3.2.1\spring-data-jpa-3.2.1.jar  C:\Users\emrek\.m2\repository\org\springframework\data\spring-data-commons\3.2.1\spring-data-commons-3.2.1.jar  C:\Users\emrek\.m2\repository\org\springframework\spring-orm\6.1.2\spring-orm-6.1.2.jar  C:\Users\emrek\.m2\repository\org\springframework\spring-tx\6.1.2\spring-tx-6.1.2.jar  C:\Users\emrek\.m2\repository\org\slf4j\slf4j-api\2.0.9\slf4j-api-2.0.9.jar  C:\Users\emrek\.m2\repository\org\springframework\spring-aspects\6.1.2\spring-aspects-6.1.2.jar  C:\Users\emrek\.m2\repository\org\springframework\boot\spring-boot-starter-security\3.2.1\spring-boot-starter-security-3.2.1.jar  C:\Users\emrek\.m2\repository\org\springframework\spring-aop\6.1.2\spring-aop-6.1.2.jar  C:\Users\emrek\.m2\repository\org\springframework\security\spring-security-config\6.2.1\spring-security-config-6.2.1.jar  C:\Users\emrek\.m2\repository\org\springframework\security\spring-security-web\6.2.1\spring-security-web-6.2.1.jar  C:\Users\emrek\.m2\repository\org\springframework\boot\spring-boot-starter-validation\3.2.1\spring-boot-starter-validation-3.2.1.jar  C:\Users\emrek\.m2\repository\org\apache\tomcat\embed\tomcat-embed-el\10.1.17\tomcat-embed-el-10.1.17.jar  C:\Users\emrek\.m2\repository\org\hibernate\validator\hibernate-validator\8.0.1.Final\hibernate-validator-8.0.1.Final.jar  C:\Users\emrek\.m2\repository\jakarta\validation\jakarta.validation-api\3.0.2\jakarta.validation-api-3.0.2.jar  C:\Users\emrek\.m2\repository\org\xerial\sqlite-jdbc\3.47.1.0\sqlite-jdbc-3.47.1.0.jar  C:\Users\emrek\.m2\repository\org\hibernate\orm\hibernate-community-dialects\6.4.1.Final\hibernate-community-dialects-6.4.1.Final.jar  C:\Users\emrek\.m2\repository\org\jboss\logging\jboss-logging\3.5.3.Final\jboss-logging-3.5.3.Final.jar  C:\Users\emrek\.m2\repository\org\flywaydb\flyway-core\9.22.3\flyway-core-9.22.3.jar  C:\Users\emrek\.m2\repository\com\fasterxml\jackson\dataformat\jackson-dataformat-toml\2.15.3\jackson-dataformat-toml-2.15.3.jar  C:\Users\emrek\.m2\repository\com\fasterxml\jackson\core\jackson-core\2.15.3\jackson-core-2.15.3.jar  C:\Users\emrek\.m2\repository\com\google\code\gson\gson\2.10.1\gson-2.10.1.jar  C:\Users\emrek\.m2\repository\io\jsonwebtoken\jjwt-api\0.12.6\jjwt-api-0.12.6.jar  C:\Users\emrek\.m2\repository\io\jsonwebtoken\jjwt-impl\0.12.6\jjwt-impl-0.12.6.jar  C:\Users\emrek\.m2\repository\io\jsonwebtoken\jjwt-jackson\0.12.6\jjwt-jackson-0.12.6.jar  C:\Users\emrek\.m2\repository\com\fasterxml\jackson\core\jackson-databind\2.15.3\jackson-databind-2.15.3.jar  C:\Users\emrek\.m2\repository\com\fasterxml\jackson\core\jackson-annotations\2.15.3\jackson-annotations-2.15.3.jar  C:\Users\emrek\.m2\repository\org\springframework\boot\spring-boot-starter-test\3.2.1\spring-boot-starter-test-3.2.1.jar  C:\Users\emrek\.m2\repository\org\springframework\boot\spring-boot-test\3.2.1\spring-boot-test-3.2.1.jar  C:\Users\emrek\.m2\repository\org\springframework\boot\spring-boot-test-autoconfigure\3.2.1\spring-boot-test-autoconfigure-3.2.1.jar  C:\Users\emrek\.m2\repository\com\jayway\jsonpath\json-path\2.8.0\json-path-2.8.0.jar  C:\Users\emrek\.m2\repository\jakarta\xml\bind\jakarta.xml.bind-api\4.0.1\jakarta.xml.bind-api-4.0.1.jar  C:\Users\emrek\.m2\repository\jakarta\activation\jakarta.activation-api\2.1.2\jakarta.activation-api-2.1.2.jar  C:\Users\emrek\.m2\repository\net\minidev\json-smart\2.5.0\json-smart-2.5.0.jar  C:\Users\emrek\.m2\repository\net\minidev\accessors-smart\2.5.0\accessors-smart-2.5.0.jar  C:\Users\emrek\.m2\repository\org\ow2\asm\asm\9.3\asm-9.3.jar  C:\Users\emrek\.m2\repository\org\assertj\assertj-core\3.24.2\assertj-core-3.24.2.jar  C:\Users\emrek\.m2\repository\org\awaitility\awaitility\4.2.0\awaitility-4.2.0.jar  C:\Users\emrek\.m2\repository\org\hamcrest\hamcrest\2.2\hamcrest-2.2.jar  C:\Users\emrek\.m2\repository\org\junit\jupiter\junit-jupiter\5.10.1\junit-jupiter-5.10.1.jar  C:\Users\emrek\.m2\repository\org\junit\jupiter\junit-jupiter-api\5.10.1\junit-jupiter-api-5.10.1.jar  C:\Users\emrek\.m2\repository\org\opentest4j\opentest4j\1.3.0\opentest4j-1.3.0.jar  C:\Users\emrek\.m2\repository\org\junit\platform\junit-platform-commons\1.10.1\junit-platform-commons-1.10.1.jar  C:\Users\emrek\.m2\repository\org\apiguardian\apiguardian-api\1.1.2\apiguardian-api-1.1.2.jar  C:\Users\emrek\.m2\repository\org\junit\jupiter\junit-jupiter-params\5.10.1\junit-jupiter-params-5.10.1.jar  C:\Users\emrek\.m2\repository\org\junit\jupiter\junit-jupiter-engine\5.10.1\junit-jupiter-engine-5.10.1.jar  C:\Users\emrek\.m2\repository\org\junit\platform\junit-platform-engine\1.10.1\junit-platform-engine-1.10.1.jar  C:\Users\emrek\.m2\repository\org\mockito\mockito-core\5.7.0\mockito-core-5.7.0.jar  C:\Users\emrek\.m2\repository\net\bytebuddy\byte-buddy-agent\1.14.10\byte-buddy-agent-1.14.10.jar  C:\Users\emrek\.m2\repository\org\objenesis\objenesis\3.3\objenesis-3.3.jar  C:\Users\emrek\.m2\repository\org\mockito\mockito-junit-jupiter\5.7.0\mockito-junit-jupiter-5.7.0.jar  C:\Users\emrek\.m2\repository\org\skyscreamer\jsonassert\1.5.1\jsonassert-1.5.1.jar  C:\Users\emrek\.m2\repository\com\vaadin\external\google\android-json\0.0.20131108.vaadin1\android-json-0.0.20131108.vaadin1.jar  C:\Users\emrek\.m2\repository\org\springframework\spring-core\6.1.2\spring-core-6.1.2.jar  C:\Users\emrek\.m2\repository\org\springframework\spring-jcl\6.1.2\spring-jcl-6.1.2.jar  C:\Users\emrek\.m2\repository\org\springframework\spring-test\6.1.2\spring-test-6.1.2.jar  C:\Users\emrek\.m2\repository\org\xmlunit\xmlunit-core\2.9.1\xmlunit-core-2.9.1.jar  C:\Users\emrek\.m2\repository\org\springframework\security\spring-security-test\6.2.1\spring-security-test-6.2.1.jar  C:\Users\emrek\.m2\repository\org\springframework\security\spring-security-core\6.2.1\spring-security-core-6.2.1.jar  C:\Users\emrek\.m2\repository\org\springframework\security\spring-security-crypto\6.2.1\spring-security-crypto-6.2.1.jar
[DEBUG] provider classpath:  C:\Users\emrek\.m2\repository\org\apache\maven\surefire\surefire-junit-platform\3.1.2\surefire-junit-platform-3.1.2.jar  C:\Users\emrek\.m2\repository\org\apache\maven\surefire\surefire-api\3.1.2\surefire-api-3.1.2.jar  C:\Users\emrek\.m2\repository\org\apache\maven\surefire\surefire-logger-api\3.1.2\surefire-logger-api-3.1.2.jar  C:\Users\emrek\.m2\repository\org\apache\maven\surefire\surefire-shared-utils\3.1.2\surefire-shared-utils-3.1.2.jar  C:\Users\emrek\.m2\repository\org\apache\maven\surefire\common-java5\3.1.2\common-java5-3.1.2.jar  C:\Users\emrek\.m2\repository\org\junit\platform\junit-platform-launcher\1.10.1\junit-platform-launcher-1.10.1.jar
[DEBUG] test(compact) classpath:  test-classes  classes  spring-boot-starter-web-3.2.1.jar  spring-boot-starter-3.2.1.jar  spring-boot-starter-logging-3.2.1.jar  logback-classic-1.4.14.jar  logback-core-1.4.14.jar  log4j-to-slf4j-2.21.1.jar  log4j-api-2.21.1.jar  jul-to-slf4j-2.0.9.jar  jakarta.annotation-api-2.1.1.jar  snakeyaml-2.2.jar  spring-boot-starter-json-3.2.1.jar  jackson-datatype-jdk8-2.15.3.jar  jackson-datatype-jsr310-2.15.3.jar  jackson-module-parameter-names-2.15.3.jar  spring-boot-starter-tomcat-3.2.1.jar  tomcat-embed-core-10.1.17.jar  tomcat-embed-websocket-10.1.17.jar  spring-web-6.1.2.jar  spring-beans-6.1.2.jar  micrometer-observation-1.12.1.jar  micrometer-commons-1.12.1.jar  spring-webmvc-6.1.2.jar  spring-context-6.1.2.jar  spring-expression-6.1.2.jar  spring-boot-devtools-3.2.1.jar  spring-boot-3.2.1.jar  spring-boot-autoconfigure-3.2.1.jar  spring-boot-starter-data-jpa-3.2.1.jar  spring-boot-starter-aop-3.2.1.jar  aspectjweaver-1.9.21.jar  spring-boot-starter-jdbc-3.2.1.jar  HikariCP-5.0.1.jar  spring-jdbc-6.1.2.jar  hibernate-core-6.4.1.Final.jar  jakarta.persistence-api-3.1.0.jar  jakarta.transaction-api-2.0.1.jar  hibernate-commons-annotations-6.0.6.Final.jar  jandex-3.1.2.jar  classmate-1.6.0.jar  byte-buddy-1.14.10.jar  jaxb-runtime-4.0.4.jar  jaxb-core-4.0.4.jar  angus-activation-2.0.1.jar  txw2-4.0.4.jar  istack-commons-runtime-4.1.2.jar  jakarta.inject-api-2.0.1.jar  antlr4-runtime-4.13.0.jar  spring-data-jpa-3.2.1.jar  spring-data-commons-3.2.1.jar  spring-orm-6.1.2.jar  spring-tx-6.1.2.jar  slf4j-api-2.0.9.jar  spring-aspects-6.1.2.jar  spring-boot-starter-security-3.2.1.jar  spring-aop-6.1.2.jar  spring-security-config-6.2.1.jar  spring-security-web-6.2.1.jar  spring-boot-starter-validation-3.2.1.jar  tomcat-embed-el-10.1.17.jar  hibernate-validator-8.0.1.Final.jar  jakarta.validation-api-3.0.2.jar  sqlite-jdbc-3.47.1.0.jar  hibernate-community-dialects-6.4.1.Final.jar  jboss-logging-3.5.3.Final.jar  flyway-core-9.22.3.jar  jackson-dataformat-toml-2.15.3.jar  jackson-core-2.15.3.jar  gson-2.10.1.jar  jjwt-api-0.12.6.jar  jjwt-impl-0.12.6.jar  jjwt-jackson-0.12.6.jar  jackson-databind-2.15.3.jar  jackson-annotations-2.15.3.jar  spring-boot-starter-test-3.2.1.jar  spring-boot-test-3.2.1.jar  spring-boot-test-autoconfigure-3.2.1.jar  json-path-2.8.0.jar  jakarta.xml.bind-api-4.0.1.jar  jakarta.activation-api-2.1.2.jar  json-smart-2.5.0.jar  accessors-smart-2.5.0.jar  asm-9.3.jar  assertj-core-3.24.2.jar  awaitility-4.2.0.jar  hamcrest-2.2.jar  junit-jupiter-5.10.1.jar  junit-jupiter-api-5.10.1.jar  opentest4j-1.3.0.jar  junit-platform-commons-1.10.1.jar  apiguardian-api-1.1.2.jar  junit-jupiter-params-5.10.1.jar  junit-jupiter-engine-5.10.1.jar  junit-platform-engine-1.10.1.jar  mockito-core-5.7.0.jar  byte-buddy-agent-1.14.10.jar  objenesis-3.3.jar  mockito-junit-jupiter-5.7.0.jar  jsonassert-1.5.1.jar  android-json-0.0.20131108.vaadin1.jar  spring-core-6.1.2.jar  spring-jcl-6.1.2.jar  spring-test-6.1.2.jar  xmlunit-core-2.9.1.jar  spring-security-test-6.2.1.jar  spring-security-core-6.2.1.jar  spring-security-crypto-6.2.1.jar
[DEBUG] provider(compact) classpath:  surefire-junit-platform-3.1.2.jar  surefire-api-3.1.2.jar  surefire-logger-api-3.1.2.jar  surefire-shared-utils-3.1.2.jar  common-java5-3.1.2.jar  junit-platform-launcher-1.10.1.jar
[DEBUG] in-process classpath:  C:\Users\emrek\.m2\repository\org\apache\maven\surefire\surefire-junit-platform\3.1.2\surefire-junit-platform-3.1.2.jar  C:\Users\emrek\.m2\repository\org\apache\maven\surefire\surefire-api\3.1.2\surefire-api-3.1.2.jar  C:\Users\emrek\.m2\repository\org\apache\maven\surefire\surefire-logger-api\3.1.2\surefire-logger-api-3.1.2.jar  C:\Users\emrek\.m2\repository\org\apache\maven\surefire\surefire-shared-utils\3.1.2\surefire-shared-utils-3.1.2.jar  C:\Users\emrek\.m2\repository\org\apache\maven\surefire\common-java5\3.1.2\common-java5-3.1.2.jar  C:\Users\emrek\.m2\repository\org\junit\platform\junit-platform-launcher\1.10.1\junit-platform-launcher-1.10.1.jar  C:\Users\emrek\.m2\repository\org\apache\maven\surefire\maven-surefire-common\3.1.2\maven-surefire-common-3.1.2.jar  C:\Users\emrek\.m2\repository\org\apache\maven\surefire\surefire-booter\3.1.2\surefire-booter-3.1.2.jar  C:\Users\emrek\.m2\repository\org\apache\maven\surefire\surefire-extensions-api\3.1.2\surefire-extensions-api-3.1.2.jar  C:\Users\emrek\.m2\repository\org\apache\maven\surefire\surefire-extensions-spi\3.1.2\surefire-extensions-spi-3.1.2.jar
[DEBUG] in-process(compact) classpath:  surefire-junit-platform-3.1.2.jar  surefire-api-3.1.2.jar  surefire-logger-api-3.1.2.jar  surefire-shared-utils-3.1.2.jar  common-java5-3.1.2.jar  junit-platform-launcher-1.10.1.jar  maven-surefire-common-3.1.2.jar  surefire-booter-3.1.2.jar  surefire-extensions-api-3.1.2.jar  surefire-extensions-spi-3.1.2.jar
[INFO] 
[INFO] -------------------------------------------------------
[INFO]  T E S T S
[INFO] -------------------------------------------------------
[DEBUG] Determined Maven Process ID 17376
[DEBUG] Fork Channel [1] connection string 'pipe://1' for the implementation class org.apache.maven.plugin.surefire.extensions.LegacyForkChannel
[DEBUG] boot classpath:  C:\Users\emrek\.m2\repository\org\apache\maven\surefire\surefire-api\3.1.2\surefire-api-3.1.2.jar  C:\Users\emrek\.m2\repository\org\apache\maven\surefire\surefire-booter\3.1.2\surefire-booter-3.1.2.jar  C:\Users\emrek\.m2\repository\org\apache\maven\surefire\surefire-extensions-spi\3.1.2\surefire-extensions-spi-3.1.2.jar  C:\Users\emrek\.m2\repository\org\apache\maven\surefire\surefire-logger-api\3.1.2\surefire-logger-api-3.1.2.jar  C:\Users\emrek\.m2\repository\org\apache\maven\surefire\surefire-shared-utils\3.1.2\surefire-shared-utils-3.1.2.jar  C:\Users\emrek\IdeaProjects\MyBooks\target\test-classes  C:\Users\emrek\IdeaProjects\MyBooks\target\classes  C:\Users\emrek\.m2\repository\org\springframework\boot\spring-boot-starter-web\3.2.1\spring-boot-starter-web-3.2.1.jar  C:\Users\emrek\.m2\repository\org\springframework\boot\spring-boot-starter\3.2.1\spring-boot-starter-3.2.1.jar  C:\Users\emrek\.m2\repository\org\springframework\boot\spring-boot-starter-logging\3.2.1\spring-boot-starter-logging-3.2.1.jar  C:\Users\emrek\.m2\repository\ch\qos\logback\logback-classic\1.4.14\logback-classic-1.4.14.jar  C:\Users\emrek\.m2\repository\ch\qos\logback\logback-core\1.4.14\logback-core-1.4.14.jar  C:\Users\emrek\.m2\repository\org\apache\logging\log4j\log4j-to-slf4j\2.21.1\log4j-to-slf4j-2.21.1.jar  C:\Users\emrek\.m2\repository\org\apache\logging\log4j\log4j-api\2.21.1\log4j-api-2.21.1.jar  C:\Users\emrek\.m2\repository\org\slf4j\jul-to-slf4j\2.0.9\jul-to-slf4j-2.0.9.jar  C:\Users\emrek\.m2\repository\jakarta\annotation\jakarta.annotation-api\2.1.1\jakarta.annotation-api-2.1.1.jar  C:\Users\emrek\.m2\repository\org\yaml\snakeyaml\2.2\snakeyaml-2.2.jar  C:\Users\emrek\.m2\repository\org\springframework\boot\spring-boot-starter-json\3.2.1\spring-boot-starter-json-3.2.1.jar  C:\Users\emrek\.m2\repository\com\fasterxml\jackson\datatype\jackson-datatype-jdk8\2.15.3\jackson-datatype-jdk8-2.15.3.jar  C:\Users\emrek\.m2\repository\com\fasterxml\jackson\datatype\jackson-datatype-jsr310\2.15.3\jackson-datatype-jsr310-2.15.3.jar  C:\Users\emrek\.m2\repository\com\fasterxml\jackson\module\jackson-module-parameter-names\2.15.3\jackson-module-parameter-names-2.15.3.jar  C:\Users\emrek\.m2\repository\org\springframework\boot\spring-boot-starter-tomcat\3.2.1\spring-boot-starter-tomcat-3.2.1.jar  C:\Users\emrek\.m2\repository\org\apache\tomcat\embed\tomcat-embed-core\10.1.17\tomcat-embed-core-10.1.17.jar  C:\Users\emrek\.m2\repository\org\apache\tomcat\embed\tomcat-embed-websocket\10.1.17\tomcat-embed-websocket-10.1.17.jar  C:\Users\emrek\.m2\repository\org\springframework\spring-web\6.1.2\spring-web-6.1.2.jar  C:\Users\emrek\.m2\repository\org\springframework\spring-beans\6.1.2\spring-beans-6.1.2.jar  C:\Users\emrek\.m2\repository\io\micrometer\micrometer-observation\1.12.1\micrometer-observation-1.12.1.jar  C:\Users\emrek\.m2\repository\io\micrometer\micrometer-commons\1.12.1\micrometer-commons-1.12.1.jar  C:\Users\emrek\.m2\repository\org\springframework\spring-webmvc\6.1.2\spring-webmvc-6.1.2.jar  C:\Users\emrek\.m2\repository\org\springframework\spring-context\6.1.2\spring-context-6.1.2.jar  C:\Users\emrek\.m2\repository\org\springframework\spring-expression\6.1.2\spring-expression-6.1.2.jar  C:\Users\emrek\.m2\repository\org\springframework\boot\spring-boot-devtools\3.2.1\spring-boot-devtools-3.2.1.jar  C:\Users\emrek\.m2\repository\org\springframework\boot\spring-boot\3.2.1\spring-boot-3.2.1.jar  C:\Users\emrek\.m2\repository\org\springframework\boot\spring-boot-autoconfigure\3.2.1\spring-boot-autoconfigure-3.2.1.jar  C:\Users\emrek\.m2\repository\org\springframework\boot\spring-boot-starter-data-jpa\3.2.1\spring-boot-starter-data-jpa-3.2.1.jar  C:\Users\emrek\.m2\repository\org\springframework\boot\spring-boot-starter-aop\3.2.1\spring-boot-starter-aop-3.2.1.jar  C:\Users\emrek\.m2\repository\org\aspectj\aspectjweaver\1.9.21\aspectjweaver-1.9.21.jar  C:\Users\emrek\.m2\repository\org\springframework\boot\spring-boot-starter-jdbc\3.2.1\spring-boot-starter-jdbc-3.2.1.jar  C:\Users\emrek\.m2\repository\com\zaxxer\HikariCP\5.0.1\HikariCP-5.0.1.jar  C:\Users\emrek\.m2\repository\org\springframework\spring-jdbc\6.1.2\spring-jdbc-6.1.2.jar  C:\Users\emrek\.m2\repository\org\hibernate\orm\hibernate-core\6.4.1.Final\hibernate-core-6.4.1.Final.jar  C:\Users\emrek\.m2\repository\jakarta\persistence\jakarta.persistence-api\3.1.0\jakarta.persistence-api-3.1.0.jar  C:\Users\emrek\.m2\repository\jakarta\transaction\jakarta.transaction-api\2.0.1\jakarta.transaction-api-2.0.1.jar  C:\Users\emrek\.m2\repository\org\hibernate\common\hibernate-commons-annotations\6.0.6.Final\hibernate-commons-annotations-6.0.6.Final.jar  C:\Users\emrek\.m2\repository\io\smallrye\jandex\3.1.2\jandex-3.1.2.jar  C:\Users\emrek\.m2\repository\com\fasterxml\classmate\1.6.0\classmate-1.6.0.jar  C:\Users\emrek\.m2\repository\net\bytebuddy\byte-buddy\1.14.10\byte-buddy-1.14.10.jar  C:\Users\emrek\.m2\repository\org\glassfish\jaxb\jaxb-runtime\4.0.4\jaxb-runtime-4.0.4.jar  C:\Users\emrek\.m2\repository\org\glassfish\jaxb\jaxb-core\4.0.4\jaxb-core-4.0.4.jar  C:\Users\emrek\.m2\repository\org\eclipse\angus\angus-activation\2.0.1\angus-activation-2.0.1.jar  C:\Users\emrek\.m2\repository\org\glassfish\jaxb\txw2\4.0.4\txw2-4.0.4.jar  C:\Users\emrek\.m2\repository\com\sun\istack\istack-commons-runtime\4.1.2\istack-commons-runtime-4.1.2.jar  C:\Users\emrek\.m2\repository\jakarta\inject\jakarta.inject-api\2.0.1\jakarta.inject-api-2.0.1.jar  C:\Users\emrek\.m2\repository\org\antlr\antlr4-runtime\4.13.0\antlr4-runtime-4.13.0.jar  C:\Users\emrek\.m2\repository\org\springframework\data\spring-data-jpa\3.2.1\spring-data-jpa-3.2.1.jar  C:\Users\emrek\.m2\repository\org\springframework\data\spring-data-commons\3.2.1\spring-data-commons-3.2.1.jar  C:\Users\emrek\.m2\repository\org\springframework\spring-orm\6.1.2\spring-orm-6.1.2.jar  C:\Users\emrek\.m2\repository\org\springframework\spring-tx\6.1.2\spring-tx-6.1.2.jar  C:\Users\emrek\.m2\repository\org\slf4j\slf4j-api\2.0.9\slf4j-api-2.0.9.jar  C:\Users\emrek\.m2\repository\org\springframework\spring-aspects\6.1.2\spring-aspects-6.1.2.jar  C:\Users\emrek\.m2\repository\org\springframework\boot\spring-boot-starter-security\3.2.1\spring-boot-starter-security-3.2.1.jar  C:\Users\emrek\.m2\repository\org\springframework\spring-aop\6.1.2\spring-aop-6.1.2.jar  C:\Users\emrek\.m2\repository\org\springframework\security\spring-security-config\6.2.1\spring-security-config-6.2.1.jar  C:\Users\emrek\.m2\repository\org\springframework\security\spring-security-web\6.2.1\spring-security-web-6.2.1.jar  C:\Users\emrek\.m2\repository\org\springframework\boot\spring-boot-starter-validation\3.2.1\spring-boot-starter-validation-3.2.1.jar  C:\Users\emrek\.m2\repository\org\apache\tomcat\embed\tomcat-embed-el\10.1.17\tomcat-embed-el-10.1.17.jar  C:\Users\emrek\.m2\repository\org\hibernate\validator\hibernate-validator\8.0.1.Final\hibernate-validator-8.0.1.Final.jar  C:\Users\emrek\.m2\repository\jakarta\validation\jakarta.validation-api\3.0.2\jakarta.validation-api-3.0.2.jar  C:\Users\emrek\.m2\repository\org\xerial\sqlite-jdbc\3.47.1.0\sqlite-jdbc-3.47.1.0.jar  C:\Users\emrek\.m2\repository\org\hibernate\orm\hibernate-community-dialects\6.4.1.Final\hibernate-community-dialects-6.4.1.Final.jar  C:\Users\emrek\.m2\repository\org\jboss\logging\jboss-logging\3.5.3.Final\jboss-logging-3.5.3.Final.jar  C:\Users\emrek\.m2\repository\org\flywaydb\flyway-core\9.22.3\flyway-core-9.22.3.jar  C:\Users\emrek\.m2\repository\com\fasterxml\jackson\dataformat\jackson-dataformat-toml\2.15.3\jackson-dataformat-toml-2.15.3.jar  C:\Users\emrek\.m2\repository\com\fasterxml\jackson\core\jackson-core\2.15.3\jackson-core-2.15.3.jar  C:\Users\emrek\.m2\repository\com\google\code\gson\gson\2.10.1\gson-2.10.1.jar  C:\Users\emrek\.m2\repository\io\jsonwebtoken\jjwt-api\0.12.6\jjwt-api-0.12.6.jar  C:\Users\emrek\.m2\repository\io\jsonwebtoken\jjwt-impl\0.12.6\jjwt-impl-0.12.6.jar  C:\Users\emrek\.m2\repository\io\jsonwebtoken\jjwt-jackson\0.12.6\jjwt-jackson-0.12.6.jar  C:\Users\emrek\.m2\repository\com\fasterxml\jackson\core\jackson-databind\2.15.3\jackson-databind-2.15.3.jar  C:\Users\emrek\.m2\repository\com\fasterxml\jackson\core\jackson-annotations\2.15.3\jackson-annotations-2.15.3.jar  C:\Users\emrek\.m2\repository\org\springframework\boot\spring-boot-starter-test\3.2.1\spring-boot-starter-test-3.2.1.jar  C:\Users\emrek\.m2\repository\org\springframework\boot\spring-boot-test\3.2.1\spring-boot-test-3.2.1.jar  C:\Users\emrek\.m2\repository\org\springframework\boot\spring-boot-test-autoconfigure\3.2.1\spring-boot-test-autoconfigure-3.2.1.jar  C:\Users\emrek\.m2\repository\com\jayway\jsonpath\json-path\2.8.0\json-path-2.8.0.jar  C:\Users\emrek\.m2\repository\jakarta\xml\bind\jakarta.xml.bind-api\4.0.1\jakarta.xml.bind-api-4.0.1.jar  C:\Users\emrek\.m2\repository\jakarta\activation\jakarta.activation-api\2.1.2\jakarta.activation-api-2.1.2.jar  C:\Users\emrek\.m2\repository\net\minidev\json-smart\2.5.0\json-smart-2.5.0.jar  C:\Users\emrek\.m2\repository\net\minidev\accessors-smart\2.5.0\accessors-smart-2.5.0.jar  C:\Users\emrek\.m2\repository\org\ow2\asm\asm\9.3\asm-9.3.jar  C:\Users\emrek\.m2\repository\org\assertj\assertj-core\3.24.2\assertj-core-3.24.2.jar  C:\Users\emrek\.m2\repository\org\awaitility\awaitility\4.2.0\awaitility-4.2.0.jar  C:\Users\emrek\.m2\repository\org\hamcrest\hamcrest\2.2\hamcrest-2.2.jar  C:\Users\emrek\.m2\repository\org\junit\jupiter\junit-jupiter\5.10.1\junit-jupiter-5.10.1.jar  C:\Users\emrek\.m2\repository\org\junit\jupiter\junit-jupiter-api\5.10.1\junit-jupiter-api-5.10.1.jar  C:\Users\emrek\.m2\repository\org\opentest4j\opentest4j\1.3.0\opentest4j-1.3.0.jar  C:\Users\emrek\.m2\repository\org\junit\platform\junit-platform-commons\1.10.1\junit-platform-commons-1.10.1.jar  C:\Users\emrek\.m2\repository\org\apiguardian\apiguardian-api\1.1.2\apiguardian-api-1.1.2.jar  C:\Users\emrek\.m2\repository\org\junit\jupiter\junit-jupiter-params\5.10.1\junit-jupiter-params-5.10.1.jar  C:\Users\emrek\.m2\repository\org\junit\jupiter\junit-jupiter-engine\5.10.1\junit-jupiter-engine-5.10.1.jar  C:\Users\emrek\.m2\repository\org\junit\platform\junit-platform-engine\1.10.1\junit-platform-engine-1.10.1.jar  C:\Users\emrek\.m2\repository\org\mockito\mockito-core\5.7.0\mockito-core-5.7.0.jar  C:\Users\emrek\.m2\repository\net\bytebuddy\byte-buddy-agent\1.14.10\byte-buddy-agent-1.14.10.jar  C:\Users\emrek\.m2\repository\org\objenesis\objenesis\3.3\objenesis-3.3.jar  C:\Users\emrek\.m2\repository\org\mockito\mockito-junit-jupiter\5.7.0\mockito-junit-jupiter-5.7.0.jar  C:\Users\emrek\.m2\repository\org\skyscreamer\jsonassert\1.5.1\jsonassert-1.5.1.jar  C:\Users\emrek\.m2\repository\com\vaadin\external\google\android-json\0.0.20131108.vaadin1\android-json-0.0.20131108.vaadin1.jar  C:\Users\emrek\.m2\repository\org\springframework\spring-core\6.1.2\spring-core-6.1.2.jar  C:\Users\emrek\.m2\repository\org\springframework\spring-jcl\6.1.2\spring-jcl-6.1.2.jar  C:\Users\emrek\.m2\repository\org\springframework\spring-test\6.1.2\spring-test-6.1.2.jar  C:\Users\emrek\.m2\repository\org\xmlunit\xmlunit-core\2.9.1\xmlunit-core-2.9.1.jar  C:\Users\emrek\.m2\repository\org\springframework\security\spring-security-test\6.2.1\spring-security-test-6.2.1.jar  C:\Users\emrek\.m2\repository\org\springframework\security\spring-security-core\6.2.1\spring-security-core-6.2.1.jar  C:\Users\emrek\.m2\repository\org\springframework\security\spring-security-crypto\6.2.1\spring-security-crypto-6.2.1.jar  C:\Users\emrek\.m2\repository\org\apache\maven\surefire\surefire-junit-platform\3.1.2\surefire-junit-platform-3.1.2.jar  C:\Users\emrek\.m2\repository\org\apache\maven\surefire\common-java5\3.1.2\common-java5-3.1.2.jar  C:\Users\emrek\.m2\repository\org\junit\platform\junit-platform-launcher\1.10.1\junit-platform-launcher-1.10.1.jar
[DEBUG] boot(compact) classpath:  surefire-api-3.1.2.jar  surefire-booter-3.1.2.jar  surefire-extensions-spi-3.1.2.jar  surefire-logger-api-3.1.2.jar  surefire-shared-utils-3.1.2.jar  test-classes  classes  spring-boot-starter-web-3.2.1.jar  spring-boot-starter-3.2.1.jar  spring-boot-starter-logging-3.2.1.jar  logback-classic-1.4.14.jar  logback-core-1.4.14.jar  log4j-to-slf4j-2.21.1.jar  log4j-api-2.21.1.jar  jul-to-slf4j-2.0.9.jar  jakarta.annotation-api-2.1.1.jar  snakeyaml-2.2.jar  spring-boot-starter-json-3.2.1.jar  jackson-datatype-jdk8-2.15.3.jar  jackson-datatype-jsr310-2.15.3.jar  jackson-module-parameter-names-2.15.3.jar  spring-boot-starter-tomcat-3.2.1.jar  tomcat-embed-core-10.1.17.jar  tomcat-embed-websocket-10.1.17.jar  spring-web-6.1.2.jar  spring-beans-6.1.2.jar  micrometer-observation-1.12.1.jar  micrometer-commons-1.12.1.jar  spring-webmvc-6.1.2.jar  spring-context-6.1.2.jar  spring-expression-6.1.2.jar  spring-boot-devtools-3.2.1.jar  spring-boot-3.2.1.jar  spring-boot-autoconfigure-3.2.1.jar  spring-boot-starter-data-jpa-3.2.1.jar  spring-boot-starter-aop-3.2.1.jar  aspectjweaver-1.9.21.jar  spring-boot-starter-jdbc-3.2.1.jar  HikariCP-5.0.1.jar  spring-jdbc-6.1.2.jar  hibernate-core-6.4.1.Final.jar  jakarta.persistence-api-3.1.0.jar  jakarta.transaction-api-2.0.1.jar  hibernate-commons-annotations-6.0.6.Final.jar  jandex-3.1.2.jar  classmate-1.6.0.jar  byte-buddy-1.14.10.jar  jaxb-runtime-4.0.4.jar  jaxb-core-4.0.4.jar  angus-activation-2.0.1.jar  txw2-4.0.4.jar  istack-commons-runtime-4.1.2.jar  jakarta.inject-api-2.0.1.jar  antlr4-runtime-4.13.0.jar  spring-data-jpa-3.2.1.jar  spring-data-commons-3.2.1.jar  spring-orm-6.1.2.jar  spring-tx-6.1.2.jar  slf4j-api-2.0.9.jar  spring-aspects-6.1.2.jar  spring-boot-starter-security-3.2.1.jar  spring-aop-6.1.2.jar  spring-security-config-6.2.1.jar  spring-security-web-6.2.1.jar  spring-boot-starter-validation-3.2.1.jar  tomcat-embed-el-10.1.17.jar  hibernate-validator-8.0.1.Final.jar  jakarta.validation-api-3.0.2.jar  sqlite-jdbc-3.47.1.0.jar  hibernate-community-dialects-6.4.1.Final.jar  jboss-logging-3.5.3.Final.jar  flyway-core-9.22.3.jar  jackson-dataformat-toml-2.15.3.jar  jackson-core-2.15.3.jar  gson-2.10.1.jar  jjwt-api-0.12.6.jar  jjwt-impl-0.12.6.jar  jjwt-jackson-0.12.6.jar  jackson-databind-2.15.3.jar  jackson-annotations-2.15.3.jar  spring-boot-starter-test-3.2.1.jar  spring-boot-test-3.2.1.jar  spring-boot-test-autoconfigure-3.2.1.jar  json-path-2.8.0.jar  jakarta.xml.bind-api-4.0.1.jar  jakarta.activation-api-2.1.2.jar  json-smart-2.5.0.jar  accessors-smart-2.5.0.jar  asm-9.3.jar  assertj-core-3.24.2.jar  awaitility-4.2.0.jar  hamcrest-2.2.jar  junit-jupiter-5.10.1.jar  junit-jupiter-api-5.10.1.jar  opentest4j-1.3.0.jar  junit-platform-commons-1.10.1.jar  apiguardian-api-1.1.2.jar  junit-jupiter-params-5.10.1.jar  junit-jupiter-engine-5.10.1.jar  junit-platform-engine-1.10.1.jar  mockito-core-5.7.0.jar  byte-buddy-agent-1.14.10.jar  objenesis-3.3.jar  mockito-junit-jupiter-5.7.0.jar  jsonassert-1.5.1.jar  android-json-0.0.20131108.vaadin1.jar  spring-core-6.1.2.jar  spring-jcl-6.1.2.jar  spring-test-6.1.2.jar  xmlunit-core-2.9.1.jar  spring-security-test-6.2.1.jar  spring-security-core-6.2.1.jar  spring-security-crypto-6.2.1.jar  surefire-junit-platform-3.1.2.jar  common-java5-3.1.2.jar  junit-platform-launcher-1.10.1.jar
[DEBUG] Forking command line: cmd.exe /X /C ""C:\Program Files\Eclipse Adoptium\jdk-21.0.9.10-hotspot\bin\java" -jar C:\Users\emrek\AppData\Local\Temp\surefire17856995528899971540\surefirebooter-20260203004008103_3.jar C:\Users\emrek\AppData\Local\Temp\surefire17856995528899971540 2026-02-03T00-40-07_956-jvmRun1 surefire-20260203004008103_1tmp surefire_0-20260203004008103_2tmp"
[DEBUG] Fork Channel [1] connected to the client.
[INFO] Running com.example.mybooks.integration.AuthIntegrationTest
00:40:09.294 [main] INFO org.springframework.test.context.support.AnnotationConfigContextLoaderUtils -- Could not detect default configuration classes for test class [com.example.mybooks.integration.AuthIntegrationTest]: AuthIntegrationTest does not declare any static, non-private, non-final, nested classes annotated with @Configuration.
00:40:09.441 [main] INFO org.springframework.boot.test.context.SpringBootTestContextBootstrapper -- Found @SpringBootConfiguration com.example.mybooks.MyBooksApplication for test class com.example.mybooks.integration.AuthIntegrationTest
00:40:09.714 [main] INFO org.springframework.boot.devtools.restart.RestartApplicationListener -- Restart disabled due to context in which it is running
00:40:09,107 |-INFO in ch.qos.logback.classic.LoggerContext[default] - This is logback-classic version 1.4.14
00:40:09,110 |-INFO in ch.qos.logback.classic.util.ContextInitializer@648ee871 - Here is a list of configurators discovered as a service, by rank: 
00:40:09,110 |-INFO in ch.qos.logback.classic.util.ContextInitializer@648ee871 -   org.springframework.boot.logging.logback.RootLogLevelConfigurator
00:40:09,110 |-INFO in ch.qos.logback.classic.util.ContextInitializer@648ee871 - They will be invoked in order until ExecutionStatus.DO_NOT_INVOKE_NEXT_IF_ANY is returned.
00:40:09,110 |-INFO in ch.qos.logback.classic.util.ContextInitializer@648ee871 - Constructed configurator of type class org.springframework.boot.logging.logback.RootLogLevelConfigurator
00:40:09,122 |-INFO in ch.qos.logback.classic.util.ContextInitializer@648ee871 - org.springframework.boot.logging.logback.RootLogLevelConfigurator.configure() call lasted 1 milliseconds. ExecutionStatus=INVOKE_NEXT_IF_ANY
00:40:09,122 |-INFO in ch.qos.logback.classic.util.ContextInitializer@648ee871 - Trying to configure with ch.qos.logback.classic.joran.SerializedModelConfigurator
00:40:09,123 |-INFO in ch.qos.logback.classic.util.ContextInitializer@648ee871 - Constructed configurator of type class ch.qos.logback.classic.joran.SerializedModelConfigurator
00:40:09,125 |-INFO in ch.qos.logback.classic.LoggerContext[default] - Could NOT find resource [logback-test.scmo]
00:40:09,125 |-INFO in ch.qos.logback.classic.LoggerContext[default] - Could NOT find resource [logback.scmo]
00:40:09,126 |-INFO in ch.qos.logback.classic.util.ContextInitializer@648ee871 - ch.qos.logback.classic.joran.SerializedModelConfigurator.configure() call lasted 3 milliseconds. ExecutionStatus=INVOKE_NEXT_IF_ANY
00:40:09,126 |-INFO in ch.qos.logback.classic.util.ContextInitializer@648ee871 - Trying to configure with ch.qos.logback.classic.util.DefaultJoranConfigurator
00:40:09,127 |-INFO in ch.qos.logback.classic.util.ContextInitializer@648ee871 - Constructed configurator of type class ch.qos.logback.classic.util.DefaultJoranConfigurator
00:40:09,127 |-INFO in ch.qos.logback.classic.LoggerContext[default] - Could NOT find resource [logback-test.xml]
00:40:09,127 |-INFO in ch.qos.logback.classic.LoggerContext[default] - Could NOT find resource [logback.xml]
00:40:09,127 |-INFO in ch.qos.logback.classic.util.ContextInitializer@648ee871 - ch.qos.logback.classic.util.DefaultJoranConfigurator.configure() call lasted 0 milliseconds. ExecutionStatus=INVOKE_NEXT_IF_ANY
00:40:09,127 |-INFO in ch.qos.logback.classic.util.ContextInitializer@648ee871 - Trying to configure with ch.qos.logback.classic.BasicConfigurator
00:40:09,129 |-INFO in ch.qos.logback.classic.util.ContextInitializer@648ee871 - Constructed configurator of type class ch.qos.logback.classic.BasicConfigurator
00:40:09,129 |-INFO in ch.qos.logback.classic.BasicConfigurator@375b5b7f - Setting up default configuration.
00:40:09,151 |-INFO in ch.qos.logback.classic.util.ContextInitializer@648ee871 - ch.qos.logback.classic.BasicConfigurator.configure() call lasted 22 milliseconds. ExecutionStatus=NEUTRAL
00:40:10,529 |-INFO in ch.qos.logback.core.model.processor.AppenderModelHandler - Processing appender named [CONSOLE]
00:40:10,529 |-INFO in ch.qos.logback.core.model.processor.AppenderModelHandler - About to instantiate appender of type [ch.qos.logback.core.ConsoleAppender]
00:40:10,537 |-INFO in ch.qos.logback.core.model.processor.ImplicitModelHandler - Assuming default type [ch.qos.logback.classic.encoder.PatternLayoutEncoder] for [encoder] property
00:40:10,609 |-INFO in ch.qos.logback.core.model.processor.AppenderModelHandler - Processing appender named [FILE]
00:40:10,609 |-INFO in ch.qos.logback.core.model.processor.AppenderModelHandler - About to instantiate appender of type [ch.qos.logback.core.rolling.RollingFileAppender]
00:40:10,689 |-INFO in c.q.l.core.rolling.TimeBasedRollingPolicy@403960809 - No compression will be used
00:40:10,691 |-INFO in c.q.l.core.rolling.TimeBasedRollingPolicy@403960809 - Will use the pattern logs/application-%d{yyyy-MM-dd}.log for the active file
00:40:10,700 |-INFO in c.q.l.core.rolling.DefaultTimeBasedFileNamingAndTriggeringPolicy - The date pattern is 'yyyy-MM-dd' from file name pattern 'logs/application-%d{yyyy-MM-dd}.log'.
00:40:10,700 |-INFO in c.q.l.core.rolling.DefaultTimeBasedFileNamingAndTriggeringPolicy - Roll-over at midnight.
00:40:10,702 |-INFO in c.q.l.core.rolling.DefaultTimeBasedFileNamingAndTriggeringPolicy - Setting initial period to 2026-02-02T23:38:43.768Z
00:40:10,704 |-INFO in ch.qos.logback.core.model.processor.ImplicitModelHandler - Assuming default type [ch.qos.logback.classic.encoder.PatternLayoutEncoder] for [encoder] property
00:40:10,712 |-INFO in ch.qos.logback.core.rolling.RollingFileAppender[FILE] - Active log file name: logs/application.log
00:40:10,712 |-INFO in ch.qos.logback.core.rolling.RollingFileAppender[FILE] - File property is set to [logs/application.log]
00:40:10,714 |-INFO in ch.qos.logback.core.model.processor.AppenderModelHandler - Processing appender named [SECURITY]
00:40:10,714 |-INFO in ch.qos.logback.core.model.processor.AppenderModelHandler - About to instantiate appender of type [ch.qos.logback.core.rolling.RollingFileAppender]
00:40:10,715 |-INFO in c.q.l.core.rolling.TimeBasedRollingPolicy@684429600 - No compression will be used
00:40:10,715 |-INFO in c.q.l.core.rolling.TimeBasedRollingPolicy@684429600 - Will use the pattern logs/security-%d{yyyy-MM-dd}.log for the active file
00:40:10,716 |-INFO in c.q.l.core.rolling.DefaultTimeBasedFileNamingAndTriggeringPolicy - The date pattern is 'yyyy-MM-dd' from file name pattern 'logs/security-%d{yyyy-MM-dd}.log'.
00:40:10,716 |-INFO in c.q.l.core.rolling.DefaultTimeBasedFileNamingAndTriggeringPolicy - Roll-over at midnight.
00:40:10,717 |-INFO in c.q.l.core.rolling.DefaultTimeBasedFileNamingAndTriggeringPolicy - Setting initial period to 2026-01-26T15:01:41.719Z
00:40:10,717 |-INFO in ch.qos.logback.core.model.processor.ImplicitModelHandler - Assuming default type [ch.qos.logback.classic.encoder.PatternLayoutEncoder] for [encoder] property
00:40:10,718 |-INFO in ch.qos.logback.core.rolling.RollingFileAppender[SECURITY] - Active log file name: logs/security.log
00:40:10,718 |-INFO in ch.qos.logback.core.rolling.RollingFileAppender[SECURITY] - File property is set to [logs/security.log]
00:40:10,720 |-WARN in ch.qos.logback.core.model.processor.AppenderModelHandler - Appender named [SUSPICIOUS] not referenced. Skipping further processing.
00:40:10,721 |-INFO in ch.qos.logback.classic.model.processor.LoggerModelHandler - Setting level of logger [com.example.mybooks.security] to INFO
00:40:10,722 |-INFO in ch.qos.logback.classic.jul.LevelChangePropagator@3b152928 - Propagating INFO level on Logger[com.example.mybooks.security] onto the JUL framework
00:40:10,727 |-INFO in ch.qos.logback.classic.model.processor.LoggerModelHandler - Setting additivity of logger [com.example.mybooks.security] to false
00:40:10,727 |-INFO in ch.qos.logback.core.model.processor.AppenderRefModelHandler - Attaching appender named [SECURITY] to Logger[com.example.mybooks.security]
00:40:10,727 |-INFO in ch.qos.logback.core.model.processor.AppenderRefModelHandler - Attaching appender named [CONSOLE] to Logger[com.example.mybooks.security]
00:40:10,727 |-INFO in ch.qos.logback.classic.model.processor.LoggerModelHandler - Setting level of logger [com.example.mybooks.controller.AuthController] to INFO
00:40:10,728 |-INFO in ch.qos.logback.classic.jul.LevelChangePropagator@3b152928 - Propagating INFO level on Logger[com.example.mybooks.controller.AuthController] onto the JUL framework
00:40:10,728 |-INFO in ch.qos.logback.classic.model.processor.LoggerModelHandler - Setting additivity of logger [com.example.mybooks.controller.AuthController] to false
00:40:10,728 |-INFO in ch.qos.logback.core.model.processor.AppenderRefModelHandler - Attaching appender named [SECURITY] to Logger[com.example.mybooks.controller.AuthController]
00:40:10,728 |-INFO in ch.qos.logback.core.model.processor.AppenderRefModelHandler - Attaching appender named [CONSOLE] to Logger[com.example.mybooks.controller.AuthController]
00:40:10,728 |-INFO in ch.qos.logback.classic.model.processor.RootLoggerModelHandler - Setting level of ROOT logger to INFO
00:40:10,728 |-INFO in ch.qos.logback.classic.jul.LevelChangePropagator@3b152928 - Propagating INFO level on Logger[ROOT] onto the JUL framework
00:40:10,728 |-INFO in ch.qos.logback.core.model.processor.AppenderRefModelHandler - Attaching appender named [CONSOLE] to Logger[ROOT]
00:40:10,728 |-INFO in ch.qos.logback.core.model.processor.AppenderRefModelHandler - Attaching appender named [FILE] to Logger[ROOT]
00:40:10,728 |-INFO in ch.qos.logback.core.model.processor.DefaultProcessor@56781d96 - End of configuration.
00:40:10,728 |-INFO in org.springframework.boot.logging.logback.SpringBootJoranConfigurator@5173200b - Registering current configuration as safe fallback point


  .   ____          _            __ _ _
 /\\ / ___'_ __ _ _(_)_ __  __ _ \ \ \ \
( ( )\___ | '_ | '_| | '_ \/ _` | \ \ \ \
 \\/  ___)| |_)| | | | | || (_| |  ) ) ) )
  '  |____| .__|_| |_|_| |_\__, | / / / /
 =========|_|==============|___/=/_/_/_/
 :: Spring Boot ::                (v3.2.1)

2026-02-03 00:40:10.911 [background-preinit] INFO  o.h.validator.internal.util.Version - HV000001: Hibernate Validator 8.0.1.Final
2026-02-03 00:40:13.066 [main] INFO  o.s.d.r.c.RepositoryConfigurationDelegate - Bootstrapping Spring Data JPA repositories in DEFAULT mode.
2026-02-03 00:40:13.209 [main] INFO  o.s.d.r.c.RepositoryConfigurationDelegate - Finished Spring Data repository scanning in 105 ms. Found 4 JPA repository interfaces.
2026-02-03 00:40:14.666 [main] INFO  com.zaxxer.hikari.HikariDataSource - HikariPool-1 - Starting...
2026-02-03 00:40:15.019 [main] INFO  com.zaxxer.hikari.pool.HikariPool - HikariPool-1 - Added connection org.sqlite.jdbc4.JDBC4Connection@3b088163
2026-02-03 00:40:15.023 [main] INFO  com.zaxxer.hikari.HikariDataSource - HikariPool-1 - Start completed.
2026-02-03 00:40:15.151 [main] INFO  o.f.c.i.license.VersionPrinter - Flyway Community Edition 9.22.3 by Redgate
2026-02-03 00:40:15.151 [main] INFO  o.f.c.i.license.VersionPrinter - See release notes here: https://rd.gt/416ObMi
2026-02-03 00:40:15.151 [main] INFO  o.f.c.i.license.VersionPrinter - 
2026-02-03 00:40:15.184 [main] INFO  org.flywaydb.core.FlywayExecutor - Database: jdbc:sqlite::memory: (SQLite 3.47)
2026-02-03 00:40:15.245 [main] INFO  o.f.c.i.s.JdbcTableSchemaHistory - Schema history table "main"."flyway_schema_history" does not exist yet
2026-02-03 00:40:15.251 [main] INFO  o.f.core.internal.command.DbValidate - Successfully validated 5 migrations (execution time 00:00.025s)
2026-02-03 00:40:15.262 [main] INFO  o.f.c.i.s.JdbcTableSchemaHistory - Creating Schema History table "main"."flyway_schema_history" ...
2026-02-03 00:40:15.292 [main] INFO  o.f.core.internal.command.DbMigrate - Current version of schema "main": << Empty Schema >>
2026-02-03 00:40:15.304 [main] INFO  o.f.core.internal.command.DbMigrate - Migrating schema "main" to version "1 - create users table"
2026-02-03 00:40:15.320 [main] INFO  o.f.core.internal.command.DbMigrate - Migrating schema "main" to version "2 - create books table"
2026-02-03 00:40:15.333 [main] INFO  o.f.core.internal.command.DbMigrate - Migrating schema "main" to version "3 - add role to users"
2026-02-03 00:40:15.347 [main] INFO  o.f.core.internal.command.DbMigrate - Migrating schema "main" to version "4 - create notes table"
2026-02-03 00:40:15.354 [main] INFO  o.f.core.internal.command.DbMigrate - Migrating schema "main" to version "5 - create refresh tokens table"
2026-02-03 00:40:15.361 [main] INFO  o.f.core.internal.command.DbMigrate - Successfully applied 5 migrations to schema "main", now at version v5 (execution time 00:00.012s)
2026-02-03 00:40:15.667 [main] INFO  o.h.jpa.internal.util.LogHelper - HHH000204: Processing PersistenceUnitInfo [name: default]
2026-02-03 00:40:15.852 [main] INFO  org.hibernate.Version - HHH000412: Hibernate ORM core version 6.4.1.Final
2026-02-03 00:40:15.950 [main] INFO  o.h.c.i.RegionFactoryInitiator - HHH000026: Second-level cache disabled
2026-02-03 00:40:16.553 [main] INFO  o.s.o.j.p.SpringPersistenceUnitInfo - No LoadTimeWeaver setup: ignoring JPA class transformer
2026-02-03 00:40:18.318 [main] INFO  o.h.e.t.j.p.i.JtaPlatformInitiator - HHH000489: No JTA platform available (set 'hibernate.transaction.jta.platform' to enable JTA platform integration)
2026-02-03 00:40:18.391 [main] INFO  o.s.o.j.LocalContainerEntityManagerFactoryBean - Initialized JPA EntityManagerFactory for persistence unit 'default'
2026-02-03 00:40:19.278 [main] INFO  o.s.d.j.r.query.QueryEnhancerFactory - Hibernate is in classpath; If applicable, HQL parser will be used.
2026-02-03 00:40:20.756 [main] WARN  o.s.b.a.o.j.JpaBaseConfiguration$JpaWebConfiguration - spring.jpa.open-in-view is enabled by default. Therefore, database queries may be performed during view rendering. Explicitly configure spring.jpa.open-in-view to disable this warning
2026-02-03 00:40:21.052 [main] INFO  o.s.b.a.w.s.WelcomePageHandlerMapping - Adding welcome page: class path resource [static/index.html]
2026-02-03 00:40:22.308 [main] INFO  o.s.b.t.m.w.SpringBootMockServletContext - Initializing Spring TestDispatcherServlet ''
2026-02-03 00:40:22.309 [main] INFO  o.s.t.w.s.TestDispatcherServlet - Initializing Servlet ''
2026-02-03 00:40:22.314 [main] INFO  o.s.t.w.s.TestDispatcherServlet - Completed initialization in 4 ms
2026-02-03 00:40:24.860 [main] WARN  SUSPICIOUS_ACTIVITY - SUSPICIOUS_ACTIVITY: type=SERVER_ERROR, details=Endpoint: /api/auth/login, ip=127.0.0.1

MockHttpServletRequest:
      HTTP Method = POST
      Request URI = /api/auth/login
       Parameters = {}
          Headers = [Content-Type:"application/json;charset=UTF-8", Content-Length:"47"]
             Body = {"email":"test@test.com","password":"Test123!"}
    Session Attrs = {}

Handler:
             Type = com.example.mybooks.controller.AuthController
           Method = com.example.mybooks.controller.AuthController#login(LoginRequest, String, HttpServletRequest, HttpServletResponse)

Async:
    Async started = false
     Async result = null

Resolved Exception:
             Type = io.jsonwebtoken.io.DecodingException

ModelAndView:
        View name = null
             View = null
            Model = null

FlashMap:
       Attributes = null

MockHttpServletResponse:
           Status = 500
    Error message = null
          Headers = [Vary:"Origin", "Access-Control-Request-Method", "Access-Control-Request-Headers", X-RateLimit-Remaining:"4", X-RateLimit-Limit:"5", X-Content-Type-Options:"nosniff", X-Frame-Options:"DENY", Content-Security-Policy:"default-src 'self'; script-src 'self' 'unsafe-inline' https://cdn.tailwindcss.com; style-src 'self' 'unsafe-inline' https://cdn.tailwindcss.com; img-src 'self' data:; font-src 'self' data:; connect-src 'self'; frame-ancestors 'none';", Referrer-Policy:"strict-origin-when-cross-origin", X-XSS-Protection:"1; mode=block", Permissions-Policy:"geolocation=(), microphone=(), camera=()", Cache-Control:"no-cache, no-store, must-revalidate", Pragma:"no-cache", Expires:"0", X-API-Version:"1.0.0", Content-Type:"application/json; charset=UTF-8"]
     Content type = application/json; charset=UTF-8
             Body = {"success":false,"message":"Internal server error","timestamp":1770075624861}
    Forwarded URL = null
   Redirected URL = null
          Cookies = []
[ERROR] Tests run: 1, Failures: 1, Errors: 0, Skipped: 0, Time elapsed: 15.90 s <<< FAILURE! -- in com.example.mybooks.integration.AuthIntegrationTest
[ERROR] com.example.mybooks.integration.AuthIntegrationTest.shouldLoginWithCorrectCredentials -- Time elapsed: 2.545 s <<< FAILURE!
java.lang.AssertionError: Status expected:<200> but was:<500>
	at org.springframework.test.util.AssertionErrors.fail(AssertionErrors.java:59)
	at org.springframework.test.util.AssertionErrors.assertEquals(AssertionErrors.java:122)
	at org.springframework.test.web.servlet.result.StatusResultMatchers.lambda$matcher$9(StatusResultMatchers.java:637)
	at org.springframework.test.web.servlet.MockMvc$1.andExpect(MockMvc.java:214)
	at com.example.mybooks.integration.AuthIntegrationTest.shouldLoginWithCorrectCredentials(AuthIntegrationTest.java:139)
	at java.base/java.lang.reflect.Method.invoke(Method.java:580)
	at java.base/java.util.ArrayList.forEach(ArrayList.java:1596)
	at java.base/java.util.ArrayList.forEach(ArrayList.java:1596)

[DEBUG] Closing the fork 1 after saying GoodBye.
[INFO] 
[INFO] Results:
[INFO] 
[ERROR] Failures: 
[ERROR]   AuthIntegrationTest.shouldLoginWithCorrectCredentials:139 Status expected:<200> but was:<500>
[INFO] 
[ERROR] Tests run: 1, Failures: 1, Errors: 0, Skipped: 0
[INFO] 
[INFO] ------------------------------------------------------------------------
[INFO] BUILD FAILURE
[INFO] ------------------------------------------------------------------------
[INFO] Total time:  19.374 s
[INFO] Finished at: 2026-02-03T00:40:25+01:00
[INFO] ------------------------------------------------------------------------
[ERROR] Failed to execute goal org.apache.maven.plugins:maven-surefire-plugin:3.1.2:test (default-test) on project mybooks: There are test failures.
[ERROR] 
[ERROR] Please refer to C:\Users\emrek\IdeaProjects\MyBooks\target\surefire-reports for the individual test results.
[ERROR] Please refer to dump files (if any exist) [date].dump, [date]-jvmRun[N].dump and [date].dumpstream.
[ERROR] -> [Help 1]
org.apache.maven.lifecycle.LifecycleExecutionException: Failed to execute goal org.apache.maven.plugins:maven-surefire-plugin:3.1.2:test (default-test) on project mybooks: There are test failures.

Please refer to C:\Users\emrek\IdeaProjects\MyBooks\target\surefire-reports for the individual test results.
Please refer to dump files (if any exist) [date].dump, [date]-jvmRun[N].dump and [date].dumpstream.
    at org.apache.maven.lifecycle.internal.MojoExecutor.doExecute2 (MojoExecutor.java:333)
    at org.apache.maven.lifecycle.internal.MojoExecutor.doExecute (MojoExecutor.java:316)
    at org.apache.maven.lifecycle.internal.MojoExecutor.execute (MojoExecutor.java:212)
    at org.apache.maven.lifecycle.internal.MojoExecutor.execute (MojoExecutor.java:174)
    at org.apache.maven.lifecycle.internal.MojoExecutor.access$000 (MojoExecutor.java:75)
    at org.apache.maven.lifecycle.internal.MojoExecutor$1.run (MojoExecutor.java:162)
    at org.apache.maven.plugin.DefaultMojosExecutionStrategy.execute (DefaultMojosExecutionStrategy.java:39)
    at org.apache.maven.lifecycle.internal.MojoExecutor.execute (MojoExecutor.java:159)
    at org.apache.maven.lifecycle.internal.LifecycleModuleBuilder.buildProject (LifecycleModuleBuilder.java:105)
    at org.apache.maven.lifecycle.internal.LifecycleModuleBuilder.buildProject (LifecycleModuleBuilder.java:73)
    at org.apache.maven.lifecycle.internal.builder.singlethreaded.SingleThreadedBuilder.build (SingleThreadedBuilder.java:53)
    at org.apache.maven.lifecycle.internal.LifecycleStarter.execute (LifecycleStarter.java:118)
    at org.apache.maven.DefaultMaven.doExecute (DefaultMaven.java:261)
    at org.apache.maven.DefaultMaven.doExecute (DefaultMaven.java:173)
    at org.apache.maven.DefaultMaven.execute (DefaultMaven.java:101)
    at org.apache.maven.cli.MavenCli.execute (MavenCli.java:919)
    at org.apache.maven.cli.MavenCli.doMain (MavenCli.java:285)
    at org.apache.maven.cli.MavenCli.main (MavenCli.java:207)
    at jdk.internal.reflect.DirectMethodHandleAccessor.invoke (DirectMethodHandleAccessor.java:103)
    at java.lang.reflect.Method.invoke (Method.java:580)
    at org.codehaus.plexus.classworlds.launcher.Launcher.launchEnhanced (Launcher.java:255)
    at org.codehaus.plexus.classworlds.launcher.Launcher.launch (Launcher.java:201)
    at org.codehaus.plexus.classworlds.launcher.Launcher.mainWithExitCode (Launcher.java:361)
    at org.codehaus.plexus.classworlds.launcher.Launcher.main (Launcher.java:314)
Caused by: org.apache.maven.plugin.MojoFailureException: There are test failures.

Please refer to C:\Users\emrek\IdeaProjects\MyBooks\target\surefire-reports for the individual test results.
Please refer to dump files (if any exist) [date].dump, [date]-jvmRun[N].dump and [date].dumpstream.
    at org.apache.maven.plugin.surefire.SurefireHelper.throwException (SurefireHelper.java:247)
    at org.apache.maven.plugin.surefire.SurefireHelper.reportExecution (SurefireHelper.java:159)
    at org.apache.maven.plugin.surefire.SurefirePlugin.handleSummary (SurefirePlugin.java:542)
    at org.apache.maven.plugin.surefire.AbstractSurefireMojo.executeAfterPreconditionsChecked (AbstractSurefireMojo.java:1067)
    at org.apache.maven.plugin.surefire.AbstractSurefireMojo.execute (AbstractSurefireMojo.java:871)
    at org.apache.maven.plugin.DefaultBuildPluginManager.executeMojo (DefaultBuildPluginManager.java:126)
    at org.apache.maven.lifecycle.internal.MojoExecutor.doExecute2 (MojoExecutor.java:328)
    at org.apache.maven.lifecycle.internal.MojoExecutor.doExecute (MojoExecutor.java:316)
    at org.apache.maven.lifecycle.internal.MojoExecutor.execute (MojoExecutor.java:212)
    at org.apache.maven.lifecycle.internal.MojoExecutor.execute (MojoExecutor.java:174)
    at org.apache.maven.lifecycle.internal.MojoExecutor.access$000 (MojoExecutor.java:75)
    at org.apache.maven.lifecycle.internal.MojoExecutor$1.run (MojoExecutor.java:162)
    at org.apache.maven.plugin.DefaultMojosExecutionStrategy.execute (DefaultMojosExecutionStrategy.java:39)
    at org.apache.maven.lifecycle.internal.MojoExecutor.execute (MojoExecutor.java:159)
    at org.apache.maven.lifecycle.internal.LifecycleModuleBuilder.buildProject (LifecycleModuleBuilder.java:105)
    at org.apache.maven.lifecycle.internal.LifecycleModuleBuilder.buildProject (LifecycleModuleBuilder.java:73)
    at org.apache.maven.lifecycle.internal.builder.singlethreaded.SingleThreadedBuilder.build (SingleThreadedBuilder.java:53)
    at org.apache.maven.lifecycle.internal.LifecycleStarter.execute (LifecycleStarter.java:118)
    at org.apache.maven.DefaultMaven.doExecute (DefaultMaven.java:261)
    at org.apache.maven.DefaultMaven.doExecute (DefaultMaven.java:173)
    at org.apache.maven.DefaultMaven.execute (DefaultMaven.java:101)
    at org.apache.maven.cli.MavenCli.execute (MavenCli.java:919)
    at org.apache.maven.cli.MavenCli.doMain (MavenCli.java:285)
    at org.apache.maven.cli.MavenCli.main (MavenCli.java:207)
    at jdk.internal.reflect.DirectMethodHandleAccessor.invoke (DirectMethodHandleAccessor.java:103)
    at java.lang.reflect.Method.invoke (Method.java:580)
    at org.codehaus.plexus.classworlds.launcher.Launcher.launchEnhanced (Launcher.java:255)
    at org.codehaus.plexus.classworlds.launcher.Launcher.launch (Launcher.java:201)
    at org.codehaus.plexus.classworlds.launcher.Launcher.mainWithExitCode (Launcher.java:361)
    at org.codehaus.plexus.classworlds.launcher.Launcher.main (Launcher.java:314)
[ERROR] 
[ERROR] 
[ERROR] For more information about the errors and possible solutions, please read the following articles:
[ERROR] [Help 1] http://cwiki.apache.org/confluence/display/MAVEN/MojoFailureException
[DEBUG] Shutting down adapter factory; available factories [file-lock, rwlock-local, semaphore-local, noop]; available name mappers [discriminating, file-gaecv, file-gav, file-hgaecv, file-hgav, file-static, gaecv, gav, static]
[DEBUG] Shutting down 'file-lock' factory
[DEBUG] Shutting down 'rwlock-local' factory
[DEBUG] Shutting down 'semaphore-local' factory
[DEBUG] Shutting down 'noop' factory
